
> urbanhelp-backend@1.0.0 prebuild
> rimraf dist


> urbanhelp-backend@1.0.0 build
> nest build

[96msrc/app.module.ts[0m:[93m27[0m:[93m28[0m - [91merror[0m[90m TS2307: [0mCannot find module './modules/auth/auth.module' or its corresponding type declarations.

[7m27[0m import { AuthModule } from './modules/auth/auth.module';
[7m  [0m [91m                           ~~~~~~~~~~~~~~~~~~~~~~~~~~~~[0m
[96msrc/app.module.ts[0m:[93m32[0m:[93m33[0m - [91merror[0m[90m TS2307: [0mCannot find module './modules/customers/customers.module' or its corresponding type declarations.

[7m32[0m import { CustomersModule } from './modules/customers/customers.module';
[7m  [0m [91m                                ~~~~~~~~~~~~~~~~~~~~~~~~~~~~~~~~~~~~~~[0m
[96msrc/app.module.ts[0m:[93m34[0m:[93m30[0m - [91merror[0m[90m TS2307: [0mCannot find module './modules/search/search.module' or its corresponding type declarations.

[7m34[0m import { SearchModule } from './modules/search/search.module';
[7m  [0m [91m                             ~~~~~~~~~~~~~~~~~~~~~~~~~~~~~~~~[0m
[96msrc/app.module.ts[0m:[93m90[0m:[93m7[0m - [91merror[0m[90m TS2353: [0mObject literal may only specify known properties, and 'config' does not exist in type 'RedisModuleOptions'.

[7m90[0m       config: {
[7m  [0m [91m      ~~~~~~[0m
[96msrc/app.module.ts[0m:[93m94[0m:[93m25[0m - [91merror[0m[90m TS7006: [0mParameter 'times' implicitly has an 'any' type.

[7m94[0m         retryStrategy: (times) => {
[7m  [0m [91m                        ~~~~~[0m
[96msrc/cache/redis.service.ts[0m:[93m10[0m:[93m7[0m - [91merror[0m[90m TS2353: [0mObject literal may only specify known properties, and 'host' does not exist in type 'RedisClientOptions<RedisModules, RedisFunctions, RedisScripts>'.

[7m10[0m       host: process.env.REDIS_HOST || 'localhost',
[7m  [0m [91m      ~~~~[0m
[96msrc/common/common.module.ts[0m:[93m14[0m:[93m10[0m - [91merror[0m[90m TS2305: [0mModule '"./decorators/roles.decorator"' has no exported member 'RolesDecorator'.

[7m14[0m import { RolesDecorator } from './decorators/roles.decorator';
[7m  [0m [91m         ~~~~~~~~~~~~~~[0m
[96msrc/common/common.module.ts[0m:[93m19[0m:[93m7[0m - [91merror[0m[90m TS2353: [0mObject literal may only specify known properties, and 'config' does not exist in type 'RedisModuleOptions'.

[7m19[0m       config: {
[7m  [0m [91m      ~~~~~~[0m
[96msrc/common/entities/audit-log.entity.ts[0m:[93m14[0m:[93m3[0m - [91merror[0m[90m TS2564: [0mProperty 'id' has no initializer and is not definitely assigned in the constructor.

[7m14[0m   id: string;
[7m  [0m [91m  ~~[0m
[96msrc/common/entities/audit-log.entity.ts[0m:[93m17[0m:[93m3[0m - [91merror[0m[90m TS2564: [0mProperty 'action' has no initializer and is not definitely assigned in the constructor.

[7m17[0m   action: string;
[7m  [0m [91m  ~~~~~~[0m
[96msrc/common/entities/audit-log.entity.ts[0m:[93m26[0m:[93m3[0m - [91merror[0m[90m TS2564: [0mProperty 'status' has no initializer and is not definitely assigned in the constructor.

[7m26[0m   status: string;
[7m  [0m [91m  ~~~~~~[0m
[96msrc/common/entities/audit-log.entity.ts[0m:[93m29[0m:[93m3[0m - [91merror[0m[90m TS2564: [0mProperty 'created_at' has no initializer and is not definitely assigned in the constructor.

[7m29[0m   created_at: Date;
[7m  [0m [91m  ~~~~~~~~~~[0m
[96msrc/common/entities/booking.entity.ts[0m:[93m43[0m:[93m3[0m - [91merror[0m[90m TS2564: [0mProperty 'customer_name' has no initializer and is not definitely assigned in the constructor.

[7m43[0m   customer_name: string;
[7m  [0m [91m  ~~~~~~~~~~~~~[0m
[96msrc/common/entities/booking.entity.ts[0m:[93m46[0m:[93m3[0m - [91merror[0m[90m TS2564: [0mProperty 'customer_address' has no initializer and is not definitely assigned in the constructor.

[7m46[0m   customer_address: string;
[7m  [0m [91m  ~~~~~~~~~~~~~~~~[0m
[96msrc/common/entities/booking.entity.ts[0m:[93m52[0m:[93m3[0m - [91merror[0m[90m TS2564: [0mProperty 'problem_description' has no initializer and is not definitely assigned in the constructor.

[7m52[0m   problem_description: string;
[7m  [0m [91m  ~~~~~~~~~~~~~~~~~~~[0m
[96msrc/common/entities/booking.entity.ts[0m:[93m58[0m:[93m3[0m - [91merror[0m[90m TS2564: [0mProperty 'call_out_fee' has no initializer and is not definitely assigned in the constructor.

[7m58[0m   call_out_fee: number;
[7m  [0m [91m  ~~~~~~~~~~~~[0m
[96msrc/common/entities/booking.entity.ts[0m:[93m61[0m:[93m3[0m - [91merror[0m[90m TS2564: [0mProperty 'commission_amount' has no initializer and is not definitely assigned in the constructor.

[7m61[0m   commission_amount: number;
[7m  [0m [91m  ~~~~~~~~~~~~~~~~~[0m
[96msrc/common/entities/booking.entity.ts[0m:[93m67[0m:[93m3[0m - [91merror[0m[90m TS2564: [0mProperty 'updated_at' has no initializer and is not definitely assigned in the constructor.

[7m67[0m   updated_at: Date;
[7m  [0m [91m  ~~~~~~~~~~[0m
[96msrc/common/entities/booking.entity.ts[0m:[93m77[0m:[93m3[0m - [91merror[0m[90m TS2564: [0mProperty 'customer' has no initializer and is not definitely assigned in the constructor.

[7m77[0m   customer: CustomerEntity;
[7m  [0m [91m  ~~~~~~~~[0m
[96msrc/common/entities/booking.entity.ts[0m:[93m81[0m:[93m3[0m - [91merror[0m[90m TS2564: [0mProperty 'business' has no initializer and is not definitely assigned in the constructor.

[7m81[0m   business: BusinessEntity;
[7m  [0m [91m  ~~~~~~~~[0m
[96msrc/common/entities/business-banking-details.entity.ts[0m:[93m17[0m:[93m3[0m - [91merror[0m[90m TS2564: [0mProperty 'id' has no initializer and is not definitely assigned in the constructor.

[7m17[0m   id: string;
[7m  [0m [91m  ~~[0m
[96msrc/common/entities/business-banking-details.entity.ts[0m:[93m20[0m:[93m3[0m - [91merror[0m[90m TS2564: [0mProperty 'business_id' has no initializer and is not definitely assigned in the constructor.

[7m20[0m   business_id: string;
[7m  [0m [91m  ~~~~~~~~~~~[0m
[96msrc/common/entities/business-banking-details.entity.ts[0m:[93m23[0m:[93m3[0m - [91merror[0m[90m TS2564: [0mProperty 'account_name' has no initializer and is not definitely assigned in the constructor.

[7m23[0m   account_name: string;
[7m  [0m [91m  ~~~~~~~~~~~~[0m
[96msrc/common/entities/business-banking-details.entity.ts[0m:[93m26[0m:[93m3[0m - [91merror[0m[90m TS2564: [0mProperty 'bsb' has no initializer and is not definitely assigned in the constructor.

[7m26[0m   bsb: string;
[7m  [0m [91m  ~~~[0m
[96msrc/common/entities/business-banking-details.entity.ts[0m:[93m29[0m:[93m3[0m - [91merror[0m[90m TS2564: [0mProperty 'account_number' has no initializer and is not definitely assigned in the constructor.

[7m29[0m   account_number: string;
[7m  [0m [91m  ~~~~~~~~~~~~~~[0m
[96msrc/common/entities/business-banking-details.entity.ts[0m:[93m35[0m:[93m3[0m - [91merror[0m[90m TS2564: [0mProperty 'is_verified' has no initializer and is not definitely assigned in the constructor.

[7m35[0m   is_verified: boolean;
[7m  [0m [91m  ~~~~~~~~~~~[0m
[96msrc/common/entities/business-banking-details.entity.ts[0m:[93m38[0m:[93m3[0m - [91merror[0m[90m TS2564: [0mProperty 'created_at' has no initializer and is not definitely assigned in the constructor.

[7m38[0m   created_at: Date;
[7m  [0m [91m  ~~~~~~~~~~[0m
[96msrc/common/entities/business-banking-details.entity.ts[0m:[93m41[0m:[93m3[0m - [91merror[0m[90m TS2564: [0mProperty 'updated_at' has no initializer and is not definitely assigned in the constructor.

[7m41[0m   updated_at: Date;
[7m  [0m [91m  ~~~~~~~~~~[0m
[96msrc/common/entities/business-banking-details.entity.ts[0m:[93m43[0m:[93m57[0m - [91merror[0m[90m TS2339: [0mProperty 'banking_details' does not exist on type 'BusinessEntity'.

[7m43[0m   @ManyToOne(() => BusinessEntity, business => business.banking_details, { onDelete: 'CASCADE' })
[7m  [0m [91m                                                        ~~~~~~~~~~~~~~~[0m
[96msrc/common/entities/business-banking-details.entity.ts[0m:[93m45[0m:[93m3[0m - [91merror[0m[90m TS2564: [0mProperty 'business' has no initializer and is not definitely assigned in the constructor.

[7m45[0m   business: BusinessEntity;
[7m  [0m [91m  ~~~~~~~~[0m
[96msrc/common/entities/business-hours.entity.ts[0m:[93m17[0m:[93m3[0m - [91merror[0m[90m TS2564: [0mProperty 'id' has no initializer and is not definitely assigned in the constructor.

[7m17[0m   id: string;
[7m  [0m [91m  ~~[0m
[96msrc/common/entities/business-hours.entity.ts[0m:[93m20[0m:[93m3[0m - [91merror[0m[90m TS2564: [0mProperty 'business_id' has no initializer and is not definitely assigned in the constructor.

[7m20[0m   business_id: string;
[7m  [0m [91m  ~~~~~~~~~~~[0m
[96msrc/common/entities/business-hours.entity.ts[0m:[93m23[0m:[93m3[0m - [91merror[0m[90m TS2564: [0mProperty 'day_of_week' has no initializer and is not definitely assigned in the constructor.

[7m23[0m   day_of_week: number;
[7m  [0m [91m  ~~~~~~~~~~~[0m
[96msrc/common/entities/business-hours.entity.ts[0m:[93m26[0m:[93m3[0m - [91merror[0m[90m TS2564: [0mProperty 'start_time' has no initializer and is not definitely assigned in the constructor.

[7m26[0m   start_time: string;
[7m  [0m [91m  ~~~~~~~~~~[0m
[96msrc/common/entities/business-hours.entity.ts[0m:[93m29[0m:[93m3[0m - [91merror[0m[90m TS2564: [0mProperty 'end_time' has no initializer and is not definitely assigned in the constructor.

[7m29[0m   end_time: string;
[7m  [0m [91m  ~~~~~~~~[0m
[96msrc/common/entities/business-hours.entity.ts[0m:[93m32[0m:[93m3[0m - [91merror[0m[90m TS2564: [0mProperty 'is_available' has no initializer and is not definitely assigned in the constructor.

[7m32[0m   is_available: boolean;
[7m  [0m [91m  ~~~~~~~~~~~~[0m
[96msrc/common/entities/business-hours.entity.ts[0m:[93m35[0m:[93m3[0m - [91merror[0m[90m TS2564: [0mProperty 'created_at' has no initializer and is not definitely assigned in the constructor.

[7m35[0m   created_at: Date;
[7m  [0m [91m  ~~~~~~~~~~[0m
[96msrc/common/entities/business-hours.entity.ts[0m:[93m38[0m:[93m3[0m - [91merror[0m[90m TS2564: [0mProperty 'updated_at' has no initializer and is not definitely assigned in the constructor.

[7m38[0m   updated_at: Date;
[7m  [0m [91m  ~~~~~~~~~~[0m
[96msrc/common/entities/business-hours.entity.ts[0m:[93m42[0m:[93m3[0m - [91merror[0m[90m TS2564: [0mProperty 'business' has no initializer and is not definitely assigned in the constructor.

[7m42[0m   business: BusinessEntity;
[7m  [0m [91m  ~~~~~~~~[0m
[96msrc/common/entities/customer.entity.ts[0m:[93m56[0m:[93m3[0m - [91merror[0m[90m TS2564: [0mProperty 'user' has no initializer and is not definitely assigned in the constructor.

[7m56[0m   user: UserEntity;
[7m  [0m [91m  ~~~~[0m
[96msrc/common/services/audit.service.ts[0m:[93m27[0m:[93m56[0m - [91merror[0m[90m TS18046: [0m'err' is of type 'unknown'.

[7m27[0m       this.logger.error('Failed to persist audit log', err.stack || err.message);
[7m  [0m [91m                                                       ~~~[0m
[96msrc/common/services/audit.service.ts[0m:[93m27[0m:[93m69[0m - [91merror[0m[90m TS18046: [0m'err' is of type 'unknown'.

[7m27[0m       this.logger.error('Failed to persist audit log', err.stack || err.message);
[7m  [0m [91m                                                                    ~~~[0m
[96msrc/dtos/index.ts[0m:[93m4[0m:[93m22[0m - [91merror[0m[90m TS2300: [0mDuplicate identifier 'BadRequestException'.

[7m4[0m import { Injectable, BadRequestException, ValidationPipe } from '@nestjs/common';
[7m [0m [91m                     ~~~~~~~~~~~~~~~~~~~[0m
[96msrc/dtos/index.ts[0m:[93m4[0m:[93m43[0m - [91merror[0m[90m TS2300: [0mDuplicate identifier 'ValidationPipe'.

[7m4[0m import { Injectable, BadRequestException, ValidationPipe } from '@nestjs/common';
[7m [0m [91m                                          ~~~~~~~~~~~~~~[0m
[96msrc/dtos/index.ts[0m:[93m26[0m:[93m3[0m - [91merror[0m[90m TS2300: [0mDuplicate identifier 'IsEmail'.

[7m26[0m   IsEmail,
[7m  [0m [91m  ~~~~~~~[0m
[96msrc/dtos/index.ts[0m:[93m27[0m:[93m3[0m - [91merror[0m[90m TS2300: [0mDuplicate identifier 'IsString'.

[7m27[0m   IsString,
[7m  [0m [91m  ~~~~~~~~[0m
[96msrc/dtos/index.ts[0m:[93m28[0m:[93m3[0m - [91merror[0m[90m TS2300: [0mDuplicate identifier 'IsNotEmpty'.

[7m28[0m   IsNotEmpty,
[7m  [0m [91m  ~~~~~~~~~~[0m
[96msrc/dtos/index.ts[0m:[93m29[0m:[93m3[0m - [91merror[0m[90m TS2300: [0mDuplicate identifier 'Length'.

[7m29[0m   Length,
[7m  [0m [91m  ~~~~~~[0m
[96msrc/dtos/index.ts[0m:[93m30[0m:[93m3[0m - [91merror[0m[90m TS2300: [0mDuplicate identifier 'Matches'.

[7m30[0m   Matches,
[7m  [0m [91m  ~~~~~~~[0m
[96msrc/dtos/index.ts[0m:[93m31[0m:[93m3[0m - [91merror[0m[90m TS2300: [0mDuplicate identifier 'IsPhoneNumber'.

[7m31[0m   IsPhoneNumber,
[7m  [0m [91m  ~~~~~~~~~~~~~[0m
[96msrc/dtos/index.ts[0m:[93m32[0m:[93m3[0m - [91merror[0m[90m TS2300: [0mDuplicate identifier 'ValidateIf'.

[7m32[0m   ValidateIf,
[7m  [0m [91m  ~~~~~~~~~~[0m
[96msrc/dtos/index.ts[0m:[93m33[0m:[93m3[0m - [91merror[0m[90m TS2300: [0mDuplicate identifier 'IsEnum'.

[7m33[0m   IsEnum,
[7m  [0m [91m  ~~~~~~[0m
[96msrc/dtos/index.ts[0m:[93m34[0m:[93m3[0m - [91merror[0m[90m TS2300: [0mDuplicate identifier 'MaxLength'.

[7m34[0m   MaxLength,
[7m  [0m [91m  ~~~~~~~~~[0m
[96msrc/dtos/index.ts[0m:[93m49[0m:[93m3[0m - [91merror[0m[90m TS2564: [0mProperty 'first_name' has no initializer and is not definitely assigned in the constructor.

[7m49[0m   first_name: string;
[7m  [0m [91m  ~~~~~~~~~~[0m
[96msrc/dtos/index.ts[0m:[93m54[0m:[93m3[0m - [91merror[0m[90m TS2564: [0mProperty 'last_name' has no initializer and is not definitely assigned in the constructor.

[7m54[0m   last_name: string;
[7m  [0m [91m  ~~~~~~~~~[0m
[96msrc/dtos/index.ts[0m:[93m64[0m:[93m3[0m - [91merror[0m[90m TS2564: [0mProperty 'password' has no initializer and is not definitely assigned in the constructor.

[7m64[0m   password: string;
[7m  [0m [91m  ~~~~~~~~[0m
[96msrc/dtos/index.ts[0m:[93m131[0m:[93m3[0m - [91merror[0m[90m TS2300: [0mDuplicate identifier 'IsNotEmpty'.

[7m131[0m   IsNotEmpty,
[7m   [0m [91m  ~~~~~~~~~~[0m
[96msrc/dtos/index.ts[0m:[93m132[0m:[93m3[0m - [91merror[0m[90m TS2300: [0mDuplicate identifier 'IsUUID'.

[7m132[0m   IsUUID,
[7m   [0m [91m  ~~~~~~[0m
[96msrc/dtos/index.ts[0m:[93m134[0m:[93m3[0m - [91merror[0m[90m TS2300: [0mDuplicate identifier 'IsString'.

[7m134[0m   IsString,
[7m   [0m [91m  ~~~~~~~~[0m
[96msrc/dtos/index.ts[0m:[93m135[0m:[93m3[0m - [91merror[0m[90m TS2300: [0mDuplicate identifier 'MaxLength'.

[7m135[0m   MaxLength,
[7m   [0m [91m  ~~~~~~~~~[0m
[96msrc/dtos/index.ts[0m:[93m137[0m:[93m3[0m - [91merror[0m[90m TS2300: [0mDuplicate identifier 'ValidateIf'.

[7m137[0m   ValidateIf,
[7m   [0m [91m  ~~~~~~~~~~[0m
[96msrc/dtos/index.ts[0m:[93m138[0m:[93m3[0m - [91merror[0m[90m TS2300: [0mDuplicate identifier 'IsOptional'.

[7m138[0m   IsOptional,
[7m   [0m [91m  ~~~~~~~~~~[0m
[96msrc/dtos/index.ts[0m:[93m139[0m:[93m3[0m - [91merror[0m[90m TS2300: [0mDuplicate identifier 'IsNumber'.

[7m139[0m   IsNumber,
[7m   [0m [91m  ~~~~~~~~[0m
[96msrc/dtos/index.ts[0m:[93m140[0m:[93m3[0m - [91merror[0m[90m TS2300: [0mDuplicate identifier 'Min'.

[7m140[0m   Min,
[7m   [0m [91m  ~~~[0m
[96msrc/dtos/index.ts[0m:[93m141[0m:[93m3[0m - [91merror[0m[90m TS2300: [0mDuplicate identifier 'Max'.

[7m141[0m   Max,
[7m   [0m [91m  ~~~[0m
[96msrc/dtos/index.ts[0m:[93m205[0m:[93m3[0m - [91merror[0m[90m TS2564: [0mProperty 'reason' has no initializer and is not definitely assigned in the constructor.

[7m205[0m   reason: string;
[7m   [0m [91m  ~~~~~~[0m
[96msrc/dtos/index.ts[0m:[93m211[0m:[93m10[0m - [91merror[0m[90m TS2300: [0mDuplicate identifier 'IsNotEmpty'.

[7m211[0m import { IsNotEmpty, IsUUID, IsNumber, Min, Max, IsEnum } from 'class-validator';
[7m   [0m [91m         ~~~~~~~~~~[0m
[96msrc/dtos/index.ts[0m:[93m211[0m:[93m22[0m - [91merror[0m[90m TS2300: [0mDuplicate identifier 'IsUUID'.

[7m211[0m import { IsNotEmpty, IsUUID, IsNumber, Min, Max, IsEnum } from 'class-validator';
[7m   [0m [91m                     ~~~~~~[0m
[96msrc/dtos/index.ts[0m:[93m211[0m:[93m30[0m - [91merror[0m[90m TS2300: [0mDuplicate identifier 'IsNumber'.

[7m211[0m import { IsNotEmpty, IsUUID, IsNumber, Min, Max, IsEnum } from 'class-validator';
[7m   [0m [91m                             ~~~~~~~~[0m
[96msrc/dtos/index.ts[0m:[93m211[0m:[93m40[0m - [91merror[0m[90m TS2300: [0mDuplicate identifier 'Min'.

[7m211[0m import { IsNotEmpty, IsUUID, IsNumber, Min, Max, IsEnum } from 'class-validator';
[7m   [0m [91m                                       ~~~[0m
[96msrc/dtos/index.ts[0m:[93m211[0m:[93m45[0m - [91merror[0m[90m TS2300: [0mDuplicate identifier 'Max'.

[7m211[0m import { IsNotEmpty, IsUUID, IsNumber, Min, Max, IsEnum } from 'class-validator';
[7m   [0m [91m                                            ~~~[0m
[96msrc/dtos/index.ts[0m:[93m211[0m:[93m50[0m - [91merror[0m[90m TS2300: [0mDuplicate identifier 'IsEnum'.

[7m211[0m import { IsNotEmpty, IsUUID, IsNumber, Min, Max, IsEnum } from 'class-validator';
[7m   [0m [91m                                                 ~~~~~~[0m
[96msrc/dtos/index.ts[0m:[93m260[0m:[93m3[0m - [91merror[0m[90m TS2300: [0mDuplicate identifier 'IsNotEmpty'.

[7m260[0m   IsNotEmpty,
[7m   [0m [91m  ~~~~~~~~~~[0m
[96msrc/dtos/index.ts[0m:[93m261[0m:[93m3[0m - [91merror[0m[90m TS2300: [0mDuplicate identifier 'IsString'.

[7m261[0m   IsString,
[7m   [0m [91m  ~~~~~~~~[0m
[96msrc/dtos/index.ts[0m:[93m262[0m:[93m3[0m - [91merror[0m[90m TS2300: [0mDuplicate identifier 'Length'.

[7m262[0m   Length,
[7m   [0m [91m  ~~~~~~[0m
[96msrc/dtos/index.ts[0m:[93m263[0m:[93m3[0m - [91merror[0m[90m TS2300: [0mDuplicate identifier 'IsEmail'.

[7m263[0m   IsEmail,
[7m   [0m [91m  ~~~~~~~[0m
[96msrc/dtos/index.ts[0m:[93m264[0m:[93m3[0m - [91merror[0m[90m TS2300: [0mDuplicate identifier 'IsPhoneNumber'.

[7m264[0m   IsPhoneNumber,
[7m   [0m [91m  ~~~~~~~~~~~~~[0m
[96msrc/dtos/index.ts[0m:[93m265[0m:[93m3[0m - [91merror[0m[90m TS2300: [0mDuplicate identifier 'Matches'.

[7m265[0m   Matches,
[7m   [0m [91m  ~~~~~~~[0m
[96msrc/dtos/index.ts[0m:[93m266[0m:[93m3[0m - [91merror[0m[90m TS2300: [0mDuplicate identifier 'IsOptional'.

[7m266[0m   IsOptional,
[7m   [0m [91m  ~~~~~~~~~~[0m
[96msrc/dtos/index.ts[0m:[93m267[0m:[93m3[0m - [91merror[0m[90m TS2300: [0mDuplicate identifier 'MaxLength'.

[7m267[0m   MaxLength,
[7m   [0m [91m  ~~~~~~~~~[0m
[96msrc/dtos/index.ts[0m:[93m268[0m:[93m3[0m - [91merror[0m[90m TS2300: [0mDuplicate identifier 'IsEnum'.

[7m268[0m   IsEnum,
[7m   [0m [91m  ~~~~~~[0m
[96msrc/dtos/index.ts[0m:[93m291[0m:[93m3[0m - [91merror[0m[90m TS2564: [0mProperty 'abn' has no initializer and is not definitely assigned in the constructor.

[7m291[0m   abn: string;
[7m   [0m [91m  ~~~[0m
[96msrc/dtos/index.ts[0m:[93m295[0m:[93m3[0m - [91merror[0m[90m TS2564: [0mProperty 'category' has no initializer and is not definitely assigned in the constructor.

[7m295[0m   category: BusinessCategory;
[7m   [0m [91m  ~~~~~~~~[0m
[96msrc/dtos/index.ts[0m:[93m299[0m:[93m3[0m - [91merror[0m[90m TS2564: [0mProperty 'email' has no initializer and is not definitely assigned in the constructor.

[7m299[0m   email: string;
[7m   [0m [91m  ~~~~~[0m
[96msrc/dtos/index.ts[0m:[93m303[0m:[93m3[0m - [91merror[0m[90m TS2564: [0mProperty 'phone' has no initializer and is not definitely assigned in the constructor.

[7m303[0m   phone: string;
[7m   [0m [91m  ~~~~~[0m
[96msrc/dtos/index.ts[0m:[93m317[0m:[93m3[0m - [91merror[0m[90m TS2564: [0mProperty 'suburb' has no initializer and is not definitely assigned in the constructor.

[7m317[0m   suburb: string;
[7m   [0m [91m  ~~~~~~[0m
[96msrc/dtos/index.ts[0m:[93m321[0m:[93m3[0m - [91merror[0m[90m TS2564: [0mProperty 'state' has no initializer and is not definitely assigned in the constructor.

[7m321[0m   state: string;
[7m   [0m [91m  ~~~~~[0m
[96msrc/dtos/index.ts[0m:[93m325[0m:[93m3[0m - [91merror[0m[90m TS2564: [0mProperty 'postcode' has no initializer and is not definitely assigned in the constructor.

[7m325[0m   postcode: string;
[7m   [0m [91m  ~~~~~~~~[0m
[96msrc/dtos/index.ts[0m:[93m329[0m:[93m3[0m - [91merror[0m[90m TS2564: [0mProperty 'street_address' has no initializer and is not definitely assigned in the constructor.

[7m329[0m   street_address: string;
[7m   [0m [91m  ~~~~~~~~~~~~~~[0m
[96msrc/dtos/index.ts[0m:[93m367[0m:[93m3[0m - [91merror[0m[90m TS2564: [0mProperty 'bsb' has no initializer and is not definitely assigned in the constructor.

[7m367[0m   bsb: string;
[7m   [0m [91m  ~~~[0m
[96msrc/dtos/index.ts[0m:[93m371[0m:[93m3[0m - [91merror[0m[90m TS2564: [0mProperty 'account_number' has no initializer and is not definitely assigned in the constructor.

[7m371[0m   account_number: string;
[7m   [0m [91m  ~~~~~~~~~~~~~~[0m
[96msrc/dtos/index.ts[0m:[93m376[0m:[93m3[0m - [91merror[0m[90m TS2564: [0mProperty 'account_holder_name' has no initializer and is not definitely assigned in the constructor.

[7m376[0m   account_holder_name: string;
[7m   [0m [91m  ~~~~~~~~~~~~~~~~~~~[0m
[96msrc/dtos/index.ts[0m:[93m383[0m:[93m3[0m - [91merror[0m[90m TS2300: [0mDuplicate identifier 'IsNotEmpty'.

[7m383[0m   IsNotEmpty,
[7m   [0m [91m  ~~~~~~~~~~[0m
[96msrc/dtos/index.ts[0m:[93m384[0m:[93m3[0m - [91merror[0m[90m TS2300: [0mDuplicate identifier 'IsUUID'.

[7m384[0m   IsUUID,
[7m   [0m [91m  ~~~~~~[0m
[96msrc/dtos/index.ts[0m:[93m385[0m:[93m3[0m - [91merror[0m[90m TS2300: [0mDuplicate identifier 'IsNumber'.

[7m385[0m   IsNumber,
[7m   [0m [91m  ~~~~~~~~[0m
[96msrc/dtos/index.ts[0m:[93m386[0m:[93m3[0m - [91merror[0m[90m TS2300: [0mDuplicate identifier 'Min'.

[7m386[0m   Min,
[7m   [0m [91m  ~~~[0m
[96msrc/dtos/index.ts[0m:[93m387[0m:[93m3[0m - [91merror[0m[90m TS2300: [0mDuplicate identifier 'Max'.

[7m387[0m   Max,
[7m   [0m [91m  ~~~[0m
[96msrc/dtos/index.ts[0m:[93m388[0m:[93m3[0m - [91merror[0m[90m TS2300: [0mDuplicate identifier 'IsString'.

[7m388[0m   IsString,
[7m   [0m [91m  ~~~~~~~~[0m
[96msrc/dtos/index.ts[0m:[93m389[0m:[93m3[0m - [91merror[0m[90m TS2300: [0mDuplicate identifier 'MaxLength'.

[7m389[0m   MaxLength,
[7m   [0m [91m  ~~~~~~~~~[0m
[96msrc/dtos/index.ts[0m:[93m390[0m:[93m3[0m - [91merror[0m[90m TS2300: [0mDuplicate identifier 'IsOptional'.

[7m390[0m   IsOptional,
[7m   [0m [91m  ~~~~~~~~~~[0m
[96msrc/dtos/index.ts[0m:[93m396[0m:[93m3[0m - [91merror[0m[90m TS2564: [0mProperty 'booking_id' has no initializer and is not definitely assigned in the constructor.

[7m396[0m   booking_id: string;
[7m   [0m [91m  ~~~~~~~~~~[0m
[96msrc/dtos/index.ts[0m:[93m402[0m:[93m3[0m - [91merror[0m[90m TS2564: [0mProperty 'rating' has no initializer and is not definitely assigned in the constructor.

[7m402[0m   rating: number;
[7m   [0m [91m  ~~~~~~[0m
[96msrc/dtos/index.ts[0m:[93m407[0m:[93m3[0m - [91merror[0m[90m TS2564: [0mProperty 'text' has no initializer and is not definitely assigned in the constructor.

[7m407[0m   text: string;
[7m   [0m [91m  ~~~~[0m
[96msrc/dtos/index.ts[0m:[93m426[0m:[93m10[0m - [91merror[0m[90m TS2300: [0mDuplicate identifier 'ValidationPipe'.

[7m426[0m import { ValidationPipe } from '@nestjs/common';
[7m   [0m [91m         ~~~~~~~~~~~~~~[0m
[96msrc/dtos/index.ts[0m:[93m429[0m:[93m21[0m - [91merror[0m[90m TS2304: [0mCannot find name 'NestFactory'.

[7m429[0m   const app = await NestFactory.create(AppModule);
[7m   [0m [91m                    ~~~~~~~~~~~[0m
[96msrc/dtos/index.ts[0m:[93m429[0m:[93m40[0m - [91merror[0m[90m TS2304: [0mCannot find name 'AppModule'.

[7m429[0m   const app = await NestFactory.create(AppModule);
[7m   [0m [91m                                       ~~~~~~~~~[0m
[96msrc/dtos/index.ts[0m:[93m455[0m:[93m3[0m - [91merror[0m[90m TS2300: [0mDuplicate identifier 'BadRequestException'.

[7m455[0m   BadRequestException,
[7m   [0m [91m  ~~~~~~~~~~~~~~~~~~~[0m
[96msrc/dtos/index.ts[0m:[93m500[0m:[93m1[0m - [91merror[0m[90m TS2304: [0mCannot find name 'app'.

[7m500[0m app.useGlobalFilters(new ValidationExceptionFilter());
[7m   [0m [91m~~~[0m
[96msrc/main.ts[0m:[93m3[0m:[93m48[0m - [91merror[0m[90m TS2307: [0mCannot find module '@nestjs/swagger' or its corresponding type declarations.

[7m3[0m import { SwaggerModule, DocumentBuilder } from '@nestjs/swagger';
[7m [0m [91m                                               ~~~~~~~~~~~~~~~~~[0m
[96msrc/main.ts[0m:[93m38[0m:[93m12[0m - [91merror[0m[90m TS7006: [0mParameter 'req' implicitly has an 'any' type.

[7m38[0m   app.use((req, res, next) => {
[7m  [0m [91m           ~~~[0m
[96msrc/main.ts[0m:[93m38[0m:[93m17[0m - [91merror[0m[90m TS7006: [0mParameter 'res' implicitly has an 'any' type.

[7m38[0m   app.use((req, res, next) => {
[7m  [0m [91m                ~~~[0m
[96msrc/main.ts[0m:[93m38[0m:[93m22[0m - [91merror[0m[90m TS7006: [0mParameter 'next' implicitly has an 'any' type.

[7m38[0m   app.use((req, res, next) => {
[7m  [0m [91m                     ~~~~[0m
[96msrc/main.ts[0m:[93m65[0m:[93m22[0m - [91merror[0m[90m TS2769: [0mNo overload matches this call.
  Overload 1 of 4, '(typeOrToken: string | symbol | Function | Type<any>, options: { strict?: boolean | undefined; each?: false | undefined; }): any', gave the following error.
    Type '() => { status: string; timestamp: string; }' has no properties in common with type '{ strict?: boolean | undefined; each?: false | undefined; }'.
  Overload 2 of 4, '(typeOrToken: string | symbol | Function | Type<any>, options: { strict?: boolean | undefined; each: true; }): any[]', gave the following error.
    Argument of type '() => { status: string; timestamp: string; }' is not assignable to parameter of type '{ strict?: boolean | undefined; each: true; }'.
  Overload 3 of 4, '(typeOrToken: string | symbol | Function | Type<any>, options?: GetOrResolveOptions | undefined): any', gave the following error.
    Type '() => { status: string; timestamp: string; }' has no properties in common with type 'GetOrResolveOptions'.

[7m65[0m   app.get('/health', () => ({ status: 'ok', timestamp: new Date().toISOString() }));
[7m  [0m [91m                     ~~~~~~~~~~~~~~~~~~~~~~~~~~~~~~~~~~~~~~~~~~~~~~~~~~~~~~~~~~~~~[0m

[96msrc/main.ts[0m:[93m66[0m:[93m25[0m - [91merror[0m[90m TS2769: [0mNo overload matches this call.
  Overload 1 of 4, '(typeOrToken: string | symbol | Function | Type<any>, options: { strict?: boolean | undefined; each?: false | undefined; }): any', gave the following error.
    Type '() => Promise<{ status: string; service: string; }>' has no properties in common with type '{ strict?: boolean | undefined; each?: false | undefined; }'.
  Overload 2 of 4, '(typeOrToken: string | symbol | Function | Type<any>, options: { strict?: boolean | undefined; each: true; }): any[]', gave the following error.
    Argument of type '() => Promise<{ status: string; service: string; }>' is not assignable to parameter of type '{ strict?: boolean | undefined; each: true; }'.
  Overload 3 of 4, '(typeOrToken: string | symbol | Function | Type<any>, options?: GetOrResolveOptions | undefined): any', gave the following error.
    Type '() => Promise<{ status: string; service: string; }>' has no properties in common with type 'GetOrResolveOptions'.

[7m66[0m   app.get('/health/db', async () => {
[7m  [0m [91m                        ~~~~~~~~~~~~~[0m

[96msrc/modules/admin/admin.controller.ts[0m:[93m10[0m:[93m30[0m - [91merror[0m[90m TS2307: [0mCannot find module '../../auth/jwt-auth.guard' or its corresponding type declarations.

[7m10[0m import { JwtAuthGuard } from '../../auth/jwt-auth.guard';
[7m  [0m [91m                             ~~~~~~~~~~~~~~~~~~~~~~~~~~~[0m
[96msrc/modules/admin/admin.controller.ts[0m:[93m11[0m:[93m28[0m - [91merror[0m[90m TS2307: [0mCannot find module '../../auth/roles.guard' or its corresponding type declarations.

[7m11[0m import { RolesGuard } from '../../auth/roles.guard';
[7m  [0m [91m                           ~~~~~~~~~~~~~~~~~~~~~~~~[0m
[96msrc/modules/admin/admin.controller.ts[0m:[93m12[0m:[93m23[0m - [91merror[0m[90m TS2307: [0mCannot find module '../../auth/roles.decorator' or its corresponding type declarations.

[7m12[0m import { Roles } from '../../auth/roles.decorator';
[7m  [0m [91m                      ~~~~~~~~~~~~~~~~~~~~~~~~~~~~[0m
[96msrc/modules/admin/admin.controller.ts[0m:[93m32[0m:[93m23[0m - [91merror[0m[90m TS2339: [0mProperty 'phone_number' does not exist on type 'UserEntity'.

[7m32[0m         phone: b.user.phone_number,
[7m  [0m [91m                      ~~~~~~~~~~~~[0m
[96msrc/modules/admin/admin.controller.ts[0m:[93m50[0m:[93m30[0m - [91merror[0m[90m TS2339: [0mProperty 'phone_number' does not exist on type 'UserEntity'.

[7m50[0m         phone: business.user.phone_number,
[7m  [0m [91m                             ~~~~~~~~~~~~[0m
[96msrc/modules/admin/admin.controller.ts[0m:[93m58[0m:[93m25[0m - [91merror[0m[90m TS2339: [0mProperty 'website' does not exist on type 'BusinessEntity'.

[7m58[0m       website: business.website,
[7m  [0m [91m                        ~~~~~~~[0m
[96msrc/modules/admin/admin.controller.ts[0m:[93m59[0m:[93m35[0m - [91merror[0m[90m TS2551: [0mProperty 'service_radius_km' does not exist on type 'BusinessEntity'. Did you mean 'service_radius'?

[7m59[0m       service_radius_km: business.service_radius_km,
[7m  [0m [91m                                  ~~~~~~~~~~~~~~~~~[0m

  [96msrc/common/entities/business.entity.ts[0m:[93m55[0m:[93m3[0m
    [7m55[0m   service_radius!: number;
    [7m  [0m [96m  ~~~~~~~~~~~~~~[0m
    'service_radius' is declared here.
[96msrc/modules/admin/admin.controller.ts[0m:[93m62[0m:[93m17[0m - [91merror[0m[90m TS2339: [0mProperty 'service_name' does not exist on type 'BusinessServiceEntity'.

[7m62[0m         name: s.service_name,
[7m  [0m [91m                ~~~~~~~~~~~~[0m
[96msrc/modules/admin/admin.controller.ts[0m:[93m63[0m:[93m24[0m - [91merror[0m[90m TS2339: [0mProperty 'hourly_rate' does not exist on type 'BusinessServiceEntity'.

[7m63[0m         hourly_rate: s.hourly_rate,
[7m  [0m [91m                       ~~~~~~~~~~~[0m
[96msrc/modules/admin/admin.controller.ts[0m:[93m65[0m:[93m23[0m - [91merror[0m[90m TS2339: [0mProperty 'hours' does not exist on type 'BusinessEntity'.

[7m65[0m       hours: business.hours.map((h) => ({
[7m  [0m [91m                      ~~~~~[0m
[96msrc/modules/admin/admin.controller.ts[0m:[93m65[0m:[93m34[0m - [91merror[0m[90m TS7006: [0mParameter 'h' implicitly has an 'any' type.

[7m65[0m       hours: business.hours.map((h) => ({
[7m  [0m [91m                                 ~[0m
[96msrc/modules/admin/admin.controller.ts[0m:[93m76[0m:[93m25[0m - [91merror[0m[90m TS2339: [0mProperty 'banking_details' does not exist on type 'BusinessEntity'.

[7m76[0m       banking: business.banking_details
[7m  [0m [91m                        ~~~~~~~~~~~~~~~[0m
[96msrc/modules/admin/admin.controller.ts[0m:[93m78[0m:[93m36[0m - [91merror[0m[90m TS2339: [0mProperty 'banking_details' does not exist on type 'BusinessEntity'.

[7m78[0m             account_name: business.banking_details.account_name,
[7m  [0m [91m                                   ~~~~~~~~~~~~~~~[0m
[96msrc/modules/admin/admin.controller.ts[0m:[93m79[0m:[93m27[0m - [91merror[0m[90m TS2339: [0mProperty 'banking_details' does not exist on type 'BusinessEntity'.

[7m79[0m             bsb: business.banking_details.bsb,
[7m  [0m [91m                          ~~~~~~~~~~~~~~~[0m
[96msrc/modules/admin/admin.controller.ts[0m:[93m80[0m:[93m38[0m - [91merror[0m[90m TS2339: [0mProperty 'banking_details' does not exist on type 'BusinessEntity'.

[7m80[0m             account_number: business.banking_details.account_number,
[7m  [0m [91m                                     ~~~~~~~~~~~~~~~[0m
[96msrc/modules/admin/admin.controller.ts[0m:[93m81[0m:[93m35[0m - [91merror[0m[90m TS2339: [0mProperty 'banking_details' does not exist on type 'BusinessEntity'.

[7m81[0m             is_verified: business.banking_details.is_verified,
[7m  [0m [91m                                  ~~~~~~~~~~~~~~~[0m
[96msrc/modules/admin/admin.controller.ts[0m:[93m102[0m:[93m28[0m - [91merror[0m[90m TS2339: [0mProperty 'approved_at' does not exist on type 'BusinessEntity'.

[7m102[0m       approvedAt: business.approved_at,
[7m   [0m [91m                           ~~~~~~~~~~~[0m
[96msrc/modules/admin/admin.controller.ts[0m:[93m123[0m:[93m33[0m - [91merror[0m[90m TS2339: [0mProperty 'approval_notes' does not exist on type 'BusinessEntity'.

[7m123[0m       rejectionReason: business.approval_notes,
[7m   [0m [91m                                ~~~~~~~~~~~~~~[0m
[96msrc/modules/admin/admin.controller.ts[0m:[93m124[0m:[93m28[0m - [91merror[0m[90m TS2339: [0mProperty 'rejected_at' does not exist on type 'BusinessEntity'.

[7m124[0m       rejectedAt: business.rejected_at,
[7m   [0m [91m                           ~~~~~~~~~~~[0m
[96msrc/modules/admin/admin.controller.ts[0m:[93m145[0m:[93m28[0m - [91merror[0m[90m TS2339: [0mProperty 'phone_number' does not exist on type 'UserEntity'.

[7m145[0m         ownerPhone: b.user.phone_number,
[7m   [0m [91m                           ~~~~~~~~~~~~[0m
[96msrc/modules/auth/password-reset.service.ts[0m:[93m11[0m:[93m30[0m - [91merror[0m[90m TS2307: [0mCannot find module '../common/services/audit.service' or its corresponding type declarations.

[7m11[0m import { AuditService } from '../common/services/audit.service';
[7m  [0m [91m                             ~~~~~~~~~~~~~~~~~~~~~~~~~~~~~~~~~~[0m
[96msrc/modules/auth/password-reset.service.ts[0m:[93m43[0m:[93m59[0m - [91merror[0m[90m TS2353: [0mObject literal may only specify known properties, and 'reset_token_hash' does not exist in type '_QueryDeepPartialEntity<UserEntity>'.

[7m43[0m       await this.userRepository.update({ id: user.id }, { reset_token_hash: resetTokenHash, reset_token_expires_at: expiresAt, updated_at: new Date() });
[7m  [0m [91m                                                          ~~~~~~~~~~~~~~~~[0m
[96msrc/modules/auth/password-reset.service.ts[0m:[93m53[0m:[93m62[0m - [91merror[0m[90m TS18046: [0m'error' is of type 'unknown'.

[7m53[0m       this.logger.error(`Password reset initiation failed: ${error.message}`, error.stack);
[7m  [0m [91m                                                             ~~~~~[0m
[96msrc/modules/auth/password-reset.service.ts[0m:[93m53[0m:[93m79[0m - [91merror[0m[90m TS18046: [0m'error' is of type 'unknown'.

[7m53[0m       this.logger.error(`Password reset initiation failed: ${error.message}`, error.stack);
[7m  [0m [91m                                                                              ~~~~~[0m
[96msrc/modules/auth/password-reset.service.ts[0m:[93m68[0m:[93m17[0m - [91merror[0m[90m TS2339: [0mProperty 'reset_token_hash' does not exist on type 'UserEntity'.

[7m68[0m       if (!user.reset_token_hash) {
[7m  [0m [91m                ~~~~~~~~~~~~~~~~[0m
[96msrc/modules/auth/password-reset.service.ts[0m:[93m73[0m:[93m17[0m - [91merror[0m[90m TS2339: [0mProperty 'reset_token_expires_at' does not exist on type 'UserEntity'.

[7m73[0m       if (!user.reset_token_expires_at || new Date() > user.reset_token_expires_at) {
[7m  [0m [91m                ~~~~~~~~~~~~~~~~~~~~~~[0m
[96msrc/modules/auth/password-reset.service.ts[0m:[93m73[0m:[93m61[0m - [91merror[0m[90m TS2339: [0mProperty 'reset_token_expires_at' does not exist on type 'UserEntity'.

[7m73[0m       if (!user.reset_token_expires_at || new Date() > user.reset_token_expires_at) {
[7m  [0m [91m                                                            ~~~~~~~~~~~~~~~~~~~~~~[0m
[96msrc/modules/auth/password-reset.service.ts[0m:[93m74[0m:[93m61[0m - [91merror[0m[90m TS2353: [0mObject literal may only specify known properties, and 'reset_token_hash' does not exist in type '_QueryDeepPartialEntity<UserEntity>'.

[7m74[0m         await this.userRepository.update({ id: user.id }, { reset_token_hash: null, reset_token_expires_at: null });
[7m  [0m [91m                                                            ~~~~~~~~~~~~~~~~[0m
[96msrc/modules/auth/password-reset.service.ts[0m:[93m75[0m:[93m130[0m - [91merror[0m[90m TS2339: [0mProperty 'reset_token_expires_at' does not exist on type 'UserEntity'.

[7m75[0m         await this.auditService.log({ action: 'PASSWORD_RESET_TOKEN_EXPIRED', userId: user.id, details: { email, expiredAt: user.reset_token_expires_at?.toISOString() }, status: 'FAILURE' }).catch(() => {});
[7m  [0m [91m                                                                                                                                 ~~~~~~~~~~~~~~~~~~~~~~[0m
[96msrc/modules/auth/password-reset.service.ts[0m:[93m79[0m:[93m61[0m - [91merror[0m[90m TS2339: [0mProperty 'reset_token_hash' does not exist on type 'UserEntity'.

[7m79[0m       const isTokenValid = await bcrypt.compare(token, user.reset_token_hash);
[7m  [0m [91m                                                            ~~~~~~~~~~~~~~~~[0m
[96msrc/modules/auth/password-reset.service.ts[0m:[93m88[0m:[93m59[0m - [91merror[0m[90m TS2353: [0mObject literal may only specify known properties, and 'password' does not exist in type '_QueryDeepPartialEntity<UserEntity>'.

[7m88[0m       await this.userRepository.update({ id: user.id }, { password: hashedPassword, reset_token_hash: null, reset_token_expires_at: null, updated_at: new Date() });
[7m  [0m [91m                                                          ~~~~~~~~[0m
[96msrc/modules/auth/password-reset.service.ts[0m:[93m98[0m:[93m51[0m - [91merror[0m[90m TS18046: [0m'error' is of type 'unknown'.

[7m98[0m       this.logger.error(`Password reset failed: ${error.message}`, error.stack);
[7m  [0m [91m                                                  ~~~~~[0m
[96msrc/modules/auth/password-reset.service.ts[0m:[93m98[0m:[93m68[0m - [91merror[0m[90m TS18046: [0m'error' is of type 'unknown'.

[7m98[0m       this.logger.error(`Password reset failed: ${error.message}`, error.stack);
[7m  [0m [91m                                                                   ~~~~~[0m
[96msrc/modules/auth/password-reset.service.ts[0m:[93m128[0m:[93m32[0m - [91merror[0m[90m TS2339: [0mProperty 'sendPasswordResetEmail' does not exist on type 'SendGridService'.

[7m128[0m     await this.sendGridService.sendPasswordResetEmail(user.email, user.first_name, resetLink, RESET_TOKEN_EXPIRY_MINUTES);
[7m   [0m [91m                               ~~~~~~~~~~~~~~~~~~~~~~[0m
[96msrc/modules/auth/password-reset.service.ts[0m:[93m132[0m:[93m32[0m - [91merror[0m[90m TS2339: [0mProperty 'sendPasswordResetConfirmationEmail' does not exist on type 'SendGridService'.

[7m132[0m     await this.sendGridService.sendPasswordResetConfirmationEmail(user.email, user.first_name);
[7m   [0m [91m                               ~~~~~~~~~~~~~~~~~~~~~~~~~~~~~~~~~~[0m
[96msrc/modules/bookings/booking-acceptance.controller.ts[0m:[93m11[0m:[93m30[0m - [91merror[0m[90m TS2307: [0mCannot find module '../../auth/jwt-auth.guard' or its corresponding type declarations.

[7m11[0m import { JwtAuthGuard } from '../../auth/jwt-auth.guard';
[7m  [0m [91m                             ~~~~~~~~~~~~~~~~~~~~~~~~~~~[0m
[96msrc/modules/bookings/booking-acceptance.controller.ts[0m:[93m12[0m:[93m28[0m - [91merror[0m[90m TS2307: [0mCannot find module '../../auth/roles.guard' or its corresponding type declarations.

[7m12[0m import { RolesGuard } from '../../auth/roles.guard';
[7m  [0m [91m                           ~~~~~~~~~~~~~~~~~~~~~~~~[0m
[96msrc/modules/bookings/booking-acceptance.controller.ts[0m:[93m13[0m:[93m23[0m - [91merror[0m[90m TS2307: [0mCannot find module '../../auth/roles.decorator' or its corresponding type declarations.

[7m13[0m import { Roles } from '../../auth/roles.decorator';
[7m  [0m [91m                      ~~~~~~~~~~~~~~~~~~~~~~~~~~~~[0m
[96msrc/modules/bookings/booking-acceptance.controller.ts[0m:[93m25[0m:[93m5[0m - [91merror[0m[90m TS7006: [0mParameter 'req' implicitly has an 'any' type.

[7m25[0m     @Request() req,
[7m  [0m [91m    ~~~~~~~~~~~~~~[0m
[96msrc/modules/bookings/booking-acceptance.controller.ts[0m:[93m83[0m:[93m5[0m - [91merror[0m[90m TS7006: [0mParameter 'req' implicitly has an 'any' type.

[7m83[0m     @Request() req,
[7m  [0m [91m    ~~~~~~~~~~~~~~[0m
[96msrc/modules/bookings/booking-acceptance.controller.ts[0m:[93m103[0m:[93m5[0m - [91merror[0m[90m TS7006: [0mParameter 'req' implicitly has an 'any' type.

[7m103[0m     @Request() req,
[7m   [0m [91m    ~~~~~~~~~~~~~~[0m
[96msrc/modules/bookings/booking-acceptance.controller.ts[0m:[93m104[0m:[93m6[0m - [91merror[0m[90m TS2304: [0mCannot find name 'Body'.

[7m104[0m     @Body() body: { reason?: string },
[7m   [0m [91m     ~~~~[0m
[96msrc/modules/bookings/booking-acceptance.controller.ts[0m:[93m122[0m:[93m1[0m - [91merror[0m[90m TS1434: [0mUnexpected keyword or identifier.

[7m122[0m async sendBookingAcceptanceRequestEmail(
[7m   [0m [91m~~~~~[0m
[96msrc/modules/bookings/booking-acceptance.controller.ts[0m:[93m122[0m:[93m1[0m - [91merror[0m[90m TS2304: [0mCannot find name 'async'.

[7m122[0m async sendBookingAcceptanceRequestEmail(
[7m   [0m [91m~~~~~[0m
[96msrc/modules/bookings/booking-acceptance.controller.ts[0m:[93m122[0m:[93m7[0m - [91merror[0m[90m TS2304: [0mCannot find name 'sendBookingAcceptanceRequestEmail'.

[7m122[0m async sendBookingAcceptanceRequestEmail(
[7m   [0m [91m      ~~~~~~~~~~~~~~~~~~~~~~~~~~~~~~~~~[0m
[96msrc/modules/bookings/booking-acceptance.controller.ts[0m:[93m123[0m:[93m3[0m - [91merror[0m[90m TS2304: [0mCannot find name 'businessEmail'.

[7m123[0m   businessEmail: string,
[7m   [0m [91m  ~~~~~~~~~~~~~[0m
[96msrc/modules/bookings/booking-acceptance.controller.ts[0m:[93m123[0m:[93m16[0m - [91merror[0m[90m TS1005: [0m',' expected.

[7m123[0m   businessEmail: string,
[7m   [0m [91m               ~[0m
[96msrc/modules/bookings/booking-acceptance.controller.ts[0m:[93m123[0m:[93m18[0m - [91merror[0m[90m TS2693: [0m'string' only refers to a type, but is being used as a value here.

[7m123[0m   businessEmail: string,
[7m   [0m [91m                 ~~~~~~[0m
[96msrc/modules/bookings/booking-acceptance.controller.ts[0m:[93m124[0m:[93m3[0m - [91merror[0m[90m TS2304: [0mCannot find name 'businessName'.

[7m124[0m   businessName: string,
[7m   [0m [91m  ~~~~~~~~~~~~[0m
[96msrc/modules/bookings/booking-acceptance.controller.ts[0m:[93m124[0m:[93m15[0m - [91merror[0m[90m TS1005: [0m',' expected.

[7m124[0m   businessName: string,
[7m   [0m [91m              ~[0m
[96msrc/modules/bookings/booking-acceptance.controller.ts[0m:[93m124[0m:[93m17[0m - [91merror[0m[90m TS2693: [0m'string' only refers to a type, but is being used as a value here.

[7m124[0m   businessName: string,
[7m   [0m [91m                ~~~~~~[0m
[96msrc/modules/bookings/booking-acceptance.controller.ts[0m:[93m125[0m:[93m3[0m - [91merror[0m[90m TS2304: [0mCannot find name 'customerName'.

[7m125[0m   customerName: string,
[7m   [0m [91m  ~~~~~~~~~~~~[0m
[96msrc/modules/bookings/booking-acceptance.controller.ts[0m:[93m125[0m:[93m15[0m - [91merror[0m[90m TS1005: [0m',' expected.

[7m125[0m   customerName: string,
[7m   [0m [91m              ~[0m
[96msrc/modules/bookings/booking-acceptance.controller.ts[0m:[93m125[0m:[93m17[0m - [91merror[0m[90m TS2693: [0m'string' only refers to a type, but is being used as a value here.

[7m125[0m   customerName: string,
[7m   [0m [91m                ~~~~~~[0m
[96msrc/modules/bookings/booking-acceptance.controller.ts[0m:[93m126[0m:[93m3[0m - [91merror[0m[90m TS2304: [0mCannot find name 'serviceName'.

[7m126[0m   serviceName: string,
[7m   [0m [91m  ~~~~~~~~~~~[0m
[96msrc/modules/bookings/booking-acceptance.controller.ts[0m:[93m126[0m:[93m14[0m - [91merror[0m[90m TS1005: [0m',' expected.

[7m126[0m   serviceName: string,
[7m   [0m [91m             ~[0m
[96msrc/modules/bookings/booking-acceptance.controller.ts[0m:[93m126[0m:[93m16[0m - [91merror[0m[90m TS2693: [0m'string' only refers to a type, but is being used as a value here.

[7m126[0m   serviceName: string,
[7m   [0m [91m               ~~~~~~[0m
[96msrc/modules/bookings/booking-acceptance.controller.ts[0m:[93m127[0m:[93m3[0m - [91merror[0m[90m TS2304: [0mCannot find name 'scheduledDate'.

[7m127[0m   scheduledDate: Date,
[7m   [0m [91m  ~~~~~~~~~~~~~[0m
[96msrc/modules/bookings/booking-acceptance.controller.ts[0m:[93m127[0m:[93m16[0m - [91merror[0m[90m TS1005: [0m',' expected.

[7m127[0m   scheduledDate: Date,
[7m   [0m [91m               ~[0m
[96msrc/modules/bookings/booking-acceptance.controller.ts[0m:[93m128[0m:[93m3[0m - [91merror[0m[90m TS2304: [0mCannot find name 'acceptLink'.

[7m128[0m   acceptLink: string,
[7m   [0m [91m  ~~~~~~~~~~[0m
[96msrc/modules/bookings/booking-acceptance.controller.ts[0m:[93m128[0m:[93m13[0m - [91merror[0m[90m TS1005: [0m',' expected.

[7m128[0m   acceptLink: string,
[7m   [0m [91m            ~[0m
[96msrc/modules/bookings/booking-acceptance.controller.ts[0m:[93m128[0m:[93m15[0m - [91merror[0m[90m TS2693: [0m'string' only refers to a type, but is being used as a value here.

[7m128[0m   acceptLink: string,
[7m   [0m [91m              ~~~~~~[0m
[96msrc/modules/bookings/booking-acceptance.controller.ts[0m:[93m129[0m:[93m3[0m - [91merror[0m[90m TS2304: [0mCannot find name 'declineLink'.

[7m129[0m   declineLink: string,
[7m   [0m [91m  ~~~~~~~~~~~[0m
[96msrc/modules/bookings/booking-acceptance.controller.ts[0m:[93m129[0m:[93m14[0m - [91merror[0m[90m TS1005: [0m',' expected.

[7m129[0m   declineLink: string,
[7m   [0m [91m             ~[0m
[96msrc/modules/bookings/booking-acceptance.controller.ts[0m:[93m129[0m:[93m16[0m - [91merror[0m[90m TS2693: [0m'string' only refers to a type, but is being used as a value here.

[7m129[0m   declineLink: string,
[7m   [0m [91m               ~~~~~~[0m
[96msrc/modules/bookings/booking-acceptance.controller.ts[0m:[93m130[0m:[93m2[0m - [91merror[0m[90m TS1005: [0m';' expected.

[7m130[0m ): Promise<void> {
[7m   [0m [91m ~[0m
[96msrc/modules/bookings/booking-acceptance.controller.ts[0m:[93m130[0m:[93m4[0m - [91merror[0m[90m TS2365: [0mOperator '>' cannot be applied to types 'boolean' and '{ const: string; await: any; sgMail: any; "": any; }'.

[7m130[0m ): Promise<void> {
[7m   [0m [91m   ~~~~~~~~~~~~~~~[0m
[7m131[0m   const config = sendgridConfig();
[7m   [0m [91m~~~~~~~~~~~~~~~~~~~~~~~~~~~~~~~~~~[0m
[7m...[0m 
[7m162[0m   });
[7m   [0m [91m~~~~~[0m
[7m163[0m }
[7m   [0m [91m~[0m
[96msrc/modules/bookings/booking-acceptance.controller.ts[0m:[93m130[0m:[93m12[0m - [91merror[0m[90m TS2532: [0mObject is possibly 'undefined'.

[7m130[0m ): Promise<void> {
[7m   [0m [91m           ~~~~[0m
[96msrc/modules/bookings/booking-acceptance.controller.ts[0m:[93m130[0m:[93m16[0m - [91merror[0m[90m TS1109: [0mExpression expected.

[7m130[0m ): Promise<void> {
[7m   [0m [91m               ~[0m
[96msrc/modules/bookings/booking-acceptance.controller.ts[0m:[93m131[0m:[93m9[0m - [91merror[0m[90m TS1005: [0m':' expected.

[7m131[0m   const config = sendgridConfig();
[7m   [0m [91m        ~~~~~~[0m
[96msrc/modules/bookings/booking-acceptance.controller.ts[0m:[93m131[0m:[93m9[0m - [91merror[0m[90m TS2304: [0mCannot find name 'config'.

[7m131[0m   const config = sendgridConfig();
[7m   [0m [91m        ~~~~~~[0m
[96msrc/modules/bookings/booking-acceptance.controller.ts[0m:[93m131[0m:[93m18[0m - [91merror[0m[90m TS2304: [0mCannot find name 'sendgridConfig'.

[7m131[0m   const config = sendgridConfig();
[7m   [0m [91m                 ~~~~~~~~~~~~~~[0m
[96msrc/modules/bookings/booking-acceptance.controller.ts[0m:[93m131[0m:[93m34[0m - [91merror[0m[90m TS1005: [0m',' expected.

[7m131[0m   const config = sendgridConfig();
[7m   [0m [91m                                 ~[0m
[96msrc/modules/bookings/booking-acceptance.controller.ts[0m:[93m132[0m:[93m9[0m - [91merror[0m[90m TS1005: [0m':' expected.

[7m132[0m   const formattedDate = scheduledDate.toLocaleDateString('en-AU');
[7m   [0m [91m        ~~~~~~~~~~~~~[0m
[96msrc/modules/bookings/booking-acceptance.controller.ts[0m:[93m132[0m:[93m9[0m - [91merror[0m[90m TS2304: [0mCannot find name 'formattedDate'.

[7m132[0m   const formattedDate = scheduledDate.toLocaleDateString('en-AU');
[7m   [0m [91m        ~~~~~~~~~~~~~[0m
[96msrc/modules/bookings/booking-acceptance.controller.ts[0m:[93m132[0m:[93m25[0m - [91merror[0m[90m TS2304: [0mCannot find name 'scheduledDate'.

[7m132[0m   const formattedDate = scheduledDate.toLocaleDateString('en-AU');
[7m   [0m [91m                        ~~~~~~~~~~~~~[0m
[96msrc/modules/bookings/booking-acceptance.controller.ts[0m:[93m132[0m:[93m66[0m - [91merror[0m[90m TS1005: [0m',' expected.

[7m132[0m   const formattedDate = scheduledDate.toLocaleDateString('en-AU');
[7m   [0m [91m                                                                 ~[0m
[96msrc/modules/bookings/booking-acceptance.controller.ts[0m:[93m133[0m:[93m9[0m - [91merror[0m[90m TS1005: [0m':' expected.

[7m133[0m   const time = scheduledDate.toLocaleTimeString('en-AU', {
[7m   [0m [91m        ~~~~[0m
[96msrc/modules/bookings/booking-acceptance.controller.ts[0m:[93m133[0m:[93m9[0m - [91merror[0m[90m TS2304: [0mCannot find name 'time'.

[7m133[0m   const time = scheduledDate.toLocaleTimeString('en-AU', {
[7m   [0m [91m        ~~~~[0m
[96msrc/modules/bookings/booking-acceptance.controller.ts[0m:[93m133[0m:[93m16[0m - [91merror[0m[90m TS2304: [0mCannot find name 'scheduledDate'.

[7m133[0m   const time = scheduledDate.toLocaleTimeString('en-AU', {
[7m   [0m [91m               ~~~~~~~~~~~~~[0m
[96msrc/modules/bookings/booking-acceptance.controller.ts[0m:[93m136[0m:[93m5[0m - [91merror[0m[90m TS1005: [0m',' expected.

[7m136[0m   });
[7m   [0m [91m    ~[0m
[96msrc/modules/bookings/booking-acceptance.controller.ts[0m:[93m138[0m:[93m9[0m - [91merror[0m[90m TS1005: [0m':' expected.

[7m138[0m   const htmlContent = `
[7m   [0m [91m        ~~~~~~~~~~~[0m
[96msrc/modules/bookings/booking-acceptance.controller.ts[0m:[93m138[0m:[93m9[0m - [91merror[0m[90m TS2304: [0mCannot find name 'htmlContent'.

[7m138[0m   const htmlContent = `
[7m   [0m [91m        ~~~~~~~~~~~[0m
[96msrc/modules/bookings/booking-acceptance.controller.ts[0m:[93m141[0m:[93m15[0m - [91merror[0m[90m TS2304: [0mCannot find name 'businessName'.

[7m141[0m       <p>Hi ${businessName},</p>
[7m   [0m [91m              ~~~~~~~~~~~~[0m
[96msrc/modules/bookings/booking-acceptance.controller.ts[0m:[93m142[0m:[93m48[0m - [91merror[0m[90m TS2304: [0mCannot find name 'customerName'.

[7m142[0m       <p>You have a new booking request from ${customerName}.</p>
[7m   [0m [91m                                               ~~~~~~~~~~~~[0m
[96msrc/modules/bookings/booking-acceptance.controller.ts[0m:[93m144[0m:[93m40[0m - [91merror[0m[90m TS2304: [0mCannot find name 'serviceName'.

[7m144[0m         <p><strong>Service:</strong> ${serviceName}</p>
[7m   [0m [91m                                       ~~~~~~~~~~~[0m
[96msrc/modules/bookings/booking-acceptance.controller.ts[0m:[93m145[0m:[93m37[0m - [91merror[0m[90m TS2304: [0mCannot find name 'formattedDate'.

[7m145[0m         <p><strong>Date:</strong> ${formattedDate}</p>
[7m   [0m [91m                                    ~~~~~~~~~~~~~[0m
[96msrc/modules/bookings/booking-acceptance.controller.ts[0m:[93m146[0m:[93m37[0m - [91merror[0m[90m TS2304: [0mCannot find name 'time'.

[7m146[0m         <p><strong>Time:</strong> ${time}</p>
[7m   [0m [91m                                    ~~~~[0m
[96msrc/modules/bookings/booking-acceptance.controller.ts[0m:[93m149[0m:[93m20[0m - [91merror[0m[90m TS2304: [0mCannot find name 'acceptLink'.

[7m149[0m         <a href="${acceptLink}" style="display: inline-block; background: #4CAF50; color: white; padding: 12px 30px; text-decoration: none; border-radius: 6px; margin-right: 10px;">Accept</a>
[7m   [0m [91m                   ~~~~~~~~~~[0m
[96msrc/modules/bookings/booking-acceptance.controller.ts[0m:[93m150[0m:[93m20[0m - [91merror[0m[90m TS2304: [0mCannot find name 'declineLink'.

[7m150[0m         <a href="${declineLink}" style="display: inline-block; background: #f44336; color: white; padding: 12px 30px; text-decoration: none; border-radius: 6px;">Decline</a>
[7m   [0m [91m                   ~~~~~~~~~~~[0m
[96msrc/modules/bookings/booking-acceptance.controller.ts[0m:[93m155[0m:[93m4[0m - [91merror[0m[90m TS1005: [0m',' expected.

[7m155[0m   `;
[7m   [0m [91m   ~[0m
[96msrc/modules/bookings/booking-acceptance.controller.ts[0m:[93m157[0m:[93m3[0m - [91merror[0m[90m TS18004: [0mNo value exists in scope for the shorthand property 'await'. Either declare one or provide an initializer.

[7m157[0m   await sgMail.send({
[7m   [0m [91m  ~~~~~[0m
[96msrc/modules/bookings/booking-acceptance.controller.ts[0m:[93m157[0m:[93m9[0m - [91merror[0m[90m TS1005: [0m',' expected.

[7m157[0m   await sgMail.send({
[7m   [0m [91m        ~~~~~~[0m
[96msrc/modules/bookings/booking-acceptance.controller.ts[0m:[93m157[0m:[93m9[0m - [91merror[0m[90m TS18004: [0mNo value exists in scope for the shorthand property 'sgMail'. Either declare one or provide an initializer.

[7m157[0m   await sgMail.send({
[7m   [0m [91m        ~~~~~~[0m
[96msrc/modules/bookings/booking-acceptance.controller.ts[0m:[93m157[0m:[93m15[0m - [91merror[0m[90m TS1005: [0m',' expected.

[7m157[0m   await sgMail.send({
[7m   [0m [91m              ~[0m
[96msrc/modules/bookings/booking-acceptance.controller.ts[0m:[93m158[0m:[93m9[0m - [91merror[0m[90m TS2304: [0mCannot find name 'businessEmail'.

[7m158[0m     to: businessEmail,
[7m   [0m [91m        ~~~~~~~~~~~~~[0m
[96msrc/modules/bookings/booking-acceptance.controller.ts[0m:[93m159[0m:[93m11[0m - [91merror[0m[90m TS2304: [0mCannot find name 'config'.

[7m159[0m     from: config.fromEmail,
[7m   [0m [91m          ~~~~~~[0m
[96msrc/modules/bookings/booking-acceptance.controller.ts[0m:[93m160[0m:[93m39[0m - [91merror[0m[90m TS2304: [0mCannot find name 'customerName'.

[7m160[0m     subject: `New Booking Request - ${customerName}`,
[7m   [0m [91m                                      ~~~~~~~~~~~~[0m
[96msrc/modules/bookings/booking-acceptance.controller.ts[0m:[93m161[0m:[93m11[0m - [91merror[0m[90m TS2304: [0mCannot find name 'htmlContent'.

[7m161[0m     html: htmlContent,
[7m   [0m [91m          ~~~~~~~~~~~[0m
[96msrc/modules/bookings/booking-acceptance.controller.ts[0m:[93m162[0m:[93m5[0m - [91merror[0m[90m TS1005: [0m',' expected.

[7m162[0m   });
[7m   [0m [91m    ~[0m
[96msrc/modules/bookings/booking-acceptance.controller.ts[0m:[93m165[0m:[93m1[0m - [91merror[0m[90m TS1434: [0mUnexpected keyword or identifier.

[7m165[0m async sendPaymentRequestEmail(
[7m   [0m [91m~~~~~[0m
[96msrc/modules/bookings/booking-acceptance.controller.ts[0m:[93m165[0m:[93m1[0m - [91merror[0m[90m TS2304: [0mCannot find name 'async'.

[7m165[0m async sendPaymentRequestEmail(
[7m   [0m [91m~~~~~[0m
[96msrc/modules/bookings/booking-acceptance.controller.ts[0m:[93m165[0m:[93m7[0m - [91merror[0m[90m TS2304: [0mCannot find name 'sendPaymentRequestEmail'.

[7m165[0m async sendPaymentRequestEmail(
[7m   [0m [91m      ~~~~~~~~~~~~~~~~~~~~~~~[0m
[96msrc/modules/bookings/booking-acceptance.controller.ts[0m:[93m166[0m:[93m3[0m - [91merror[0m[90m TS2304: [0mCannot find name 'customerEmail'.

[7m166[0m   customerEmail: string,
[7m   [0m [91m  ~~~~~~~~~~~~~[0m
[96msrc/modules/bookings/booking-acceptance.controller.ts[0m:[93m166[0m:[93m16[0m - [91merror[0m[90m TS1005: [0m',' expected.

[7m166[0m   customerEmail: string,
[7m   [0m [91m               ~[0m
[96msrc/modules/bookings/booking-acceptance.controller.ts[0m:[93m166[0m:[93m18[0m - [91merror[0m[90m TS2693: [0m'string' only refers to a type, but is being used as a value here.

[7m166[0m   customerEmail: string,
[7m   [0m [91m                 ~~~~~~[0m
[96msrc/modules/bookings/booking-acceptance.controller.ts[0m:[93m167[0m:[93m3[0m - [91merror[0m[90m TS2304: [0mCannot find name 'customerName'.

[7m167[0m   customerName: string,
[7m   [0m [91m  ~~~~~~~~~~~~[0m
[96msrc/modules/bookings/booking-acceptance.controller.ts[0m:[93m167[0m:[93m15[0m - [91merror[0m[90m TS1005: [0m',' expected.

[7m167[0m   customerName: string,
[7m   [0m [91m              ~[0m
[96msrc/modules/bookings/booking-acceptance.controller.ts[0m:[93m167[0m:[93m17[0m - [91merror[0m[90m TS2693: [0m'string' only refers to a type, but is being used as a value here.

[7m167[0m   customerName: string,
[7m   [0m [91m                ~~~~~~[0m
[96msrc/modules/bookings/booking-acceptance.controller.ts[0m:[93m168[0m:[93m3[0m - [91merror[0m[90m TS2304: [0mCannot find name 'businessName'.

[7m168[0m   businessName: string,
[7m   [0m [91m  ~~~~~~~~~~~~[0m
[96msrc/modules/bookings/booking-acceptance.controller.ts[0m:[93m168[0m:[93m15[0m - [91merror[0m[90m TS1005: [0m',' expected.

[7m168[0m   businessName: string,
[7m   [0m [91m              ~[0m
[96msrc/modules/bookings/booking-acceptance.controller.ts[0m:[93m168[0m:[93m17[0m - [91merror[0m[90m TS2693: [0m'string' only refers to a type, but is being used as a value here.

[7m168[0m   businessName: string,
[7m   [0m [91m                ~~~~~~[0m
[96msrc/modules/bookings/booking-acceptance.controller.ts[0m:[93m169[0m:[93m3[0m - [91merror[0m[90m TS2304: [0mCannot find name 'amount'.

[7m169[0m   amount: number,
[7m   [0m [91m  ~~~~~~[0m
[96msrc/modules/bookings/booking-acceptance.controller.ts[0m:[93m169[0m:[93m9[0m - [91merror[0m[90m TS1005: [0m',' expected.

[7m169[0m   amount: number,
[7m   [0m [91m        ~[0m
[96msrc/modules/bookings/booking-acceptance.controller.ts[0m:[93m169[0m:[93m11[0m - [91merror[0m[90m TS2693: [0m'number' only refers to a type, but is being used as a value here.

[7m169[0m   amount: number,
[7m   [0m [91m          ~~~~~~[0m
[96msrc/modules/bookings/booking-acceptance.controller.ts[0m:[93m170[0m:[93m3[0m - [91merror[0m[90m TS2304: [0mCannot find name 'scheduledDate'.

[7m170[0m   scheduledDate: Date,
[7m   [0m [91m  ~~~~~~~~~~~~~[0m
[96msrc/modules/bookings/booking-acceptance.controller.ts[0m:[93m170[0m:[93m16[0m - [91merror[0m[90m TS1005: [0m',' expected.

[7m170[0m   scheduledDate: Date,
[7m   [0m [91m               ~[0m
[96msrc/modules/bookings/booking-acceptance.controller.ts[0m:[93m171[0m:[93m3[0m - [91merror[0m[90m TS2304: [0mCannot find name 'paymentLink'.

[7m171[0m   paymentLink: string,
[7m   [0m [91m  ~~~~~~~~~~~[0m
[96msrc/modules/bookings/booking-acceptance.controller.ts[0m:[93m171[0m:[93m14[0m - [91merror[0m[90m TS1005: [0m',' expected.

[7m171[0m   paymentLink: string,
[7m   [0m [91m             ~[0m
[96msrc/modules/bookings/booking-acceptance.controller.ts[0m:[93m171[0m:[93m16[0m - [91merror[0m[90m TS2693: [0m'string' only refers to a type, but is being used as a value here.

[7m171[0m   paymentLink: string,
[7m   [0m [91m               ~~~~~~[0m
[96msrc/modules/bookings/booking-acceptance.controller.ts[0m:[93m172[0m:[93m2[0m - [91merror[0m[90m TS1005: [0m';' expected.

[7m172[0m ): Promise<void> {
[7m   [0m [91m ~[0m
[96msrc/modules/bookings/booking-acceptance.controller.ts[0m:[93m172[0m:[93m4[0m - [91merror[0m[90m TS2365: [0mOperator '>' cannot be applied to types 'boolean' and '{ const: string; await: any; sgMail: any; "": any; }'.

[7m172[0m ): Promise<void> {
[7m   [0m [91m   ~~~~~~~~~~~~~~~[0m
[7m173[0m   const config = sendgridConfig();
[7m   [0m [91m~~~~~~~~~~~~~~~~~~~~~~~~~~~~~~~~~~[0m
[7m...[0m 
[7m199[0m   });
[7m   [0m [91m~~~~~[0m
[7m200[0m }
[7m   [0m [91m~[0m
[96msrc/modules/bookings/booking-acceptance.controller.ts[0m:[93m172[0m:[93m12[0m - [91merror[0m[90m TS2532: [0mObject is possibly 'undefined'.

[7m172[0m ): Promise<void> {
[7m   [0m [91m           ~~~~[0m
[96msrc/modules/bookings/booking-acceptance.controller.ts[0m:[93m172[0m:[93m16[0m - [91merror[0m[90m TS1109: [0mExpression expected.

[7m172[0m ): Promise<void> {
[7m   [0m [91m               ~[0m
[96msrc/modules/bookings/booking-acceptance.controller.ts[0m:[93m173[0m:[93m9[0m - [91merror[0m[90m TS1005: [0m':' expected.

[7m173[0m   const config = sendgridConfig();
[7m   [0m [91m        ~~~~~~[0m
[96msrc/modules/bookings/booking-acceptance.controller.ts[0m:[93m173[0m:[93m9[0m - [91merror[0m[90m TS2304: [0mCannot find name 'config'.

[7m173[0m   const config = sendgridConfig();
[7m   [0m [91m        ~~~~~~[0m
[96msrc/modules/bookings/booking-acceptance.controller.ts[0m:[93m173[0m:[93m18[0m - [91merror[0m[90m TS2304: [0mCannot find name 'sendgridConfig'.

[7m173[0m   const config = sendgridConfig();
[7m   [0m [91m                 ~~~~~~~~~~~~~~[0m
[96msrc/modules/bookings/booking-acceptance.controller.ts[0m:[93m173[0m:[93m34[0m - [91merror[0m[90m TS1005: [0m',' expected.

[7m173[0m   const config = sendgridConfig();
[7m   [0m [91m                                 ~[0m
[96msrc/modules/bookings/booking-acceptance.controller.ts[0m:[93m174[0m:[93m9[0m - [91merror[0m[90m TS1005: [0m':' expected.

[7m174[0m   const formattedDate = scheduledDate.toLocaleDateString('en-AU');
[7m   [0m [91m        ~~~~~~~~~~~~~[0m
[96msrc/modules/bookings/booking-acceptance.controller.ts[0m:[93m174[0m:[93m9[0m - [91merror[0m[90m TS2304: [0mCannot find name 'formattedDate'.

[7m174[0m   const formattedDate = scheduledDate.toLocaleDateString('en-AU');
[7m   [0m [91m        ~~~~~~~~~~~~~[0m
[96msrc/modules/bookings/booking-acceptance.controller.ts[0m:[93m174[0m:[93m25[0m - [91merror[0m[90m TS2304: [0mCannot find name 'scheduledDate'.

[7m174[0m   const formattedDate = scheduledDate.toLocaleDateString('en-AU');
[7m   [0m [91m                        ~~~~~~~~~~~~~[0m
[96msrc/modules/bookings/booking-acceptance.controller.ts[0m:[93m174[0m:[93m66[0m - [91merror[0m[90m TS1005: [0m',' expected.

[7m174[0m   const formattedDate = scheduledDate.toLocaleDateString('en-AU');
[7m   [0m [91m                                                                 ~[0m
[96msrc/modules/bookings/booking-acceptance.controller.ts[0m:[93m176[0m:[93m9[0m - [91merror[0m[90m TS1005: [0m':' expected.

[7m176[0m   const htmlContent = `
[7m   [0m [91m        ~~~~~~~~~~~[0m
[96msrc/modules/bookings/booking-acceptance.controller.ts[0m:[93m176[0m:[93m9[0m - [91merror[0m[90m TS2304: [0mCannot find name 'htmlContent'.

[7m176[0m   const htmlContent = `
[7m   [0m [91m        ~~~~~~~~~~~[0m
[96msrc/modules/bookings/booking-acceptance.controller.ts[0m:[93m179[0m:[93m15[0m - [91merror[0m[90m TS2304: [0mCannot find name 'customerName'.

[7m179[0m       <p>Hi ${customerName},</p>
[7m   [0m [91m              ~~~~~~~~~~~~[0m
[96msrc/modules/bookings/booking-acceptance.controller.ts[0m:[93m180[0m:[93m20[0m - [91merror[0m[90m TS2304: [0mCannot find name 'businessName'.

[7m180[0m       <p><strong>${businessName}</strong> has accepted your booking request!</p>
[7m   [0m [91m                   ~~~~~~~~~~~~[0m
[96msrc/modules/bookings/booking-acceptance.controller.ts[0m:[93m182[0m:[93m45[0m - [91merror[0m[90m TS2304: [0mCannot find name 'formattedDate'.

[7m182[0m         <p><strong>Booking Date:</strong> ${formattedDate}</p>
[7m   [0m [91m                                            ~~~~~~~~~~~~~[0m
[96msrc/modules/bookings/booking-acceptance.controller.ts[0m:[93m183[0m:[93m76[0m - [91merror[0m[90m TS2304: [0mCannot find name 'amount'.

[7m183[0m         <p style="font-size: 24px; margin: 20px 0;"><strong>Amount Due: $${amount.toFixed(2)}</strong></p>
[7m   [0m [91m                                                                           ~~~~~~[0m
[96msrc/modules/bookings/booking-acceptance.controller.ts[0m:[93m187[0m:[93m20[0m - [91merror[0m[90m TS2304: [0mCannot find name 'paymentLink'.

[7m187[0m         <a href="${paymentLink}" style="display: inline-block; background: #FF6B35; color: white; padding: 12px 30px; text-decoration: none; border-radius: 6px; font-weight: bold;">Pay Now</a>
[7m   [0m [91m                   ~~~~~~~~~~~[0m
[96msrc/modules/bookings/booking-acceptance.controller.ts[0m:[93m192[0m:[93m4[0m - [91merror[0m[90m TS1005: [0m',' expected.

[7m192[0m   `;
[7m   [0m [91m   ~[0m
[96msrc/modules/bookings/booking-acceptance.controller.ts[0m:[93m194[0m:[93m3[0m - [91merror[0m[90m TS18004: [0mNo value exists in scope for the shorthand property 'await'. Either declare one or provide an initializer.

[7m194[0m   await sgMail.send({
[7m   [0m [91m  ~~~~~[0m
[96msrc/modules/bookings/booking-acceptance.controller.ts[0m:[93m194[0m:[93m9[0m - [91merror[0m[90m TS1005: [0m',' expected.

[7m194[0m   await sgMail.send({
[7m   [0m [91m        ~~~~~~[0m
[96msrc/modules/bookings/booking-acceptance.controller.ts[0m:[93m194[0m:[93m9[0m - [91merror[0m[90m TS18004: [0mNo value exists in scope for the shorthand property 'sgMail'. Either declare one or provide an initializer.

[7m194[0m   await sgMail.send({
[7m   [0m [91m        ~~~~~~[0m
[96msrc/modules/bookings/booking-acceptance.controller.ts[0m:[93m194[0m:[93m15[0m - [91merror[0m[90m TS1005: [0m',' expected.

[7m194[0m   await sgMail.send({
[7m   [0m [91m              ~[0m
[96msrc/modules/bookings/booking-acceptance.controller.ts[0m:[93m195[0m:[93m9[0m - [91merror[0m[90m TS2304: [0mCannot find name 'customerEmail'.

[7m195[0m     to: customerEmail,
[7m   [0m [91m        ~~~~~~~~~~~~~[0m
[96msrc/modules/bookings/booking-acceptance.controller.ts[0m:[93m196[0m:[93m11[0m - [91merror[0m[90m TS2304: [0mCannot find name 'config'.

[7m196[0m     from: config.fromEmail,
[7m   [0m [91m          ~~~~~~[0m
[96msrc/modules/bookings/booking-acceptance.controller.ts[0m:[93m198[0m:[93m11[0m - [91merror[0m[90m TS2304: [0mCannot find name 'htmlContent'.

[7m198[0m     html: htmlContent,
[7m   [0m [91m          ~~~~~~~~~~~[0m
[96msrc/modules/bookings/booking-acceptance.controller.ts[0m:[93m199[0m:[93m5[0m - [91merror[0m[90m TS1005: [0m',' expected.

[7m199[0m   });
[7m   [0m [91m    ~[0m
[96msrc/modules/bookings/booking-acceptance.controller.ts[0m:[93m202[0m:[93m1[0m - [91merror[0m[90m TS1434: [0mUnexpected keyword or identifier.

[7m202[0m async sendBookingDeclinedEmail(
[7m   [0m [91m~~~~~[0m
[96msrc/modules/bookings/booking-acceptance.controller.ts[0m:[93m202[0m:[93m1[0m - [91merror[0m[90m TS2304: [0mCannot find name 'async'.

[7m202[0m async sendBookingDeclinedEmail(
[7m   [0m [91m~~~~~[0m
[96msrc/modules/bookings/booking-acceptance.controller.ts[0m:[93m202[0m:[93m7[0m - [91merror[0m[90m TS2304: [0mCannot find name 'sendBookingDeclinedEmail'.

[7m202[0m async sendBookingDeclinedEmail(
[7m   [0m [91m      ~~~~~~~~~~~~~~~~~~~~~~~~[0m
[96msrc/modules/bookings/booking-acceptance.controller.ts[0m:[93m203[0m:[93m3[0m - [91merror[0m[90m TS2304: [0mCannot find name 'customerEmail'.

[7m203[0m   customerEmail: string,
[7m   [0m [91m  ~~~~~~~~~~~~~[0m
[96msrc/modules/bookings/booking-acceptance.controller.ts[0m:[93m203[0m:[93m16[0m - [91merror[0m[90m TS1005: [0m',' expected.

[7m203[0m   customerEmail: string,
[7m   [0m [91m               ~[0m
[96msrc/modules/bookings/booking-acceptance.controller.ts[0m:[93m203[0m:[93m18[0m - [91merror[0m[90m TS2693: [0m'string' only refers to a type, but is being used as a value here.

[7m203[0m   customerEmail: string,
[7m   [0m [91m                 ~~~~~~[0m
[96msrc/modules/bookings/booking-acceptance.controller.ts[0m:[93m204[0m:[93m3[0m - [91merror[0m[90m TS2304: [0mCannot find name 'customerName'.

[7m204[0m   customerName: string,
[7m   [0m [91m  ~~~~~~~~~~~~[0m
[96msrc/modules/bookings/booking-acceptance.controller.ts[0m:[93m204[0m:[93m15[0m - [91merror[0m[90m TS1005: [0m',' expected.

[7m204[0m   customerName: string,
[7m   [0m [91m              ~[0m
[96msrc/modules/bookings/booking-acceptance.controller.ts[0m:[93m204[0m:[93m17[0m - [91merror[0m[90m TS2693: [0m'string' only refers to a type, but is being used as a value here.

[7m204[0m   customerName: string,
[7m   [0m [91m                ~~~~~~[0m
[96msrc/modules/bookings/booking-acceptance.controller.ts[0m:[93m205[0m:[93m3[0m - [91merror[0m[90m TS2304: [0mCannot find name 'businessName'.

[7m205[0m   businessName: string,
[7m   [0m [91m  ~~~~~~~~~~~~[0m
[96msrc/modules/bookings/booking-acceptance.controller.ts[0m:[93m205[0m:[93m15[0m - [91merror[0m[90m TS1005: [0m',' expected.

[7m205[0m   businessName: string,
[7m   [0m [91m              ~[0m
[96msrc/modules/bookings/booking-acceptance.controller.ts[0m:[93m205[0m:[93m17[0m - [91merror[0m[90m TS2693: [0m'string' only refers to a type, but is being used as a value here.

[7m205[0m   businessName: string,
[7m   [0m [91m                ~~~~~~[0m
[96msrc/modules/bookings/booking-acceptance.controller.ts[0m:[93m206[0m:[93m3[0m - [91merror[0m[90m TS2304: [0mCannot find name 'reason'.

[7m206[0m   reason: string,
[7m   [0m [91m  ~~~~~~[0m
[96msrc/modules/bookings/booking-acceptance.controller.ts[0m:[93m206[0m:[93m9[0m - [91merror[0m[90m TS1005: [0m',' expected.

[7m206[0m   reason: string,
[7m   [0m [91m        ~[0m
[96msrc/modules/bookings/booking-acceptance.controller.ts[0m:[93m206[0m:[93m11[0m - [91merror[0m[90m TS2693: [0m'string' only refers to a type, but is being used as a value here.

[7m206[0m   reason: string,
[7m   [0m [91m          ~~~~~~[0m
[96msrc/modules/bookings/booking-acceptance.controller.ts[0m:[93m207[0m:[93m2[0m - [91merror[0m[90m TS1005: [0m';' expected.

[7m207[0m ): Promise<void> {
[7m   [0m [91m ~[0m
[96msrc/modules/bookings/booking-acceptance.controller.ts[0m:[93m207[0m:[93m4[0m - [91merror[0m[90m TS2365: [0mOperator '>' cannot be applied to types 'boolean' and '{ const: string; await: any; sgMail: any; "": any; }'.

[7m207[0m ): Promise<void> {
[7m   [0m [91m   ~~~~~~~~~~~~~~~[0m
[7m208[0m   const config = sendgridConfig();
[7m   [0m [91m~~~~~~~~~~~~~~~~~~~~~~~~~~~~~~~~~~[0m
[7m...[0m 
[7m229[0m   });
[7m   [0m [91m~~~~~[0m
[7m230[0m }
[7m   [0m [91m~[0m
[96msrc/modules/bookings/booking-acceptance.controller.ts[0m:[93m207[0m:[93m12[0m - [91merror[0m[90m TS253