
> urbanhelp-backend@1.0.0 prebuild
> rimraf dist


> urbanhelp-backend@1.0.0 build
> nest build

[96msrc/app.module.ts[0m:[93m27[0m:[93m28[0m - [91merror[0m[90m TS2307: [0mCannot find module './modules/auth/auth.module' or its corresponding type declarations.

[7m27[0m import { AuthModule } from './modules/auth/auth.module';
[7m  [0m [91m                           ~~~~~~~~~~~~~~~~~~~~~~~~~~~~[0m
[96msrc/app.module.ts[0m:[93m32[0m:[93m33[0m - [91merror[0m[90m TS2307: [0mCannot find module './modules/customers/customers.module' or its corresponding type declarations.

[7m32[0m import { CustomersModule } from './modules/customers/customers.module';
[7m  [0m [91m                                ~~~~~~~~~~~~~~~~~~~~~~~~~~~~~~~~~~~~~~[0m
[96msrc/app.module.ts[0m:[93m34[0m:[93m30[0m - [91merror[0m[90m TS2307: [0mCannot find module './modules/search/search.module' or its corresponding type declarations.

[7m34[0m import { SearchModule } from './modules/search/search.module';
[7m  [0m [91m                             ~~~~~~~~~~~~~~~~~~~~~~~~~~~~~~~~[0m
[96msrc/app.module.ts[0m:[93m90[0m:[93m7[0m - [91merror[0m[90m TS2353: [0mObject literal may only specify known properties, and 'config' does not exist in type 'RedisModuleOptions'.

[7m90[0m       config: {
[7m  [0m [91m      ~~~~~~[0m
[96msrc/app.module.ts[0m:[93m94[0m:[93m25[0m - [91merror[0m[90m TS7006: [0mParameter 'times' implicitly has an 'any' type.

[7m94[0m         retryStrategy: (times) => {
[7m  [0m [91m                        ~~~~~[0m
[96msrc/auth/dtos/auth.dto.ts[0m:[93m25[0m:[93m3[0m - [91merror[0m[90m TS2564: [0mProperty 'first_name' has no initializer and is not definitely assigned in the constructor.

[7m25[0m   first_name: string;
[7m  [0m [91m  ~~~~~~~~~~[0m
[96msrc/auth/dtos/auth.dto.ts[0m:[93m30[0m:[93m3[0m - [91merror[0m[90m TS2564: [0mProperty 'last_name' has no initializer and is not definitely assigned in the constructor.

[7m30[0m   last_name: string;
[7m  [0m [91m  ~~~~~~~~~[0m
[96msrc/auth/dtos/auth.dto.ts[0m:[93m40[0m:[93m3[0m - [91merror[0m[90m TS2564: [0mProperty 'password' has no initializer and is not definitely assigned in the constructor.

[7m40[0m   password: string;
[7m  [0m [91m  ~~~~~~~~[0m
[96msrc/bookings/dtos/booking.dto.ts[0m:[93m72[0m:[93m3[0m - [91merror[0m[90m TS2564: [0mProperty 'reason' has no initializer and is not definitely assigned in the constructor.

[7m72[0m   reason: string;
[7m  [0m [91m  ~~~~~~[0m
[96msrc/businesses/dtos/business.dto.ts[0m:[93m33[0m:[93m3[0m - [91merror[0m[90m TS2564: [0mProperty 'abn' has no initializer and is not definitely assigned in the constructor.

[7m33[0m   abn: string;
[7m  [0m [91m  ~~~[0m
[96msrc/businesses/dtos/business.dto.ts[0m:[93m37[0m:[93m3[0m - [91merror[0m[90m TS2564: [0mProperty 'category' has no initializer and is not definitely assigned in the constructor.

[7m37[0m   category: BusinessCategory;
[7m  [0m [91m  ~~~~~~~~[0m
[96msrc/businesses/dtos/business.dto.ts[0m:[93m41[0m:[93m3[0m - [91merror[0m[90m TS2564: [0mProperty 'email' has no initializer and is not definitely assigned in the constructor.

[7m41[0m   email: string;
[7m  [0m [91m  ~~~~~[0m
[96msrc/businesses/dtos/business.dto.ts[0m:[93m45[0m:[93m3[0m - [91merror[0m[90m TS2564: [0mProperty 'phone' has no initializer and is not definitely assigned in the constructor.

[7m45[0m   phone: string;
[7m  [0m [91m  ~~~~~[0m
[96msrc/businesses/dtos/business.dto.ts[0m:[93m58[0m:[93m3[0m - [91merror[0m[90m TS2564: [0mProperty 'suburb' has no initializer and is not definitely assigned in the constructor.

[7m58[0m   suburb: string;
[7m  [0m [91m  ~~~~~~[0m
[96msrc/businesses/dtos/business.dto.ts[0m:[93m62[0m:[93m3[0m - [91merror[0m[90m TS2564: [0mProperty 'state' has no initializer and is not definitely assigned in the constructor.

[7m62[0m   state: string;
[7m  [0m [91m  ~~~~~[0m
[96msrc/businesses/dtos/business.dto.ts[0m:[93m66[0m:[93m3[0m - [91merror[0m[90m TS2564: [0mProperty 'postcode' has no initializer and is not definitely assigned in the constructor.

[7m66[0m   postcode: string;
[7m  [0m [91m  ~~~~~~~~[0m
[96msrc/businesses/dtos/business.dto.ts[0m:[93m70[0m:[93m3[0m - [91merror[0m[90m TS2564: [0mProperty 'street_address' has no initializer and is not definitely assigned in the constructor.

[7m70[0m   street_address: string;
[7m  [0m [91m  ~~~~~~~~~~~~~~[0m
[96msrc/businesses/dtos/business.dto.ts[0m:[93m108[0m:[93m3[0m - [91merror[0m[90m TS2564: [0mProperty 'bsb' has no initializer and is not definitely assigned in the constructor.

[7m108[0m   bsb: string;
[7m   [0m [91m  ~~~[0m
[96msrc/businesses/dtos/business.dto.ts[0m:[93m112[0m:[93m3[0m - [91merror[0m[90m TS2564: [0mProperty 'account_number' has no initializer and is not definitely assigned in the constructor.

[7m112[0m   account_number: string;
[7m   [0m [91m  ~~~~~~~~~~~~~~[0m
[96msrc/businesses/dtos/business.dto.ts[0m:[93m117[0m:[93m3[0m - [91merror[0m[90m TS2564: [0mProperty 'account_holder_name' has no initializer and is not definitely assigned in the constructor.

[7m117[0m   account_holder_name: string;
[7m   [0m [91m  ~~~~~~~~~~~~~~~~~~~[0m
[96msrc/cache/redis.service.ts[0m:[93m10[0m:[93m7[0m - [91merror[0m[90m TS2353: [0mObject literal may only specify known properties, and 'host' does not exist in type 'RedisClientOptions<RedisModules, RedisFunctions, RedisScripts>'.

[7m10[0m       host: process.env.REDIS_HOST || 'localhost',
[7m  [0m [91m      ~~~~[0m
[96msrc/common/common.module.ts[0m:[93m14[0m:[93m10[0m - [91merror[0m[90m TS2305: [0mModule '"./decorators/roles.decorator"' has no exported member 'RolesDecorator'.

[7m14[0m import { RolesDecorator } from './decorators/roles.decorator';
[7m  [0m [91m         ~~~~~~~~~~~~~~[0m
[96msrc/common/common.module.ts[0m:[93m19[0m:[93m7[0m - [91merror[0m[90m TS2353: [0mObject literal may only specify known properties, and 'config' does not exist in type 'RedisModuleOptions'.

[7m19[0m       config: {
[7m  [0m [91m      ~~~~~~[0m
[96msrc/common/entities/audit-log.entity.ts[0m:[93m14[0m:[93m3[0m - [91merror[0m[90m TS2564: [0mProperty 'id' has no initializer and is not definitely assigned in the constructor.

[7m14[0m   id: string;
[7m  [0m [91m  ~~[0m
[96msrc/common/entities/audit-log.entity.ts[0m:[93m17[0m:[93m3[0m - [91merror[0m[90m TS2564: [0mProperty 'action' has no initializer and is not definitely assigned in the constructor.

[7m17[0m   action: string;
[7m  [0m [91m  ~~~~~~[0m
[96msrc/common/entities/audit-log.entity.ts[0m:[93m26[0m:[93m3[0m - [91merror[0m[90m TS2564: [0mProperty 'status' has no initializer and is not definitely assigned in the constructor.

[7m26[0m   status: string;
[7m  [0m [91m  ~~~~~~[0m
[96msrc/common/entities/audit-log.entity.ts[0m:[93m29[0m:[93m3[0m - [91merror[0m[90m TS2564: [0mProperty 'created_at' has no initializer and is not definitely assigned in the constructor.

[7m29[0m   created_at: Date;
[7m  [0m [91m  ~~~~~~~~~~[0m
[96msrc/common/entities/booking.entity.ts[0m:[93m43[0m:[93m3[0m - [91merror[0m[90m TS2564: [0mProperty 'customer_name' has no initializer and is not definitely assigned in the constructor.

[7m43[0m   customer_name: string;
[7m  [0m [91m  ~~~~~~~~~~~~~[0m
[96msrc/common/entities/booking.entity.ts[0m:[93m46[0m:[93m3[0m - [91merror[0m[90m TS2564: [0mProperty 'customer_address' has no initializer and is not definitely assigned in the constructor.

[7m46[0m   customer_address: string;
[7m  [0m [91m  ~~~~~~~~~~~~~~~~[0m
[96msrc/common/entities/booking.entity.ts[0m:[93m52[0m:[93m3[0m - [91merror[0m[90m TS2564: [0mProperty 'problem_description' has no initializer and is not definitely assigned in the constructor.

[7m52[0m   problem_description: string;
[7m  [0m [91m  ~~~~~~~~~~~~~~~~~~~[0m
[96msrc/common/entities/booking.entity.ts[0m:[93m58[0m:[93m3[0m - [91merror[0m[90m TS2564: [0mProperty 'call_out_fee' has no initializer and is not definitely assigned in the constructor.

[7m58[0m   call_out_fee: number;
[7m  [0m [91m  ~~~~~~~~~~~~[0m
[96msrc/common/entities/booking.entity.ts[0m:[93m61[0m:[93m3[0m - [91merror[0m[90m TS2564: [0mProperty 'commission_amount' has no initializer and is not definitely assigned in the constructor.

[7m61[0m   commission_amount: number;
[7m  [0m [91m  ~~~~~~~~~~~~~~~~~[0m
[96msrc/common/entities/booking.entity.ts[0m:[93m67[0m:[93m3[0m - [91merror[0m[90m TS2564: [0mProperty 'updated_at' has no initializer and is not definitely assigned in the constructor.

[7m67[0m   updated_at: Date;
[7m  [0m [91m  ~~~~~~~~~~[0m
[96msrc/common/entities/booking.entity.ts[0m:[93m77[0m:[93m3[0m - [91merror[0m[90m TS2564: [0mProperty 'customer' has no initializer and is not definitely assigned in the constructor.

[7m77[0m   customer: CustomerEntity;
[7m  [0m [91m  ~~~~~~~~[0m
[96msrc/common/entities/booking.entity.ts[0m:[93m81[0m:[93m3[0m - [91merror[0m[90m TS2564: [0mProperty 'business' has no initializer and is not definitely assigned in the constructor.

[7m81[0m   business: BusinessEntity;
[7m  [0m [91m  ~~~~~~~~[0m
[96msrc/common/entities/business-banking-details.entity.ts[0m:[93m17[0m:[93m3[0m - [91merror[0m[90m TS2564: [0mProperty 'id' has no initializer and is not definitely assigned in the constructor.

[7m17[0m   id: string;
[7m  [0m [91m  ~~[0m
[96msrc/common/entities/business-banking-details.entity.ts[0m:[93m20[0m:[93m3[0m - [91merror[0m[90m TS2564: [0mProperty 'business_id' has no initializer and is not definitely assigned in the constructor.

[7m20[0m   business_id: string;
[7m  [0m [91m  ~~~~~~~~~~~[0m
[96msrc/common/entities/business-banking-details.entity.ts[0m:[93m23[0m:[93m3[0m - [91merror[0m[90m TS2564: [0mProperty 'account_name' has no initializer and is not definitely assigned in the constructor.

[7m23[0m   account_name: string;
[7m  [0m [91m  ~~~~~~~~~~~~[0m
[96msrc/common/entities/business-banking-details.entity.ts[0m:[93m26[0m:[93m3[0m - [91merror[0m[90m TS2564: [0mProperty 'bsb' has no initializer and is not definitely assigned in the constructor.

[7m26[0m   bsb: string;
[7m  [0m [91m  ~~~[0m
[96msrc/common/entities/business-banking-details.entity.ts[0m:[93m29[0m:[93m3[0m - [91merror[0m[90m TS2564: [0mProperty 'account_number' has no initializer and is not definitely assigned in the constructor.

[7m29[0m   account_number: string;
[7m  [0m [91m  ~~~~~~~~~~~~~~[0m
[96msrc/common/entities/business-banking-details.entity.ts[0m:[93m35[0m:[93m3[0m - [91merror[0m[90m TS2564: [0mProperty 'is_verified' has no initializer and is not definitely assigned in the constructor.

[7m35[0m   is_verified: boolean;
[7m  [0m [91m  ~~~~~~~~~~~[0m
[96msrc/common/entities/business-banking-details.entity.ts[0m:[93m38[0m:[93m3[0m - [91merror[0m[90m TS2564: [0mProperty 'created_at' has no initializer and is not definitely assigned in the constructor.

[7m38[0m   created_at: Date;
[7m  [0m [91m  ~~~~~~~~~~[0m
[96msrc/common/entities/business-banking-details.entity.ts[0m:[93m41[0m:[93m3[0m - [91merror[0m[90m TS2564: [0mProperty 'updated_at' has no initializer and is not definitely assigned in the constructor.

[7m41[0m   updated_at: Date;
[7m  [0m [91m  ~~~~~~~~~~[0m
[96msrc/common/entities/business-banking-details.entity.ts[0m:[93m45[0m:[93m3[0m - [91merror[0m[90m TS2564: [0mProperty 'business' has no initializer and is not definitely assigned in the constructor.

[7m45[0m   business: BusinessEntity;
[7m  [0m [91m  ~~~~~~~~[0m
[96msrc/common/entities/business-hours.entity.ts[0m:[93m17[0m:[93m3[0m - [91merror[0m[90m TS2564: [0mProperty 'id' has no initializer and is not definitely assigned in the constructor.

[7m17[0m   id: string;
[7m  [0m [91m  ~~[0m
[96msrc/common/entities/business-hours.entity.ts[0m:[93m20[0m:[93m3[0m - [91merror[0m[90m TS2564: [0mProperty 'business_id' has no initializer and is not definitely assigned in the constructor.

[7m20[0m   business_id: string;
[7m  [0m [91m  ~~~~~~~~~~~[0m
[96msrc/common/entities/business-hours.entity.ts[0m:[93m23[0m:[93m3[0m - [91merror[0m[90m TS2564: [0mProperty 'day_of_week' has no initializer and is not definitely assigned in the constructor.

[7m23[0m   day_of_week: number;
[7m  [0m [91m  ~~~~~~~~~~~[0m
[96msrc/common/entities/business-hours.entity.ts[0m:[93m26[0m:[93m3[0m - [91merror[0m[90m TS2564: [0mProperty 'start_time' has no initializer and is not definitely assigned in the constructor.

[7m26[0m   start_time: string;
[7m  [0m [91m  ~~~~~~~~~~[0m
[96msrc/common/entities/business-hours.entity.ts[0m:[93m29[0m:[93m3[0m - [91merror[0m[90m TS2564: [0mProperty 'end_time' has no initializer and is not definitely assigned in the constructor.

[7m29[0m   end_time: string;
[7m  [0m [91m  ~~~~~~~~[0m
[96msrc/common/entities/business-hours.entity.ts[0m:[93m32[0m:[93m3[0m - [91merror[0m[90m TS2564: [0mProperty 'is_available' has no initializer and is not definitely assigned in the constructor.

[7m32[0m   is_available: boolean;
[7m  [0m [91m  ~~~~~~~~~~~~[0m
[96msrc/common/entities/business-hours.entity.ts[0m:[93m35[0m:[93m3[0m - [91merror[0m[90m TS2564: [0mProperty 'created_at' has no initializer and is not definitely assigned in the constructor.

[7m35[0m   created_at: Date;
[7m  [0m [91m  ~~~~~~~~~~[0m
[96msrc/common/entities/business-hours.entity.ts[0m:[93m38[0m:[93m3[0m - [91merror[0m[90m TS2564: [0mProperty 'updated_at' has no initializer and is not definitely assigned in the constructor.

[7m38[0m   updated_at: Date;
[7m  [0m [91m  ~~~~~~~~~~[0m
[96msrc/common/entities/business-hours.entity.ts[0m:[93m42[0m:[93m3[0m - [91merror[0m[90m TS2564: [0mProperty 'business' has no initializer and is not definitely assigned in the constructor.

[7m42[0m   business: BusinessEntity;
[7m  [0m [91m  ~~~~~~~~[0m
[96msrc/common/entities/customer.entity.ts[0m:[93m56[0m:[93m3[0m - [91merror[0m[90m TS2564: [0mProperty 'user' has no initializer and is not definitely assigned in the constructor.

[7m56[0m   user: UserEntity;
[7m  [0m [91m  ~~~~[0m
[96msrc/common/services/audit.service.ts[0m:[93m27[0m:[93m56[0m - [91merror[0m[90m TS18046: [0m'err' is of type 'unknown'.

[7m27[0m       this.logger.error('Failed to persist audit log', err.stack || err.message);
[7m  [0m [91m                                                       ~~~[0m
[96msrc/common/services/audit.service.ts[0m:[93m27[0m:[93m69[0m - [91merror[0m[90m TS18046: [0m'err' is of type 'unknown'.

[7m27[0m       this.logger.error('Failed to persist audit log', err.stack || err.message);
[7m  [0m [91m                                                                    ~~~[0m
[96msrc/main.ts[0m:[93m38[0m:[93m12[0m - [91merror[0m[90m TS7006: [0mParameter 'req' implicitly has an 'any' type.

[7m38[0m   app.use((req, res, next) => {
[7m  [0m [91m           ~~~[0m
[96msrc/main.ts[0m:[93m38[0m:[93m17[0m - [91merror[0m[90m TS7006: [0mParameter 'res' implicitly has an 'any' type.

[7m38[0m   app.use((req, res, next) => {
[7m  [0m [91m                ~~~[0m
[96msrc/main.ts[0m:[93m38[0m:[93m22[0m - [91merror[0m[90m TS7006: [0mParameter 'next' implicitly has an 'any' type.

[7m38[0m   app.use((req, res, next) => {
[7m  [0m [91m                     ~~~~[0m
[96msrc/main.ts[0m:[93m65[0m:[93m22[0m - [91merror[0m[90m TS2769: [0mNo overload matches this call.
  Overload 1 of 4, '(typeOrToken: string | symbol | Function | Type<any>, options: { strict?: boolean | undefined; each?: false | undefined; }): any', gave the following error.
    Type '() => { status: string; timestamp: string; }' has no properties in common with type '{ strict?: boolean | undefined; each?: false | undefined; }'.
  Overload 2 of 4, '(typeOrToken: string | symbol | Function | Type<any>, options: { strict?: boolean | undefined; each: true; }): any[]', gave the following error.
    Argument of type '() => { status: string; timestamp: string; }' is not assignable to parameter of type '{ strict?: boolean | undefined; each: true; }'.
  Overload 3 of 4, '(typeOrToken: string | symbol | Function | Type<any>, options?: GetOrResolveOptions | undefined): any', gave the following error.
    Type '() => { status: string; timestamp: string; }' has no properties in common with type 'GetOrResolveOptions'.

[7m65[0m   app.get('/health', () => ({ status: 'ok', timestamp: new Date().toISOString() }));
[7m  [0m [91m                     ~~~~~~~~~~~~~~~~~~~~~~~~~~~~~~~~~~~~~~~~~~~~~~~~~~~~~~~~~~~~~[0m

[96msrc/main.ts[0m:[93m66[0m:[93m25[0m - [91merror[0m[90m TS2769: [0mNo overload matches this call.
  Overload 1 of 4, '(typeOrToken: string | symbol | Function | Type<any>, options: { strict?: boolean | undefined; each?: false | undefined; }): any', gave the following error.
    Type '() => Promise<{ status: string; service: string; }>' has no properties in common with type '{ strict?: boolean | undefined; each?: false | undefined; }'.
  Overload 2 of 4, '(typeOrToken: string | symbol | Function | Type<any>, options: { strict?: boolean | undefined; each: true; }): any[]', gave the following error.
    Argument of type '() => Promise<{ status: string; service: string; }>' is not assignable to parameter of type '{ strict?: boolean | undefined; each: true; }'.
  Overload 3 of 4, '(typeOrToken: string | symbol | Function | Type<any>, options?: GetOrResolveOptions | undefined): any', gave the following error.
    Type '() => Promise<{ status: string; service: string; }>' has no properties in common with type 'GetOrResolveOptions'.

[7m66[0m   app.get('/health/db', async () => {
[7m  [0m [91m                        ~~~~~~~~~~~~~[0m

[96msrc/modules/admin/admin.controller.ts[0m:[93m10[0m:[93m30[0m - [91merror[0m[90m TS2307: [0mCannot find module '../../auth/jwt-auth.guard' or its corresponding type declarations.

[7m10[0m import { JwtAuthGuard } from '../../auth/jwt-auth.guard';
[7m  [0m [91m                             ~~~~~~~~~~~~~~~~~~~~~~~~~~~[0m
[96msrc/modules/admin/admin.controller.ts[0m:[93m11[0m:[93m28[0m - [91merror[0m[90m TS2307: [0mCannot find module '../../auth/roles.guard' or its corresponding type declarations.

[7m11[0m import { RolesGuard } from '../../auth/roles.guard';
[7m  [0m [91m                           ~~~~~~~~~~~~~~~~~~~~~~~~[0m
[96msrc/modules/admin/admin.controller.ts[0m:[93m12[0m:[93m23[0m - [91merror[0m[90m TS2307: [0mCannot find module '../../auth/roles.decorator' or its corresponding type declarations.

[7m12[0m import { Roles } from '../../auth/roles.decorator';
[7m  [0m [91m                      ~~~~~~~~~~~~~~~~~~~~~~~~~~~~[0m
[96msrc/modules/admin/admin.controller.ts[0m:[93m62[0m:[93m17[0m - [91merror[0m[90m TS2339: [0mProperty 'service_name' does not exist on type 'BusinessServiceEntity'.

[7m62[0m         name: s.service_name,
[7m  [0m [91m                ~~~~~~~~~~~~[0m
[96msrc/modules/admin/admin.controller.ts[0m:[93m63[0m:[93m24[0m - [91merror[0m[90m TS2339: [0mProperty 'hourly_rate' does not exist on type 'BusinessServiceEntity'.

[7m63[0m         hourly_rate: s.hourly_rate,
[7m  [0m [91m                       ~~~~~~~~~~~[0m
[96msrc/modules/admin/admin.controller.ts[0m:[93m67[0m:[93m22[0m - [91merror[0m[90m TS2551: [0mProperty 'open_time' does not exist on type 'BusinessHoursEntity'. Did you mean 'end_time'?

[7m67[0m         open_time: h.open_time,
[7m  [0m [91m                     ~~~~~~~~~[0m

  [96msrc/common/entities/business-hours.entity.ts[0m:[93m29[0m:[93m3[0m
    [7m29[0m   end_time: string;
    [7m  [0m [96m  ~~~~~~~~[0m
    'end_time' is declared here.
[96msrc/modules/admin/admin.controller.ts[0m:[93m68[0m:[93m23[0m - [91merror[0m[90m TS2339: [0mProperty 'close_time' does not exist on type 'BusinessHoursEntity'.

[7m68[0m         close_time: h.close_time,
[7m  [0m [91m                      ~~~~~~~~~~[0m
[96msrc/modules/admin/admin.controller.ts[0m:[93m78[0m:[93m52[0m - [91merror[0m[90m TS2339: [0mProperty 'account_name' does not exist on type 'BusinessBankingDetailsEntity[]'.

[7m78[0m             account_name: business.banking_details.account_name,
[7m  [0m [91m                                                   ~~~~~~~~~~~~[0m
[96msrc/modules/admin/admin.controller.ts[0m:[93m79[0m:[93m43[0m - [91merror[0m[90m TS2339: [0mProperty 'bsb' does not exist on type 'BusinessBankingDetailsEntity[]'.

[7m79[0m             bsb: business.banking_details.bsb,
[7m  [0m [91m                                          ~~~[0m
[96msrc/modules/admin/admin.controller.ts[0m:[93m80[0m:[93m54[0m - [91merror[0m[90m TS2339: [0mProperty 'account_number' does not exist on type 'BusinessBankingDetailsEntity[]'.

[7m80[0m             account_number: business.banking_details.account_number,
[7m  [0m [91m                                                     ~~~~~~~~~~~~~~[0m
[96msrc/modules/admin/admin.controller.ts[0m:[93m81[0m:[93m51[0m - [91merror[0m[90m TS2339: [0mProperty 'is_verified' does not exist on type 'BusinessBankingDetailsEntity[]'.

[7m81[0m             is_verified: business.banking_details.is_verified,
[7m  [0m [91m                                                  ~~~~~~~~~~~[0m
[96msrc/modules/admin/admin.controller.ts[0m:[93m102[0m:[93m28[0m - [91merror[0m[90m TS2339: [0mProperty 'approved_at' does not exist on type 'BusinessEntity'.

[7m102[0m       approvedAt: business.approved_at,
[7m   [0m [91m                           ~~~~~~~~~~~[0m
[96msrc/modules/admin/admin.controller.ts[0m:[93m123[0m:[93m33[0m - [91merror[0m[90m TS2339: [0mProperty 'approval_notes' does not exist on type 'BusinessEntity'.

[7m123[0m       rejectionReason: business.approval_notes,
[7m   [0m [91m                                ~~~~~~~~~~~~~~[0m
[96msrc/modules/admin/admin.controller.ts[0m:[93m124[0m:[93m28[0m - [91merror[0m[90m TS2339: [0mProperty 'rejected_at' does not exist on type 'BusinessEntity'.

[7m124[0m       rejectedAt: business.rejected_at,
[7m   [0m [91m                           ~~~~~~~~~~~[0m
[96msrc/modules/auth/password-reset.service.ts[0m:[93m130[0m:[93m32[0m - [91merror[0m[90m TS2339: [0mProperty 'sendPasswordResetEmail' does not exist on type 'SendGridService'.

[7m130[0m     await this.sendGridService.sendPasswordResetEmail(user.email, user.first_name, resetLink, RESET_TOKEN_EXPIRY_MINUTES);
[7m   [0m [91m                               ~~~~~~~~~~~~~~~~~~~~~~[0m
[96msrc/modules/auth/password-reset.service.ts[0m:[93m134[0m:[93m32[0m - [91merror[0m[90m TS2339: [0mProperty 'sendPasswordResetConfirmationEmail' does not exist on type 'SendGridService'.

[7m134[0m     await this.sendGridService.sendPasswordResetConfirmationEmail(user.email, user.first_name);
[7m   [0m [91m                               ~~~~~~~~~~~~~~~~~~~~~~~~~~~~~~~~~~[0m
[96msrc/modules/bookings/booking-acceptance.service.ts[0m:[93m47[0m:[93m128[0m - [91merror[0m[90m TS2339: [0mProperty 'service' does not exist on type 'BookingEntity'.

[7m47[0m     const message = `New booking request: ${booking.customer.user.first_name} ${booking.customer.user.last_name} for ${booking.service.service_name}. Accept: ${acceptLink} Decline: ${declineLink}`;
[7m  [0m [91m                                                                                                                               ~~~~~~~[0m
[96msrc/modules/bookings/booking-acceptance.service.ts[0m:[93m48[0m:[93m30[0m - [91merror[0m[90m TS2339: [0mProperty 'sendSms' does not exist on type 'TwilioService'.

[7m48[0m     await this.twilioService.sendSms(booking.business.user.phone_number, message);
[7m  [0m [91m                             ~~~~~~~[0m
[96msrc/modules/bookings/booking-acceptance.service.ts[0m:[93m51[0m:[93m32[0m - [91merror[0m[90m TS2339: [0mProperty 'sendBookingAcceptanceRequestEmail' does not exist on type 'SendGridService'.

[7m51[0m     await this.sendGridService.sendBookingAcceptanceRequestEmail(
[7m  [0m [91m                               ~~~~~~~~~~~~~~~~~~~~~~~~~~~~~~~~~[0m
[96msrc/modules/bookings/booking-acceptance.service.ts[0m:[93m55[0m:[93m15[0m - [91merror[0m[90m TS2339: [0mProperty 'service' does not exist on type 'BookingEntity'.

[7m55[0m       booking.service.service_name,
[7m  [0m [91m              ~~~~~~~[0m
[96msrc/modules/bookings/booking-acceptance.service.ts[0m:[93m56[0m:[93m24[0m - [91merror[0m[90m TS2339: [0mProperty 'scheduled_date' does not exist on type 'BookingEntity'.

[7m56[0m       new Date(booking.scheduled_date),
[7m  [0m [91m                       ~~~~~~~~~~~~~~[0m
[96msrc/modules/bookings/booking-acceptance.service.ts[0m:[93m87[0m:[93m13[0m - [91merror[0m[90m TS2339: [0mProperty 'payment_due_at' does not exist on type 'BookingEntity'.

[7m87[0m     booking.payment_due_at = new Date();
[7m  [0m [91m            ~~~~~~~~~~~~~~[0m
[96msrc/modules/bookings/booking-acceptance.service.ts[0m:[93m122[0m:[93m13[0m - [91merror[0m[90m TS2339: [0mProperty 'cancellation_reason' does not exist on type 'BookingEntity'.

[7m122[0m     booking.cancellation_reason = reason || 'Business declined';
[7m   [0m [91m            ~~~~~~~~~~~~~~~~~~~[0m
[96msrc/modules/bookings/booking-acceptance.service.ts[0m:[93m123[0m:[93m13[0m - [91merror[0m[90m TS2339: [0mProperty 'cancelled_at' does not exist on type 'BookingEntity'.

[7m123[0m     booking.cancelled_at = new Date();
[7m   [0m [91m            ~~~~~~~~~~~~[0m
[96msrc/modules/bookings/booking-acceptance.service.ts[0m:[93m127[0m:[93m32[0m - [91merror[0m[90m TS2551: [0mProperty 'sendBookingDeclinedEmail' does not exist on type 'SendGridService'. Did you mean 'sendBookingConfirmedEmail'?

[7m127[0m     await this.sendGridService.sendBookingDeclinedEmail(
[7m   [0m [91m                               ~~~~~~~~~~~~~~~~~~~~~~~~[0m

  [96msrc/modules/notifications/sendgrid.service.ts[0m:[93m217[0m:[93m9[0m
    [7m217[0m   async sendBookingConfirmedEmail(
    [7m   [0m [96m        ~~~~~~~~~~~~~~~~~~~~~~~~~[0m
    'sendBookingConfirmedEmail' is declared here.
[96msrc/modules/bookings/booking-acceptance.service.ts[0m:[93m134[0m:[93m30[0m - [91merror[0m[90m TS2551: [0mProperty 'sendBookingDeclinedSMS' does not exist on type 'TwilioService'. Did you mean 'sendBookingReminderSMS'?

[7m134[0m     await this.twilioService.sendBookingDeclinedSMS(
[7m   [0m [91m                             ~~~~~~~~~~~~~~~~~~~~~~[0m

  [96msrc/modules/notifications/twilio.service.ts[0m:[93m53[0m:[93m9[0m
    [7m53[0m   async sendBookingReminderSMS(
    [7m  [0m [96m        ~~~~~~~~~~~~~~~~~~~~~~[0m
    'sendBookingReminderSMS' is declared here.
[96msrc/modules/bookings/booking-acceptance.service.ts[0m:[93m146[0m:[93m32[0m - [91merror[0m[90m TS2551: [0mProperty 'sendPaymentRequestEmail' does not exist on type 'SendGridService'. Did you mean 'sendPaymentReceiptEmail'?

[7m146[0m     await this.sendGridService.sendPaymentRequestEmail(
[7m   [0m [91m                               ~~~~~~~~~~~~~~~~~~~~~~~[0m

  [96msrc/modules/notifications/sendgrid.service.ts[0m:[93m387[0m:[93m9[0m
    [7m387[0m   async sendPaymentReceiptEmail(
    [7m   [0m [96m        ~~~~~~~~~~~~~~~~~~~~~~~[0m
    'sendPaymentReceiptEmail' is declared here.
[96msrc/modules/bookings/booking-acceptance.service.ts[0m:[93m150[0m:[93m15[0m - [91merror[0m[90m TS2339: [0mProperty 'total_amount' does not exist on type 'BookingEntity'.

[7m150[0m       booking.total_amount,
[7m   [0m [91m              ~~~~~~~~~~~~[0m
[96msrc/modules/bookings/booking-acceptance.service.ts[0m:[93m151[0m:[93m24[0m - [91merror[0m[90m TS2339: [0mProperty 'scheduled_date' does not exist on type 'BookingEntity'.

[7m151[0m       new Date(booking.scheduled_date),
[7m   [0m [91m                       ~~~~~~~~~~~~~~[0m
[96msrc/modules/bookings/booking-acceptance.service.ts[0m:[93m156[0m:[93m30[0m - [91merror[0m[90m TS2339: [0mProperty 'sendPaymentRequestSMS' does not exist on type 'TwilioService'.

[7m156[0m     await this.twilioService.sendPaymentRequestSMS(
[7m   [0m [91m                             ~~~~~~~~~~~~~~~~~~~~~[0m
[96msrc/modules/bookings/booking-acceptance.service.ts[0m:[93m159[0m:[93m15[0m - [91merror[0m[90m TS2339: [0mProperty 'total_amount' does not exist on type 'BookingEntity'.

[7m159[0m       booking.total_amount.toFixed(2),
[7m   [0m [91m              ~~~~~~~~~~~~[0m
[96msrc/modules/bookings/booking.service.ts[0m:[93m97[0m:[93m9[0m - [91merror[0m[90m TS2353: [0mObject literal may only specify known properties, and 'scheduled_date' does not exist in type 'FindOptionsWhere<BookingEntity> | FindOptionsWhere<BookingEntity>[]'.

[7m97[0m         scheduled_date: Between(
[7m  [0m [91m        ~~~~~~~~~~~~~~[0m

  [96mnode_modules/typeorm/find-options/FindOneOptions.d.ts[0m:[93m23[0m:[93m5[0m
    [7m23[0m     where?: FindOptionsWhere<Entity>[] | FindOptionsWhere<Entity>;
    [7m  [0m [96m    ~~~~~[0m
    The expected type comes from property 'where' which is declared here on type 'FindOneOptions<BookingEntity>'
[96msrc/modules/bookings/booking.service.ts[0m:[93m117[0m:[93m33[0m - [91merror[0m[90m TS2339: [0mProperty 'hourly_rate' does not exist on type 'BusinessServiceEntity'.

[7m117[0m     const totalAmount = service.hourly_rate * dto.duration_hours;
[7m   [0m [91m                                ~~~~~~~~~~~[0m
[96msrc/modules/bookings/booking.service.ts[0m:[93m120[0m:[93m44[0m - [91merror[0m[90m TS2769: [0mNo overload matches this call.
  Overload 1 of 3, '(entityLikeArray: DeepPartial<BookingEntity>[]): BookingEntity[]', gave the following error.
    Object literal may only specify known properties, and 'business_id' does not exist in type 'DeepPartial<BookingEntity>[]'.
  Overload 2 of 3, '(entityLike: DeepPartial<BookingEntity>): BookingEntity', gave the following error.
    Object literal may only specify known properties, and 'service_id' does not exist in type 'DeepPartial<BookingEntity>'.

[7m120[0m     const booking = this.bookingRepository.create({
[7m   [0m [91m                                           ~~~~~~[0m

[96msrc/modules/bookings/booking.service.ts[0m:[93m139[0m:[93m9[0m - [91merror[0m[90m TS2345: [0mArgument of type 'string | undefined' is not assignable to parameter of type 'string'.
  Type 'undefined' is not assignable to type 'string'.

[7m139[0m         business.user.phone_number,
[7m   [0m [91m        ~~~~~~~~~~~~~~~~~~~~~~~~~~[0m
[96msrc/modules/bookings/booking.service.ts[0m:[93m141[0m:[93m17[0m - [91merror[0m[90m TS2339: [0mProperty 'service_name' does not exist on type 'BusinessServiceEntity'.

[7m141[0m         service.service_name,
[7m   [0m [91m                ~~~~~~~~~~~~[0m
[96msrc/modules/bookings/booking.service.ts[0m:[93m174[0m:[93m16[0m - [91merror[0m[90m TS2353: [0mObject literal may only specify known properties, and 'scheduled_date' does not exist in type 'FindOptionsOrder<BookingEntity>'.

[7m174[0m       order: { scheduled_date: 'DESC' },
[7m   [0m [91m               ~~~~~~~~~~~~~~[0m
[96msrc/modules/bookings/booking.service.ts[0m:[93m182[0m:[93m16[0m - [91merror[0m[90m TS2353: [0mObject literal may only specify known properties, and 'scheduled_date' does not exist in type 'FindOptionsOrder<BookingEntity>'.

[7m182[0m       order: { scheduled_date: 'DESC' },
[7m   [0m [91m               ~~~~~~~~~~~~~~[0m
[96msrc/modules/bookings/booking.service.ts[0m:[93m198[0m:[93m9[0m - [91merror[0m[90m TS2353: [0mObject literal may only specify known properties, and 'scheduled_date' does not exist in type 'FindOptionsWhere<BookingEntity> | FindOptionsWhere<BookingEntity>[]'.

[7m198[0m         scheduled_date: Between(startOfDay, endOfDay),
[7m   [0m [91m        ~~~~~~~~~~~~~~[0m
[96msrc/modules/bookings/booking.service.ts[0m:[93m202[0m:[93m16[0m - [91merror[0m[90m TS2353: [0mObject literal may only specify known properties, and 'scheduled_date' does not exist in type 'FindOptionsOrder<BookingEntity>'.

[7m202[0m       order: { scheduled_date: 'ASC' },
[7m   [0m [91m               ~~~~~~~~~~~~~~[0m
[96msrc/modules/bookings/booking.service.ts[0m:[93m229[0m:[93m15[0m - [91merror[0m[90m TS2339: [0mProperty 'scheduled_date' does not exist on type 'BookingEntity'.

[7m229[0m       booking.scheduled_date = new Date(dto.scheduledDate);
[7m   [0m [91m              ~~~~~~~~~~~~~~[0m
[96msrc/modules/bookings/booking.service.ts[0m:[93m233[0m:[93m15[0m - [91merror[0m[90m TS2339: [0mProperty 'duration_hours' does not exist on type 'BookingEntity'.

[7m233[0m       booking.duration_hours = dto.duration_hours;
[7m   [0m [91m              ~~~~~~~~~~~~~~[0m
[96msrc/modules/bookings/booking.service.ts[0m:[93m235[0m:[93m15[0m - [91merror[0m[90m TS2339: [0mProperty 'total_amount' does not exist on type 'BookingEntity'.

[7m235[0m       booking.total_amount = booking.service.hourly_rate * dto.duration_hours;
[7m   [0m [91m              ~~~~~~~~~~~~[0m
[96msrc/modules/bookings/booking.service.ts[0m:[93m235[0m:[93m38[0m - [91merror[0m[90m TS2339: [0mProperty 'service' does not exist on type 'BookingEntity'.

[7m235[0m       booking.total_amount = booking.service.hourly_rate * dto.duration_hours;
[7m   [0m [91m                                     ~~~~~~~[0m
[96msrc/modules/bookings/booking.service.ts[0m:[93m236[0m:[93m43[0m - [91merror[0m[90m TS2339: [0mProperty 'total_amount' does not exist on type 'BookingEntity'.

[7m236[0m       booking.commission_amount = booking.total_amount * 0.1;
[7m   [0m [91m                                          ~~~~~~~~~~~~[0m
[96msrc/modules/bookings/booking.service.ts[0m:[93m237[0m:[93m15[0m - [91merror[0m[90m TS2339: [0mProperty 'business_amount' does not exist on type 'BookingEntity'.

[7m237[0m       booking.business_amount = booking.total_amount * 0.9;
[7m   [0m [91m              ~~~~~~~~~~~~~~~[0m
[96msrc/modules/bookings/booking.service.ts[0m:[93m237[0m:[93m41[0m - [91merror[0m[90m TS2339: [0mProperty 'total_amount' does not exist on type 'BookingEntity'.

[7m237[0m       booking.business_amount = booking.total_amount * 0.9;
[7m   [0m [91m                                        ~~~~~~~~~~~~[0m
[96msrc/modules/bookings/booking.service.ts[0m:[93m241[0m:[93m15[0m - [91merror[0m[90m TS2339: [0mProperty 'location' does not exist on type 'BookingEntity'.

[7m241[0m       booking.location = dto.location;
[7m   [0m [91m              ~~~~~~~~[0m
[96msrc/modules/bookings/booking.service.ts[0m:[93m245[0m:[93m15[0m - [91merror[0m[90m TS2339: [0mProperty 'notes' does not exist on type 'BookingEntity'.

[7m245[0m       booking.notes = dto.notes;
[7m   [0m [91m              ~~~~~[0m
[96msrc/modules/bookings/booking.service.ts[0m:[93m267[0m:[93m13[0m - [91merror[0m[90m TS2339: [0mProperty 'confirmed_at' does not exist on type 'BookingEntity'.

[7m267[0m     booking.confirmed_at = new Date();
[7m   [0m [91m            ~~~~~~~~~~~~[0m
[96msrc/modules/bookings/booking.service.ts[0m:[93m277[0m:[93m17[0m - [91merror[0m[90m TS2339: [0mProperty 'scheduled_date' does not exist on type 'BookingEntity'.

[7m277[0m         booking.scheduled_date,
[7m   [0m [91m                ~~~~~~~~~~~~~~[0m
[96msrc/modules/bookings/booking.service.ts[0m:[93m281[0m:[93m9[0m - [91merror[0m[90m TS2345: [0mArgument of type 'string | undefined' is not assignable to parameter of type 'string'.
  Type 'undefined' is not assignable to type 'string'.

[7m281[0m         booking.customer.user.phone_number,
[7m   [0m [91m        ~~~~~~~~~~~~~~~~~~~~~~~~~~~~~~~~~~[0m
[96msrc/modules/bookings/booking.service.ts[0m:[93m316[0m:[93m16[0m - [91merror[0m[90m TS2339: [0mProperty 'scheduled_date' does not exist on type 'BookingEntity'.

[7m316[0m       (booking.scheduled_date.getTime() - new Date().getTime()) / (1000 * 60 * 60),
[7m   [0m [91m               ~~~~~~~~~~~~~~[0m
[96msrc/modules/bookings/booking.service.ts[0m:[93m320[0m:[93m19[0m - [91merror[0m[90m TS2339: [0mProperty 'total_amount' does not exist on type 'BookingEntity'.

[7m320[0m         ? booking.total_amount * 0.5
[7m   [0m [91m                  ~~~~~~~~~~~~[0m
[96msrc/modules/bookings/booking.service.ts[0m:[93m321[0m:[93m19[0m - [91merror[0m[90m TS2339: [0mProperty 'total_amount' does not exist on type 'BookingEntity'.

[7m321[0m         : booking.total_amount;
[7m   [0m [91m                  ~~~~~~~~~~~~[0m
[96msrc/modules/bookings/booking.service.ts[0m:[93m324[0m:[93m13[0m - [91merror[0m[90m TS2339: [0mProperty 'cancelled_at' does not exist on type 'BookingEntity'.

[7m324[0m     booking.cancelled_at = new Date();
[7m   [0m [91m            ~~~~~~~~~~~~[0m
[96msrc/modules/bookings/booking.service.ts[0m:[93m325[0m:[93m13[0m - [91merror[0m[90m TS2339: [0mProperty 'cancellation_reason' does not exist on type 'BookingEntity'.

[7m325[0m     booking.cancellation_reason = dto.reason;
[7m   [0m [91m            ~~~~~~~~~~~~~~~~~~~[0m
[96msrc/modules/bookings/booking.service.ts[0m:[93m326[0m:[93m13[0m - [91merror[0m[90m TS2339: [0mProperty 'refund_amount' does not exist on type 'BookingEntity'.

[7m326[0m     booking.refund_amount = refundAmount;
[7m   [0m [91m            ~~~~~~~~~~~~~[0m
[96msrc/modules/bookings/booking.service.ts[0m:[93m339[0m:[93m47[0m - [91merror[0m[90m TS2769: [0mNo overload matches this call.
  Overload 1 of 3, '(entityLikeArray: DeepPartial<PaymentEntity>[]): PaymentEntity[]', gave the following error.
    Object literal may only specify known properties, and 'booking_id' does not exist in type 'DeepPartial<PaymentEntity>[]'.
  Overload 2 of 3, '(entityLike: DeepPartial<PaymentEntity>): PaymentEntity', gave the following error.
    Object literal may only specify known properties, and 'payment_type' does not exist in type 'DeepPartial<PaymentEntity>'.

[7m339[0m         const refund = this.paymentRepository.create({
[7m   [0m [91m                                              ~~~~~~[0m

[96msrc/modules/bookings/booking.service.ts[0m:[93m346[0m:[93m48[0m - [91merror[0m[90m TS2339: [0mProperty 'stripe_payment_id' does not exist on type 'PaymentEntity'.

[7m346[0m           stripe_payment_id: `refund_${payment.stripe_payment_id}`,
[7m   [0m [91m                                               ~~~~~~~~~~~~~~~~~[0m
[96msrc/modules/bookings/bookings.controller.ts[0m:[93m13[0m:[93m30[0m - [91merror[0m[90m TS2307: [0mCannot find module '../../auth/jwt-auth.guard' or its corresponding type declarations.

[7m13[0m import { JwtAuthGuard } from '../../auth/jwt-auth.guard';
[7m  [0m [91m                             ~~~~~~~~~~~~~~~~~~~~~~~~~~~[0m
[96msrc/modules/bookings/bookings.controller.ts[0m:[93m14[0m:[93m28[0m - [91merror[0m[90m TS2307: [0mCannot find module '../../auth/roles.guard' or its corresponding type declarations.

[7m14[0m import { RolesGuard } from '../../auth/roles.guard';
[7m  [0m [91m                           ~~~~~~~~~~~~~~~~~~~~~~~~[0m
[96msrc/modules/bookings/bookings.controller.ts[0m:[93m15[0m:[93m23[0m - [91merror[0m[90m TS2307: [0mCannot find module '../../auth/roles.decorator' or its corresponding type declarations.

[7m15[0m import { Roles } from '../../auth/roles.decorator';
[7m  [0m [91m                      ~~~~~~~~~~~~~~~~~~~~~~~~~~~~[0m
[96msrc/modules/bookings/bookings.controller.ts[0m:[93m24[0m:[93m23[0m - [91merror[0m[90m TS7006: [0mParameter 'req' implicitly has an 'any' type.

[7m24[0m   async createBooking(@Request() req, @Body() dto: CreateBookingDto) {
[7m  [0m [91m                      ~~~~~~~~~~~~~~[0m
[96msrc/modules/bookings/bookings.controller.ts[0m:[93m30[0m:[93m28[0m - [91merror[0m[90m TS2339: [0mProperty 'total_amount' does not exist on type 'BookingEntity'.

[7m30[0m       totalAmount: booking.total_amount,
[7m  [0m [91m                           ~~~~~~~~~~~~[0m
[96msrc/modules/bookings/bookings.controller.ts[0m:[93m31[0m:[93m30[0m - [91merror[0m[90m TS2339: [0mProperty 'scheduled_date' does not exist on type 'BookingEntity'.

[7m31[0m       scheduledDate: booking.scheduled_date,
[7m  [0m [91m                             ~~~~~~~~~~~~~~[0m
[96msrc/modules/bookings/bookings.controller.ts[0m:[93m45[0m:[93m24[0m - [91merror[0m[90m TS2339: [0mProperty 'service' does not exist on type 'BookingEntity'.

[7m45[0m         serviceName: b.service.service_name,
[7m  [0m [91m                       ~~~~~~~[0m
[96msrc/modules/bookings/bookings.controller.ts[0m:[93m46[0m:[93m26[0m - [91merror[0m[90m TS2339: [0mProperty 'scheduled_date' does not exist on type 'BookingEntity'.

[7m46[0m         scheduledDate: b.scheduled_date,
[7m  [0m [91m                         ~~~~~~~~~~~~~~[0m
[96msrc/modules/bookings/bookings.controller.ts[0m:[93m48[0m:[93m24[0m - [91merror[0m[90m TS2339: [0mProperty 'total_amount' does not exist on type 'BookingEntity'.

[7m48[0m         totalAmount: b.total_amount,
[7m  [0m [91m                       ~~~~~~~~~~~~[0m
[96msrc/modules/bookings/bookings.controller.ts[0m:[93m49[0m:[93m21[0m - [91merror[0m[90m TS2339: [0mProperty 'location' does not exist on type 'BookingEntity'.

[7m49[0m         location: b.location,
[7m  [0m [91m                    ~~~~~~~~[0m
[96msrc/modules/bookings/bookings.controller.ts[0m:[93m64[0m:[93m24[0m - [91merror[0m[90m TS2339: [0mProperty 'service' does not exist on type 'BookingEntity'.

[7m64[0m         serviceName: b.service.service_name,
[7m  [0m [91m                       ~~~~~~~[0m
[96msrc/modules/bookings/bookings.controller.ts[0m:[93m65[0m:[93m26[0m - [91merror[0m[90m TS2339: [0mProperty 'scheduled_date' does not exist on type 'BookingEntity'.

[7m65[0m         scheduledDate: b.scheduled_date,
[7m  [0m [91m                         ~~~~~~~~~~~~~~[0m
[96msrc/modules/bookings/bookings.controller.ts[0m:[93m66[0m:[93m21[0m - [91merror[0m[90m TS2339: [0mProperty 'duration_hours' does not exist on type 'BookingEntity'.

[7m66[0m         duration: b.duration_hours,
[7m  [0m [91m                    ~~~~~~~~~~~~~~[0m
[96msrc/modules/bookings/bookings.controller.ts[0m:[93m68[0m:[93m24[0m - [91merror[0m[90m TS2339: [0mProperty 'total_amount' does not exist on type 'BookingEntity'.

[7m68[0m         totalAmount: b.total_amount,
[7m  [0m [91m                       ~~~~~~~~~~~~[0m
[96msrc/modules/bookings/bookings.controller.ts[0m:[93m69[0m:[93m21[0m - [91merror[0m[90m TS2339: [0mProperty 'location' does not exist on type 'BookingEntity'.

[7m69[0m         location: b.location,
[7m  [0m [91m                    ~~~~~~~~[0m
[96msrc/modules/bookings/bookings.controller.ts[0m:[93m91[0m:[93m17[0m - [91merror[0m[90m TS2339: [0mProperty 'scheduled_date' does not exist on type 'BookingEntity'.

[7m91[0m         time: b.scheduled_date.toLocaleTimeString(),
[7m  [0m [91m                ~~~~~~~~~~~~~~[0m
[96msrc/modules/bookings/bookings.controller.ts[0m:[93m92[0m:[93m21[0m - [91merror[0m[90m TS2339: [0mProperty 'duration_hours' does not exist on type 'BookingEntity'.

[7m92[0m         duration: b.duration_hours,
[7m  [0m [91m                    ~~~~~~~~~~~~~~[0m
[96msrc/modules/bookings/bookings.controller.ts[0m:[93m93[0m:[93m21[0m - [91merror[0m[90m TS2339: [0mProperty 'location' does not exist on type 'BookingEntity'.

[7m93[0m         location: b.location,
[7m  [0m [91m                    ~~~~~~~~[0m
[96msrc/modules/bookings/bookings.controller.ts[0m:[93m113[0m:[93m21[0m - [91merror[0m[90m TS2339: [0mProperty 'service_id' does not exist on type 'BookingEntity'.

[7m113[0m         id: booking.service_id,
[7m   [0m [91m                    ~~~~~~~~~~[0m
[96msrc/modules/bookings/bookings.controller.ts[0m:[93m114[0m:[93m23[0m - [91merror[0m[90m TS2339: [0mProperty 'service' does not exist on type 'BookingEntity'.

[7m114[0m         name: booking.service.service_name,
[7m   [0m [91m                      ~~~~~~~[0m
[96msrc/modules/bookings/bookings.controller.ts[0m:[93m115[0m:[93m23[0m - [91merror[0m[90m TS2339: [0mProperty 'service' does not exist on type 'BookingEntity'.

[7m115[0m         rate: booking.service.hourly_rate,
[7m   [0m [91m                      ~~~~~~~[0m
[96msrc/modules/bookings/bookings.controller.ts[0m:[93m117[0m:[93m30[0m - [91merror[0m[90m TS2339: [0mProperty 'scheduled_date' does not exist on type 'BookingEntity'.

[7m117[0m       scheduledDate: booking.scheduled_date,
[7m   [0m [91m                             ~~~~~~~~~~~~~~[0m
[96msrc/modules/bookings/bookings.controller.ts[0m:[93m118[0m:[93m25[0m - [91merror[0m[90m TS2339: [0mProperty 'duration_hours' does not exist on type 'BookingEntity'.

[7m118[0m       duration: booking.duration_hours,
[7m   [0m [91m                        ~~~~~~~~~~~~~~[0m
[96msrc/modules/bookings/bookings.controller.ts[0m:[93m119[0m:[93m25[0m - [91merror[0m[90m TS2339: [0mProperty 'location' does not exist on type 'BookingEntity'.

[7m119[0m       location: booking.location,
[7m   [0m [91m                        ~~~~~~~~[0m
[96msrc/modules/bookings/bookings.controller.ts[0m:[93m120[0m:[93m22[0m - [91merror[0m[90m TS2339: [0mProperty 'notes' does not exist on type 'BookingEntity'.

[7m120[0m       notes: booking.notes,
[7m   [0m [91m                     ~~~~~[0m
[96msrc/modules/bookings/bookings.controller.ts[0m:[93m121[0m:[93m28[0m - [91merror[0m[90m TS2339: [0mProperty 'total_amount' does not exist on type 'BookingEntity'.

[7m121[0m       totalAmount: booking.total_amount,
[7m   [0m [91m                           ~~~~~~~~~~~~[0m
[96msrc/modules/bookings/bookings.controller.ts[0m:[93m124[0m:[93m28[0m - [91merror[0m[90m TS2339: [0mProperty 'confirmed_at' does not exist on type 'BookingEntity'.

[7m124[0m       confirmedAt: booking.confirmed_at,
[7m   [0m [91m                           ~~~~~~~~~~~~[0m
[96msrc/modules/bookings/bookings.controller.ts[0m:[93m133[0m:[93m5[0m - [91merror[0m[90m TS7006: [0mParameter 'req' implicitly has an 'any' type.

[7m133[0m     @Request() req,
[7m   [0m [91m    ~~~~~~~~~~~~~~[0m
[96msrc/modules/bookings/bookings.controller.ts[0m:[93m153[0m:[93m5[0m - [91merror[0m[90m TS7006: [0mParameter 'req' implicitly has an 'any' type.

[7m153[0m     @Request() req,
[7m   [0m [91m    ~~~~~~~~~~~~~~[0m
[96msrc/modules/bookings/bookings.controller.ts[0m:[93m170[0m:[93m5[0m - [91merror[0m[90m TS7006: [0mParameter 'req' implicitly has an 'any' type.

[7m170[0m     @Request() req,
[7m   [0m [91m    ~~~~~~~~~~~~~~[0m
[96msrc/modules/bookings/bookings.controller.ts[0m:[93m188[0m:[93m29[0m - [91merror[0m[90m TS2339: [0mProperty 'refund_amount' does not exist on type 'BookingEntity'.

[7m188[0m       refundAmount: booking.refund_amount,
[7m   [0m [91m                            ~~~~~~~~~~~~~[0m
[96msrc/modules/bookings/bookings.controller.ts[0m:[93m198[0m:[93m5[0m - [91merror[0m[90m TS7006: [0mParameter 'req' implicitly has an 'any' type.

[7m198[0m     @Request() req,
[7m   [0m [91m    ~~~~~~~~~~~~~~[0m
[96msrc/modules/bookings/bookings.controller.ts[0m:[93m216[0m:[93m5[0m - [91merror[0m[90m TS7006: [0mParameter 'req' implicitly has an 'any' type.

[7m216[0m     @Request() req,
[7m   [0m [91m    ~~~~~~~~~~~~~~[0m
[96msrc/modules/business-dashboard/business-dashboard.controller.ts[0m:[93m12[0m:[93m30[0m - [91merror[0m[90m TS2307: [0mCannot find module '../../auth/jwt-auth.guard' or its corresponding type declarations.

[7m12[0m import { JwtAuthGuard } from '../../auth/jwt-auth.guard';
[7m  [0m [91m                             ~~~~~~~~~~~~~~~~~~~~~~~~~~~[0m
[96msrc/modules/business-dashboard/business-dashboard.controller.ts[0m:[93m13[0m:[93m28[0m - [91merror[0m[90m TS2307: [0mCannot find module '../../auth/roles.guard' or its corresponding type declarations.

[7m13[0m import { RolesGuard } from '../../auth/roles.guard';
[7m  [0m [91m                           ~~~~~~~~~~~~~~~~~~~~~~~~[0m
[96msrc/modules/business-dashboard/business-dashboard.controller.ts[0m:[93m14[0m:[93m23[0m - [91merror[0m[90m TS2307: [0mCannot find module '../../auth/roles.decorator' or its corresponding type declarations.

[7m14[0m import { Roles } from '../../auth/roles.decorator';
[7m  [0m [91m                      ~~~~~~~~~~~~~~~~~~~~~~~~~~~~[0m
[96msrc/modules/business-dashboard/business-dashboard.controller.ts[0m:[93m28[0m:[93m21[0m - [91merror[0m[90m TS7006: [0mParameter 'req' implicitly has an 'any' type.

[7m28[0m   async getOverview(@Request() req) {
[7m  [0m [91m                    ~~~~~~~~~~~~~~[0m
[96msrc/modules/business-dashboard/business-dashboard.controller.ts[0m:[93m35[0m:[93m20[0m - [91merror[0m[90m TS7006: [0mParameter 'req' implicitly has an 'any' type.

[7m35[0m   async getProfile(@Request() req) {
[7m  [0m [91m                   ~~~~~~~~~~~~~~[0m
[96msrc/modules/business-dashboard/business-dashboard.controller.ts[0m:[93m57[0m:[93m23[0m - [91merror[0m[90m TS7006: [0mParameter 'req' implicitly has an 'any' type.

[7m57[0m   async updateProfile(@Request() req, @Body() updates) {
[7m  [0m [91m                      ~~~~~~~~~~~~~~[0m
[96msrc/modules/business-dashboard/business-dashboard.controller.ts[0m:[93m57[0m:[93m39[0m - [91merror[0m[90m TS7006: [0mParameter 'updates' implicitly has an 'any' type.

[7m57[0m   async updateProfile(@Request() req, @Body() updates) {
[7m  [0m [91m                                      ~~~~~~~~~~~~~~~[0m
[96msrc/modules/business-dashboard/business-dashboard.controller.ts[0m:[93m69[0m:[93m21[0m - [91merror[0m[90m TS7006: [0mParameter 'req' implicitly has an 'any' type.

[7m69[0m   async getServices(@Request() req) {
[7m  [0m [91m                    ~~~~~~~~~~~~~~[0m
[96msrc/modules/business-dashboard/business-dashboard.controller.ts[0m:[93m77[0m:[93m17[0m - [91merror[0m[90m TS2339: [0mProperty 'service_name' does not exist on type 'BusinessServiceEntity'.

[7m77[0m         name: s.service_name,
[7m  [0m [91m                ~~~~~~~~~~~~[0m
[96msrc/modules/business-dashboard/business-dashboard.controller.ts[0m:[93m78[0m:[93m23[0m - [91merror[0m[90m TS2339: [0mProperty 'hourly_rate' does not exist on type 'BusinessServiceEntity'.

[7m78[0m         hourlyRate: s.hourly_rate,
[7m  [0m [91m                      ~~~~~~~~~~~[0m
[96msrc/modules/business-dashboard/business-dashboard.controller.ts[0m:[93m79[0m:[93m24[0m - [91merror[0m[90m TS2339: [0mProperty 'description' does not exist on type 'BusinessServiceEntity'.

[7m79[0m         description: s.description,
[7m  [0m [91m                       ~~~~~~~~~~~[0m
[96msrc/modules/business-dashboard/business-dashboard.controller.ts[0m:[93m85[0m:[93m20[0m - [91merror[0m[90m TS7006: [0mParameter 'req' implicitly has an 'any' type.

[7m85[0m   async addService(@Request() req, @Body() dto: UpdateServiceDto) {
[7m  [0m [91m                   ~~~~~~~~~~~~~~[0m
[96msrc/modules/business-dashboard/business-dashboard.controller.ts[0m:[93m98[0m:[93m5[0m - [91merror[0m[90m TS7006: [0mParameter 'req' implicitly has an 'any' type.

[7m98[0m     @Request() req,
[7m  [0m [91m    ~~~~~~~~~~~~~~[0m
[96msrc/modules/business-dashboard/business-dashboard.controller.ts[0m:[93m114[0m:[93m5[0m - [91merror[0m[90m TS7006: [0mParameter 'req' implicitly has an 'any' type.

[7m114[0m     @Request() req,
[7m   [0m [91m    ~~~~~~~~~~~~~~[0m
[96msrc/modules/business-dashboard/business-dashboard.controller.ts[0m:[93m127[0m:[93m18[0m - [91merror[0m[90m TS7006: [0mParameter 'req' implicitly has an 'any' type.

[7m127[0m   async getHours(@Request() req) {
[7m   [0m [91m                 ~~~~~~~~~~~~~~[0m
[96msrc/modules/business-dashboard/business-dashboard.controller.ts[0m:[93m134[0m:[93m21[0m - [91merror[0m[90m TS2551: [0mProperty 'open_time' does not exist on type 'BusinessHoursEntity'. Did you mean 'end_time'?

[7m134[0m         openTime: h.open_time,
[7m   [0m [91m                    ~~~~~~~~~[0m

  [96msrc/common/entities/business-hours.entity.ts[0m:[93m29[0m:[93m3[0m
    [7m29[0m   end_time: string;
    [7m  [0m [96m  ~~~~~~~~[0m
    'end_time' is declared here.
[96msrc/modules/business-dashboard/business-dashboard.controller.ts[0m:[93m135[0m:[93m22[0m - [91merror[0m[90m TS2339: [0mProperty 'close_time' does not exist on type 'BusinessHoursEntity'.

[7m135[0m         closeTime: h.close_time,
[7m   [0m [91m                     ~~~~~~~~~~[0m
[96msrc/modules/business-dashboard/business-dashboard.controller.ts[0m:[93m143[0m:[93m5[0m - [91merror[0m[90m TS7006: [0mParameter 'req' implicitly has an 'any' type.

[7m143[0m     @Request() req,
[7m   [0m [91m    ~~~~~~~~~~~~~~[0m
[96msrc/modules/business-dashboard/business-dashboard.controller.ts[0m:[93m156[0m:[93m27[0m - [91merror[0m[90m TS7006: [0mParameter 'req' implicitly has an 'any' type.

[7m156[0m   async getRecentBookings(@Request() req) {
[7m   [0m [91m                          ~~~~~~~~~~~~~~[0m
[96msrc/modules/business-dashboard/business-dashboard.controller.ts[0m:[93m174[0m:[93m20[0m - [91merror[0m[90m TS7006: [0mParameter 'req' implicitly has an 'any' type.

[7m174[0m   async getRevenue(@Request() req) {
[7m   [0m [91m                   ~~~~~~~~~~~~~~[0m
[96msrc/modules/business-dashboard/business-dashboard.controller.ts[0m:[93m179[0m:[93m25[0m - [91merror[0m[90m TS7006: [0mParameter 'req' implicitly has an 'any' type.

[7m179[0m   async getBookingStats(@Request() req) {
[7m   [0m [91m                        ~~~~~~~~~~~~~~[0m
[96msrc/modules/business-dashboard/business-dashboard.service.ts[0m:[93m7[0m:[93m10[0m - [91merror[0m[90m TS2459: [0mModule '"../bookings/booking.service"' declares 'BookingEntity' locally, but it is not exported.

[7m7[0m import { BookingEntity, BookingStatus } from '../bookings/booking.service';
[7m [0m [91m         ~~~~~~~~~~~~~[0m

  [96msrc/modules/bookings/booking.service.ts[0m:[93m9[0m:[93m10[0m
    [7m9[0m import { BookingEntity } from '../../common/entities/booking.entity';
    [7m [0m [96m         ~~~~~~~~~~~~~[0m
    'BookingEntity' is declared here.
[96msrc/modules/business-dashboard/business-dashboard.service.ts[0m:[93m88[0m:[93m34[0m - [91merror[0m[90m TS2345: [0mArgument of type '"business_amount"' is not assignable to parameter of type 'PickKeysByType<PaymentEntity, number>'.

[7m88[0m       this.paymentRepository.sum('business_amount', {
[7m  [0m [91m                                 ~~~~~~~~~~~~~~~~~[0m
[96msrc/modules/business-dashboard/business-dashboard.service.ts[0m:[93m92[0m:[93m34[0m - [91merror[0m[90m TS2345: [0mArgument of type '"business_amount"' is not assignable to parameter of type 'PickKeysByType<PaymentEntity, number>'.

[7m92[0m       this.paymentRepository.sum('business_amount', {
[7m  [0m [91m                                 ~~~~~~~~~~~~~~~~~[0m
[96msrc/modules/business-dashboard/business-dashboard.service.ts[0m:[93m154[0m:[93m11[0m - [91merror[0m[90m TS7053: [0mElement implicitly has an 'any' type because expression of type 'string' can't be used to index type 'Partial<BusinessEntity>'.
  No index signature with a parameter of type 'string' was found on type 'Partial<BusinessEntity>'.

[7m154[0m       if (updates[field] !== undefined) {
[7m   [0m [91m          ~~~~~~~~~~~~~~[0m
[96msrc/modules/business-dashboard/business-dashboard.service.ts[0m:[93m155[0m:[93m9[0m - [91merror[0m[90m TS7053: [0mElement implicitly has an 'any' type because expression of type 'string' can't be used to index type 'BusinessEntity'.
  No index signature with a parameter of type 'string' was found on type 'BusinessEntity'.

[7m155[0m         business[field] = updates[field];
[7m   [0m [91m        ~~~~~~~~~~~~~~~[0m
[96msrc/modules/business-dashboard/business-dashboard.service.ts[0m:[93m155[0m:[93m27[0m - [91merror[0m[90m TS7053: [0mElement implicitly has an 'any' type because expression of type 'string' can't be used to index type 'Partial<BusinessEntity>'.
  No index signature with a parameter of type 'string' was found on type 'Partial<BusinessEntity>'.

[7m155[0m         business[field] = updates[field];
[7m   [0m [91m                          ~~~~~~~~~~~~~~[0m
[96msrc/modules/business-dashboard/business-dashboard.service.ts[0m:[93m182[0m:[93m44[0m - [91merror[0m[90m TS2769: [0mNo overload matches this call.
  Overload 1 of 3, '(entityLikeArray: DeepPartial<BusinessServiceEntity>[]): BusinessServiceEntity[]', gave the following error.
    Object literal may only specify known properties, and 'business_id' does not exist in type 'DeepPartial<BusinessServiceEntity>[]'.
  Overload 2 of 3, '(entityLike: DeepPartial<BusinessServiceEntity>): BusinessServiceEntity', gave the following error.
    Object literal may only specify known properties, and 'service_name' does not exist in type 'DeepPartial<BusinessServiceEntity>'.

[7m182[0m     const service = this.serviceRepository.create({
[7m   [0m [91m                                           ~~~~~~[0m

[96msrc/modules/business-dashboard/business-dashboard.service.ts[0m:[93m206[0m:[93m13[0m - [91merror[0m[90m TS2339: [0mProperty 'service_name' does not exist on type 'BusinessServiceEntity'.

[7m206[0m     service.service_name = dto.service_name;
[7m   [0m [91m            ~~~~~~~~~~~~[0m
[96msrc/modules/business-dashboard/business-dashboard.service.ts[0m:[93m207[0m:[93m13[0m - [91merror[0m[90m TS2339: [0mProperty 'hourly_rate' does not exist on type 'BusinessServiceEntity'.

[7m207[0m     service.hourly_rate = dto.hourly_rate;
[7m   [0m [91m            ~~~~~~~~~~~[0m
[96msrc/modules/business-dashboard/business-dashboard.service.ts[0m:[93m208[0m:[93m13[0m - [91merror[0m[90m TS2339: [0mProperty 'description' does not exist on type 'BusinessServiceEntity'.

[7m208[0m     service.description = dto.description;
[7m   [0m [91m            ~~~~~~~~~~~[0m
[96msrc/modules/business-dashboard/business-dashboard.service.ts[0m:[93m268[0m:[93m11[0m - [91merror[0m[90m TS2551: [0mProperty 'open_time' does not exist on type 'BusinessHoursEntity'. Did you mean 'end_time'?

[7m268[0m     hours.open_time = dto.open_time;
[7m   [0m [91m          ~~~~~~~~~[0m

  [96msrc/common/entities/business-hours.entity.ts[0m:[93m29[0m:[93m3[0m
    [7m29[0m   end_time: string;
    [7m  [0m [96m  ~~~~~~~~[0m
    'end_time' is declared here.
[96msrc/modules/business-dashboard/business-dashboard.service.ts[0m:[93m269[0m:[93m11[0m - [91merror[0m[90m TS2339: [0mProperty 'close_time' does not exist on type 'BusinessHoursEntity'.

[7m269[0m     hours.close_time = dto.close_time;
[7m   [0m [91m          ~~~~~~~~~~[0m
[96msrc/modules/business-dashboard/business-dashboard.service.ts[0m:[93m301[0m:[93m34[0m - [91merror[0m[90m TS2345: [0mArgument of type '"business_amount"' is not assignable to parameter of type 'PickKeysByType<PaymentEntity, number>'.

[7m301[0m       this.paymentRepository.sum('business_amount', {
[7m   [0m [91m                                 ~~~~~~~~~~~~~~~~~[0m
[96msrc/modules/business-dashboard/business-dashboard.service.ts[0m:[93m306[0m:[93m34[0m - [91merror[0m[90m TS2345: [0mArgument of type '"business_amount"' is not assignable to parameter of type 'PickKeysByType<PaymentEntity, number>'.

[7m306[0m       this.paymentRepository.sum('business_amount', {
[7m   [0m [91m                                 ~~~~~~~~~~~~~~~~~[0m
[96msrc/modules/business-dashboard/business-dashboard.service.ts[0m:[93m311[0m:[93m34[0m - [91merror[0m[90m TS2345: [0mArgument of type '"business_amount"' is not assignable to parameter of type 'PickKeysByType<PaymentEntity, number>'.

[7m311[0m       this.paymentRepository.sum('business_amount', {
[7m   [0m [91m                                 ~~~~~~~~~~~~~~~~~[0m
[96msrc/modules/business-dashboard/business-dashboard.service.ts[0m:[93m316[0m:[93m34[0m - [91merror[0m[90m TS2345: [0mArgument of type '"business_amount"' is not assignable to parameter of type 'PickKeysByType<PaymentEntity, number>'.

[7m316[0m       this.paymentRepository.sum('business_amount', {
[7m   [0m [91m                                 ~~~~~~~~~~~~~~~~~[0m
[96msrc/modules/businesses/business-approval.service.ts[0m:[93m47[0m:[93m14[0m - [91merror[0m[90m TS2339: [0mProperty 'approval_notes' does not exist on type 'BusinessEntity'.

[7m47[0m     business.approval_notes = dto.adminNotes || 'Approved by admin';
[7m  [0m [91m             ~~~~~~~~~~~~~~[0m
[96msrc/modules/businesses/business-approval.service.ts[0m:[93m48[0m:[93m14[0m - [91merror[0m[90m TS2339: [0mProperty 'approved_at' does not exist on type 'BusinessEntity'.

[7m48[0m     business.approved_at = new Date();
[7m  [0m [91m             ~~~~~~~~~~~[0m
[96msrc/modules/businesses/business-approval.service.ts[0m:[93m59[0m:[93m9[0m - [91merror[0m[90m TS2345: [0mArgument of type 'string | undefined' is not assignable to parameter of type 'string'.
  Type 'undefined' is not assignable to type 'string'.

[7m59[0m         business.user.phone_number,
[7m  [0m [91m        ~~~~~~~~~~~~~~~~~~~~~~~~~~[0m
[96msrc/modules/businesses/business-approval.service.ts[0m:[93m86[0m:[93m14[0m - [91merror[0m[90m TS2339: [0mProperty 'approval_notes' does not exist on type 'BusinessEntity'.

[7m86[0m     business.approval_notes = dto.rejectionReason;
[7m  [0m [91m             ~~~~~~~~~~~~~~[0m
[96msrc/modules/businesses/business-approval.service.ts[0m:[93m87[0m:[93m14[0m - [91merror[0m[90m TS2339: [0mProperty 'rejected_at' does not exist on type 'BusinessEntity'.

[7m87[0m     business.rejected_at = new Date();
[7m  [0m [91m             ~~~~~~~~~~~[0m
[96msrc/modules/businesses/business-approval.service.ts[0m:[93m99[0m:[93m9[0m - [91merror[0m[90m TS2345: [0mArgument of type 'string | undefined' is not assignable to parameter of type 'string'.
  Type 'undefined' is not assignable to type 'string'.

[7m99[0m         business.user.phone_number,
[7m  [0m [91m        ~~~~~~~~~~~~~~~~~~~~~~~~~~[0m
[96msrc/modules/businesses/businesses.controller.ts[0m:[93m14[0m:[93m30[0m - [91merror[0m[90m TS2307: [0mCannot find module '../../auth/jwt-auth.guard' or its corresponding type declarations.

[7m14[0m import { JwtAuthGuard } from '../../auth/jwt-auth.guard';
[7m  [0m [91m                             ~~~~~~~~~~~~~~~~~~~~~~~~~~~[0m
[96msrc/modules/businesses/businesses.controller.ts[0m:[93m15[0m:[93m23[0m - [91merror[0m[90m TS2307: [0mCannot find module '../../auth/roles.decorator' or its corresponding type declarations.

[7m15[0m import { Roles } from '../../auth/roles.decorator';
[7m  [0m [91m                      ~~~~~~~~~~~~~~~~~~~~~~~~~~~~[0m
[96msrc/modules/businesses/businesses.controller.ts[0m:[93m16[0m:[93m28[0m - [91merror[0m[90m TS2307: [0mCannot find module '../../auth/roles.guard' or its corresponding type declarations.

[7m16[0m import { RolesGuard } from '../../auth/roles.guard';
[7m  [0m [91m                           ~~~~~~~~~~~~~~~~~~~~~~~~[0m
[96msrc/modules/cache/redis.service.ts[0m:[93m10[0m:[93m7[0m - [91merror[0m[90m TS2353: [0mObject literal may only specify known properties, and 'host' does not exist in type 'RedisClientOptions<RedisModules, RedisFunctions, RedisScripts>'.

[7m10[0m       host: process.env.REDIS_HOST || 'localhost',
[7m  [0m [91m      ~~~~[0m
[96msrc/modules/customer-dashboard/customer-dashboard.controller.ts[0m:[93m12[0m:[93m30[0m - [91merror[0m[90m TS2307: [0mCannot find module '../../auth/jwt-auth.guard' or its corresponding type declarations.

[7m12[0m import { JwtAuthGuard } from '../../auth/jwt-auth.guard';
[7m  [0m [91m                             ~~~~~~~~~~~~~~~~~~~~~~~~~~~[0m
[96msrc/modules/customer-dashboard/customer-dashboard.controller.ts[0m:[93mFound 541 error(s).

