
> urbanhelp-backend@1.0.0 prebuild
> rimraf dist


> urbanhelp-backend@1.0.0 build
> nest build

[96msrc/app.module.ts[0m:[93m27[0m:[93m28[0m - [91merror[0m[90m TS2307: [0mCannot find module './modules/auth/auth.module' or its corresponding type declarations.

[7m27[0m import { AuthModule } from './modules/auth/auth.module';
[7m  [0m [91m                           ~~~~~~~~~~~~~~~~~~~~~~~~~~~~[0m
[96msrc/app.module.ts[0m:[93m32[0m:[93m33[0m - [91merror[0m[90m TS2307: [0mCannot find module './modules/customers/customers.module' or its corresponding type declarations.

[7m32[0m import { CustomersModule } from './modules/customers/customers.module';
[7m  [0m [91m                                ~~~~~~~~~~~~~~~~~~~~~~~~~~~~~~~~~~~~~~[0m
[96msrc/app.module.ts[0m:[93m34[0m:[93m30[0m - [91merror[0m[90m TS2307: [0mCannot find module './modules/search/search.module' or its corresponding type declarations.

[7m34[0m import { SearchModule } from './modules/search/search.module';
[7m  [0m [91m                             ~~~~~~~~~~~~~~~~~~~~~~~~~~~~~~~~[0m
[96msrc/app.module.ts[0m:[93m90[0m:[93m7[0m - [91merror[0m[90m TS2353: [0mObject literal may only specify known properties, and 'config' does not exist in type 'RedisModuleOptions'.

[7m90[0m       config: {
[7m  [0m [91m      ~~~~~~[0m
[96msrc/app.module.ts[0m:[93m94[0m:[93m25[0m - [91merror[0m[90m TS7006: [0mParameter 'times' implicitly has an 'any' type.

[7m94[0m         retryStrategy: (times) => {
[7m  [0m [91m                        ~~~~~[0m
[96msrc/cache/redis.service.ts[0m:[93m10[0m:[93m7[0m - [91merror[0m[90m TS2353: [0mObject literal may only specify known properties, and 'host' does not exist in type 'RedisClientOptions<RedisModules, RedisFunctions, RedisScripts>'.

[7m10[0m       host: process.env.REDIS_HOST || 'localhost',
[7m  [0m [91m      ~~~~[0m
[96msrc/common/common.module.ts[0m:[93m14[0m:[93m10[0m - [91merror[0m[90m TS2305: [0mModule '"./decorators/roles.decorator"' has no exported member 'RolesDecorator'.

[7m14[0m import { RolesDecorator } from './decorators/roles.decorator';
[7m  [0m [91m         ~~~~~~~~~~~~~~[0m
[96msrc/common/common.module.ts[0m:[93m19[0m:[93m7[0m - [91merror[0m[90m TS2353: [0mObject literal may only specify known properties, and 'config' does not exist in type 'RedisModuleOptions'.

[7m19[0m       config: {
[7m  [0m [91m      ~~~~~~[0m
[96msrc/common/entities/audit-log.entity.ts[0m:[93m14[0m:[93m3[0m - [91merror[0m[90m TS2564: [0mProperty 'id' has no initializer and is not definitely assigned in the constructor.

[7m14[0m   id: string;
[7m  [0m [91m  ~~[0m
[96msrc/common/entities/audit-log.entity.ts[0m:[93m17[0m:[93m3[0m - [91merror[0m[90m TS2564: [0mProperty 'action' has no initializer and is not definitely assigned in the constructor.

[7m17[0m   action: string;
[7m  [0m [91m  ~~~~~~[0m
[96msrc/common/entities/audit-log.entity.ts[0m:[93m26[0m:[93m3[0m - [91merror[0m[90m TS2564: [0mProperty 'status' has no initializer and is not definitely assigned in the constructor.

[7m26[0m   status: string;
[7m  [0m [91m  ~~~~~~[0m
[96msrc/common/entities/audit-log.entity.ts[0m:[93m29[0m:[93m3[0m - [91merror[0m[90m TS2564: [0mProperty 'created_at' has no initializer and is not definitely assigned in the constructor.

[7m29[0m   created_at: Date;
[7m  [0m [91m  ~~~~~~~~~~[0m
[96msrc/common/entities/booking.entity.ts[0m:[93m22[0m:[93m3[0m - [91merror[0m[90m TS2564: [0mProperty 'id' has no initializer and is not definitely assigned in the constructor.

[7m22[0m   id: string;
[7m  [0m [91m  ~~[0m
[96msrc/common/entities/booking.entity.ts[0m:[93m25[0m:[93m3[0m - [91merror[0m[90m TS2564: [0mProperty 'customer_id' has no initializer and is not definitely assigned in the constructor.

[7m25[0m   customer_id: string;
[7m  [0m [91m  ~~~~~~~~~~~[0m
[96msrc/common/entities/booking.entity.ts[0m:[93m28[0m:[93m3[0m - [91merror[0m[90m TS2564: [0mProperty 'business_id' has no initializer and is not definitely assigned in the constructor.

[7m28[0m   business_id: string;
[7m  [0m [91m  ~~~~~~~~~~~[0m
[96msrc/common/entities/booking.entity.ts[0m:[93m31[0m:[93m3[0m - [91merror[0m[90m TS2564: [0mProperty 'status' has no initializer and is not definitely assigned in the constructor.

[7m31[0m   status: string;
[7m  [0m [91m  ~~~~~~[0m
[96msrc/common/entities/booking.entity.ts[0m:[93m34[0m:[93m3[0m - [91merror[0m[90m TS2564: [0mProperty 'request_type' has no initializer and is not definitely assigned in the constructor.

[7m34[0m   request_type: string;
[7m  [0m [91m  ~~~~~~~~~~~~[0m
[96msrc/common/entities/booking.entity.ts[0m:[93m37[0m:[93m3[0m - [91merror[0m[90m TS2564: [0mProperty 'appointment_date' has no initializer and is not definitely assigned in the constructor.

[7m37[0m   appointment_date: Date;
[7m  [0m [91m  ~~~~~~~~~~~~~~~~[0m
[96msrc/common/entities/booking.entity.ts[0m:[93m43[0m:[93m3[0m - [91merror[0m[90m TS2564: [0mProperty 'customer_name' has no initializer and is not definitely assigned in the constructor.

[7m43[0m   customer_name: string;
[7m  [0m [91m  ~~~~~~~~~~~~~[0m
[96msrc/common/entities/booking.entity.ts[0m:[93m46[0m:[93m3[0m - [91merror[0m[90m TS2564: [0mProperty 'customer_address' has no initializer and is not definitely assigned in the constructor.

[7m46[0m   customer_address: string;
[7m  [0m [91m  ~~~~~~~~~~~~~~~~[0m
[96msrc/common/entities/booking.entity.ts[0m:[93m52[0m:[93m3[0m - [91merror[0m[90m TS2564: [0mProperty 'problem_description' has no initializer and is not definitely assigned in the constructor.

[7m52[0m   problem_description: string;
[7m  [0m [91m  ~~~~~~~~~~~~~~~~~~~[0m
[96msrc/common/entities/booking.entity.ts[0m:[93m58[0m:[93m3[0m - [91merror[0m[90m TS2564: [0mProperty 'call_out_fee' has no initializer and is not definitely assigned in the constructor.

[7m58[0m   call_out_fee: number;
[7m  [0m [91m  ~~~~~~~~~~~~[0m
[96msrc/common/entities/booking.entity.ts[0m:[93m61[0m:[93m3[0m - [91merror[0m[90m TS2564: [0mProperty 'commission_amount' has no initializer and is not definitely assigned in the constructor.

[7m61[0m   commission_amount: number;
[7m  [0m [91m  ~~~~~~~~~~~~~~~~~[0m
[96msrc/common/entities/booking.entity.ts[0m:[93m64[0m:[93m3[0m - [91merror[0m[90m TS2564: [0mProperty 'created_at' has no initializer and is not definitely assigned in the constructor.

[7m64[0m   created_at: Date;
[7m  [0m [91m  ~~~~~~~~~~[0m
[96msrc/common/entities/booking.entity.ts[0m:[93m67[0m:[93m3[0m - [91merror[0m[90m TS2564: [0mProperty 'updated_at' has no initializer and is not definitely assigned in the constructor.

[7m67[0m   updated_at: Date;
[7m  [0m [91m  ~~~~~~~~~~[0m
[96msrc/common/entities/booking.entity.ts[0m:[93m77[0m:[93m3[0m - [91merror[0m[90m TS2564: [0mProperty 'customer' has no initializer and is not definitely assigned in the constructor.

[7m77[0m   customer: CustomerEntity;
[7m  [0m [91m  ~~~~~~~~[0m
[96msrc/common/entities/booking.entity.ts[0m:[93m81[0m:[93m3[0m - [91merror[0m[90m TS2564: [0mProperty 'business' has no initializer and is not definitely assigned in the constructor.

[7m81[0m   business: BusinessEntity;
[7m  [0m [91m  ~~~~~~~~[0m
[96msrc/common/entities/business-banking-details.entity.ts[0m:[93m17[0m:[93m3[0m - [91merror[0m[90m TS2564: [0mProperty 'id' has no initializer and is not definitely assigned in the constructor.

[7m17[0m   id: string;
[7m  [0m [91m  ~~[0m
[96msrc/common/entities/business-banking-details.entity.ts[0m:[93m20[0m:[93m3[0m - [91merror[0m[90m TS2564: [0mProperty 'business_id' has no initializer and is not definitely assigned in the constructor.

[7m20[0m   business_id: string;
[7m  [0m [91m  ~~~~~~~~~~~[0m
[96msrc/common/entities/business-banking-details.entity.ts[0m:[93m23[0m:[93m3[0m - [91merror[0m[90m TS2564: [0mProperty 'account_name' has no initializer and is not definitely assigned in the constructor.

[7m23[0m   account_name: string;
[7m  [0m [91m  ~~~~~~~~~~~~[0m
[96msrc/common/entities/business-banking-details.entity.ts[0m:[93m26[0m:[93m3[0m - [91merror[0m[90m TS2564: [0mProperty 'bsb' has no initializer and is not definitely assigned in the constructor.

[7m26[0m   bsb: string;
[7m  [0m [91m  ~~~[0m
[96msrc/common/entities/business-banking-details.entity.ts[0m:[93m29[0m:[93m3[0m - [91merror[0m[90m TS2564: [0mProperty 'account_number' has no initializer and is not definitely assigned in the constructor.

[7m29[0m   account_number: string;
[7m  [0m [91m  ~~~~~~~~~~~~~~[0m
[96msrc/common/entities/business-banking-details.entity.ts[0m:[93m35[0m:[93m3[0m - [91merror[0m[90m TS2564: [0mProperty 'is_verified' has no initializer and is not definitely assigned in the constructor.

[7m35[0m   is_verified: boolean;
[7m  [0m [91m  ~~~~~~~~~~~[0m
[96msrc/common/entities/business-banking-details.entity.ts[0m:[93m38[0m:[93m3[0m - [91merror[0m[90m TS2564: [0mProperty 'created_at' has no initializer and is not definitely assigned in the constructor.

[7m38[0m   created_at: Date;
[7m  [0m [91m  ~~~~~~~~~~[0m
[96msrc/common/entities/business-banking-details.entity.ts[0m:[93m41[0m:[93m3[0m - [91merror[0m[90m TS2564: [0mProperty 'updated_at' has no initializer and is not definitely assigned in the constructor.

[7m41[0m   updated_at: Date;
[7m  [0m [91m  ~~~~~~~~~~[0m
[96msrc/common/entities/business-banking-details.entity.ts[0m:[93m43[0m:[93m57[0m - [91merror[0m[90m TS2339: [0mProperty 'banking_details' does not exist on type 'BusinessEntity'.

[7m43[0m   @ManyToOne(() => BusinessEntity, business => business.banking_details, { onDelete: 'CASCADE' })
[7m  [0m [91m                                                        ~~~~~~~~~~~~~~~[0m
[96msrc/common/entities/business-banking-details.entity.ts[0m:[93m45[0m:[93m3[0m - [91merror[0m[90m TS2564: [0mProperty 'business' has no initializer and is not definitely assigned in the constructor.

[7m45[0m   business: BusinessEntity;
[7m  [0m [91m  ~~~~~~~~[0m
[96msrc/common/entities/business-hours.entity.ts[0m:[93m17[0m:[93m3[0m - [91merror[0m[90m TS2564: [0mProperty 'id' has no initializer and is not definitely assigned in the constructor.

[7m17[0m   id: string;
[7m  [0m [91m  ~~[0m
[96msrc/common/entities/business-hours.entity.ts[0m:[93m20[0m:[93m3[0m - [91merror[0m[90m TS2564: [0mProperty 'business_id' has no initializer and is not definitely assigned in the constructor.

[7m20[0m   business_id: string;
[7m  [0m [91m  ~~~~~~~~~~~[0m
[96msrc/common/entities/business-hours.entity.ts[0m:[93m23[0m:[93m3[0m - [91merror[0m[90m TS2564: [0mProperty 'day_of_week' has no initializer and is not definitely assigned in the constructor.

[7m23[0m   day_of_week: number;
[7m  [0m [91m  ~~~~~~~~~~~[0m
[96msrc/common/entities/business-hours.entity.ts[0m:[93m26[0m:[93m3[0m - [91merror[0m[90m TS2564: [0mProperty 'start_time' has no initializer and is not definitely assigned in the constructor.

[7m26[0m   start_time: string;
[7m  [0m [91m  ~~~~~~~~~~[0m
[96msrc/common/entities/business-hours.entity.ts[0m:[93m29[0m:[93m3[0m - [91merror[0m[90m TS2564: [0mProperty 'end_time' has no initializer and is not definitely assigned in the constructor.

[7m29[0m   end_time: string;
[7m  [0m [91m  ~~~~~~~~[0m
[96msrc/common/entities/business-hours.entity.ts[0m:[93m32[0m:[93m3[0m - [91merror[0m[90m TS2564: [0mProperty 'is_available' has no initializer and is not definitely assigned in the constructor.

[7m32[0m   is_available: boolean;
[7m  [0m [91m  ~~~~~~~~~~~~[0m
[96msrc/common/entities/business-hours.entity.ts[0m:[93m35[0m:[93m3[0m - [91merror[0m[90m TS2564: [0mProperty 'created_at' has no initializer and is not definitely assigned in the constructor.

[7m35[0m   created_at: Date;
[7m  [0m [91m  ~~~~~~~~~~[0m
[96msrc/common/entities/business-hours.entity.ts[0m:[93m38[0m:[93m3[0m - [91merror[0m[90m TS2564: [0mProperty 'updated_at' has no initializer and is not definitely assigned in the constructor.

[7m38[0m   updated_at: Date;
[7m  [0m [91m  ~~~~~~~~~~[0m
[96msrc/common/entities/business-hours.entity.ts[0m:[93m42[0m:[93m3[0m - [91merror[0m[90m TS2564: [0mProperty 'business' has no initializer and is not definitely assigned in the constructor.

[7m42[0m   business: BusinessEntity;
[7m  [0m [91m  ~~~~~~~~[0m
[96msrc/common/entities/customer.entity.ts[0m:[93m56[0m:[93m3[0m - [91merror[0m[90m TS2564: [0mProperty 'user' has no initializer and is not definitely assigned in the constructor.

[7m56[0m   user: UserEntity;
[7m  [0m [91m  ~~~~[0m
[96msrc/common/entities/review.entity.ts[0m:[93m16[0m:[93m3[0m - [91merror[0m[90m TS2564: [0mProperty 'id' has no initializer and is not definitely assigned in the constructor.

[7m16[0m   id: string;
[7m  [0m [91m  ~~[0m
[96msrc/common/entities/review.entity.ts[0m:[93m19[0m:[93m3[0m - [91merror[0m[90m TS2564: [0mProperty 'booking_id' has no initializer and is not definitely assigned in the constructor.

[7m19[0m   booking_id: string;
[7m  [0m [91m  ~~~~~~~~~~[0m
[96msrc/common/entities/review.entity.ts[0m:[93m22[0m:[93m3[0m - [91merror[0m[90m TS2564: [0mProperty 'customer_id' has no initializer and is not definitely assigned in the constructor.

[7m22[0m   customer_id: string;
[7m  [0m [91m  ~~~~~~~~~~~[0m
[96msrc/common/entities/review.entity.ts[0m:[93m25[0m:[93m3[0m - [91merror[0m[90m TS2564: [0mProperty 'business_id' has no initializer and is not definitely assigned in the constructor.

[7m25[0m   business_id: string;
[7m  [0m [91m  ~~~~~~~~~~~[0m
[96msrc/common/entities/review.entity.ts[0m:[93m28[0m:[93m3[0m - [91merror[0m[90m TS2564: [0mProperty 'rating' has no initializer and is not definitely assigned in the constructor.

[7m28[0m   rating: number;
[7m  [0m [91m  ~~~~~~[0m
[96msrc/common/entities/review.entity.ts[0m:[93m34[0m:[93m3[0m - [91merror[0m[90m TS2564: [0mProperty 'is_verified' has no initializer and is not definitely assigned in the constructor.

[7m34[0m   is_verified: boolean;
[7m  [0m [91m  ~~~~~~~~~~~[0m
[96msrc/common/entities/review.entity.ts[0m:[93m37[0m:[93m3[0m - [91merror[0m[90m TS2564: [0mProperty 'created_at' has no initializer and is not definitely assigned in the constructor.

[7m37[0m   created_at: Date;
[7m  [0m [91m  ~~~~~~~~~~[0m
[96msrc/common/entities/review.entity.ts[0m:[93m40[0m:[93m3[0m - [91merror[0m[90m TS2564: [0mProperty 'updated_at' has no initializer and is not definitely assigned in the constructor.

[7m40[0m   updated_at: Date;
[7m  [0m [91m  ~~~~~~~~~~[0m
[96msrc/common/entities/user.entity.ts[0m:[93m20[0m:[93m3[0m - [91merror[0m[90m TS2564: [0mProperty 'id' has no initializer and is not definitely assigned in the constructor.

[7m20[0m   id: string;
[7m  [0m [91m  ~~[0m
[96msrc/common/entities/user.entity.ts[0m:[93m23[0m:[93m3[0m - [91merror[0m[90m TS2564: [0mProperty 'email' has no initializer and is not definitely assigned in the constructor.

[7m23[0m   email: string;
[7m  [0m [91m  ~~~~~[0m
[96msrc/common/entities/user.entity.ts[0m:[93m30[0m:[93m3[0m - [91merror[0m[90m TS2564: [0mProperty 'password_hash' has no initializer and is not definitely assigned in the constructor.

[7m30[0m   password_hash: string;
[7m  [0m [91m  ~~~~~~~~~~~~~[0m
[96msrc/common/entities/user.entity.ts[0m:[93m33[0m:[93m3[0m - [91merror[0m[90m TS2564: [0mProperty 'first_name' has no initializer and is not definitely assigned in the constructor.

[7m33[0m   first_name: string;
[7m  [0m [91m  ~~~~~~~~~~[0m
[96msrc/common/entities/user.entity.ts[0m:[93m36[0m:[93m3[0m - [91merror[0m[90m TS2564: [0mProperty 'last_name' has no initializer and is not definitely assigned in the constructor.

[7m36[0m   last_name: string;
[7m  [0m [91m  ~~~~~~~~~[0m
[96msrc/common/entities/user.entity.ts[0m:[93m39[0m:[93m3[0m - [91merror[0m[90m TS2564: [0mProperty 'role' has no initializer and is not definitely assigned in the constructor.

[7m39[0m   role: string;
[7m  [0m [91m  ~~~~[0m
[96msrc/common/entities/user.entity.ts[0m:[93m42[0m:[93m3[0m - [91merror[0m[90m TS2564: [0mProperty 'is_active' has no initializer and is not definitely assigned in the constructor.

[7m42[0m   is_active: boolean;
[7m  [0m [91m  ~~~~~~~~~[0m
[96msrc/common/entities/user.entity.ts[0m:[93m45[0m:[93m3[0m - [91merror[0m[90m TS2564: [0mProperty 'is_verified' has no initializer and is not definitely assigned in the constructor.

[7m45[0m   is_verified: boolean;
[7m  [0m [91m  ~~~~~~~~~~~[0m
[96msrc/common/entities/user.entity.ts[0m:[93m51[0m:[93m3[0m - [91merror[0m[90m TS2564: [0mProperty 'created_at' has no initializer and is not definitely assigned in the constructor.

[7m51[0m   created_at: Date;
[7m  [0m [91m  ~~~~~~~~~~[0m
[96msrc/common/entities/user.entity.ts[0m:[93m54[0m:[93m3[0m - [91merror[0m[90m TS2564: [0mProperty 'updated_at' has no initializer and is not definitely assigned in the constructor.

[7m54[0m   updated_at: Date;
[7m  [0m [91m  ~~~~~~~~~~[0m
[96msrc/common/enums/index.ts[0m:[93m124[0m:[93m3[0m - [91merror[0m[90m TS2564: [0mProperty 'email' has no initializer and is not definitely assigned in the constructor.

[7m124[0m   email: string;
[7m   [0m [91m  ~~~~~[0m
[96msrc/common/enums/index.ts[0m:[93m129[0m:[93m3[0m - [91merror[0m[90m TS2564: [0mProperty 'first_name' has no initializer and is not definitely assigned in the constructor.

[7m129[0m   first_name: string;
[7m   [0m [91m  ~~~~~~~~~~[0m
[96msrc/common/enums/index.ts[0m:[93m134[0m:[93m3[0m - [91merror[0m[90m TS2564: [0mProperty 'last_name' has no initializer and is not definitely assigned in the constructor.

[7m134[0m   last_name: string;
[7m   [0m [91m  ~~~~~~~~~[0m
[96msrc/common/enums/index.ts[0m:[93m144[0m:[93m3[0m - [91merror[0m[90m TS2564: [0mProperty 'password' has no initializer and is not definitely assigned in the constructor.

[7m144[0m   password: string;
[7m   [0m [91m  ~~~~~~~~[0m
[96msrc/common/enums/index.ts[0m:[93m147[0m:[93m3[0m - [91merror[0m[90m TS2564: [0mProperty 'phone' has no initializer and is not definitely assigned in the constructor.

[7m147[0m   phone: string;
[7m   [0m [91m  ~~~~~[0m
[96msrc/common/enums/index.ts[0m:[93m150[0m:[93m3[0m - [91merror[0m[90m TS2564: [0mProperty 'role' has no initializer and is not definitely assigned in the constructor.

[7m150[0m   role: UserRole; // ✅ CORRECTED: Use enum class, not string array
[7m   [0m [91m  ~~~~[0m
[96msrc/common/enums/index.ts[0m:[93m155[0m:[93m3[0m - [91merror[0m[90m TS2564: [0mProperty 'method' has no initializer and is not definitely assigned in the constructor.

[7m155[0m   method: 'email' | 'phone';
[7m   [0m [91m  ~~~~~~[0m
[96msrc/common/enums/index.ts[0m:[93m168[0m:[93m3[0m - [91merror[0m[90m TS2564: [0mProperty 'password' has no initializer and is not definitely assigned in the constructor.

[7m168[0m   password: string;
[7m   [0m [91m  ~~~~~~~~[0m
[96msrc/common/enums/index.ts[0m:[93m175[0m:[93m3[0m - [91merror[0m[90m TS2564: [0mProperty 'code' has no initializer and is not definitely assigned in the constructor.

[7m175[0m   code: string;
[7m   [0m [91m  ~~~~[0m
[96msrc/common/enums/index.ts[0m:[93m186[0m:[93m3[0m - [91merror[0m[90m TS2564: [0mProperty 'email' has no initializer and is not definitely assigned in the constructor.

[7m186[0m   email: string;
[7m   [0m [91m  ~~~~~[0m
[96msrc/common/enums/index.ts[0m:[93m191[0m:[93m3[0m - [91merror[0m[90m TS2564: [0mProperty 'token' has no initializer and is not definitely assigned in the constructor.

[7m191[0m   token: string;
[7m   [0m [91m  ~~~~~[0m
[96msrc/common/enums/index.ts[0m:[93m199[0m:[93m3[0m - [91merror[0m[90m TS2564: [0mProperty 'password' has no initializer and is not definitely assigned in the constructor.

[7m199[0m   password: string;
[7m   [0m [91m  ~~~~~~~~[0m
[96msrc/common/enums/index.ts[0m:[93m209[0m:[93m3[0m - [91merror[0m[90m TS2564: [0mProperty 'business_id' has no initializer and is not definitely assigned in the constructor.

[7m209[0m   business_id: string;
[7m   [0m [91m  ~~~~~~~~~~~[0m
[96msrc/common/enums/index.ts[0m:[93m213[0m:[93m3[0m - [91merror[0m[90m TS2564: [0mProperty 'service_id' has no initializer and is not definitely assigned in the constructor.

[7m213[0m   service_id: string;
[7m   [0m [91m  ~~~~~~~~~~[0m
[96msrc/common/enums/index.ts[0m:[93m217[0m:[93m3[0m - [91merror[0m[90m TS2564: [0mProperty 'start_time' has no initializer and is not definitely assigned in the constructor.

[7m217[0m   start_time: string;
[7m   [0m [91m  ~~~~~~~~~~[0m
[96msrc/common/enums/index.ts[0m:[93m221[0m:[93m3[0m - [91merror[0m[90m TS2564: [0mProperty 'end_time' has no initializer and is not definitely assigned in the constructor.

[7m221[0m   end_time: string;
[7m   [0m [91m  ~~~~~~~~[0m
[96msrc/common/enums/index.ts[0m:[93m232[0m:[93m37[0m - [91merror[0m[90m TS2565: [0mProperty 'start_time' is used before being assigned.

[7m232[0m     const startTime = new Date(this.start_time);
[7m   [0m [91m                                    ~~~~~~~~~~[0m
[96msrc/common/enums/index.ts[0m:[93m233[0m:[93m35[0m - [91merror[0m[90m TS2565: [0mProperty 'end_time' is used before being assigned.

[7m233[0m     const endTime = new Date(this.end_time);
[7m   [0m [91m                                  ~~~~~~~~[0m
[96msrc/common/enums/index.ts[0m:[93m275[0m:[93m3[0m - [91merror[0m[90m TS2564: [0mProperty 'reason' has no initializer and is not definitely assigned in the constructor.

[7m275[0m   reason: RefundReason; // ✅ CORRECTED: Use enum
[7m   [0m [91m  ~~~~~~[0m
[96msrc/common/enums/index.ts[0m:[93m285[0m:[93m3[0m - [91merror[0m[90m TS2564: [0mProperty 'booking_id' has no initializer and is not definitely assigned in the constructor.

[7m285[0m   booking_id: string;
[7m   [0m [91m  ~~~~~~~~~~[0m
[96msrc/common/enums/index.ts[0m:[93m291[0m:[93m3[0m - [91merror[0m[90m TS2564: [0mProperty 'amount' has no initializer and is not definitely assigned in the constructor.

[7m291[0m   amount: number;
[7m   [0m [91m  ~~~~~~[0m
[96msrc/common/enums/index.ts[0m:[93m295[0m:[93m3[0m - [91merror[0m[90m TS2564: [0mProperty 'customer_id' has no initializer and is not definitely assigned in the constructor.

[7m295[0m   customer_id: string;
[7m   [0m [91m  ~~~~~~~~~~~[0m
[96msrc/common/enums/index.ts[0m:[93m301[0m:[93m3[0m - [91merror[0m[90m TS2564: [0mProperty 'payment_intent_id' has no initializer and is not definitely assigned in the constructor.

[7m301[0m   payment_intent_id: string;
[7m   [0m [91m  ~~~~~~~~~~~~~~~~~[0m
[96msrc/common/enums/index.ts[0m:[93m305[0m:[93m3[0m - [91merror[0m[90m TS2564: [0mProperty 'payment_method_id' has no initializer and is not definitely assigned in the constructor.

[7m305[0m   payment_method_id: string;
[7m   [0m [91m  ~~~~~~~~~~~~~~~~~[0m
[96msrc/common/enums/index.ts[0m:[93m311[0m:[93m3[0m - [91merror[0m[90m TS2564: [0mProperty 'payment_id' has no initializer and is not definitely assigned in the constructor.

[7m311[0m   payment_id: string;
[7m   [0m [91m  ~~~~~~~~~~[0m
[96msrc/common/enums/index.ts[0m:[93m314[0m:[93m3[0m - [91merror[0m[90m TS2564: [0mProperty 'reason' has no initializer and is not definitely assigned in the constructor.

[7m314[0m   reason: RefundReason; // ✅ CORRECTED: Use enum
[7m   [0m [91m  ~~~~~~[0m
[96msrc/common/enums/index.ts[0m:[93m325[0m:[93m3[0m - [91merror[0m[90m TS2564: [0mProperty 'name' has no initializer and is not definitely assigned in the constructor.

[7m325[0m   name: string;
[7m   [0m [91m  ~~~~[0m
[96msrc/common/enums/index.ts[0m:[93m329[0m:[93m3[0m - [91merror[0m[90m TS2564: [0mProperty 'abn' has no initializer and is not definitely assigned in the constructor.

[7m329[0m   abn: string;
[7m   [0m [91m  ~~~[0m
[96msrc/common/enums/index.ts[0m:[93m333[0m:[93m3[0m - [91merror[0m[90m TS2564: [0mProperty 'category' has no initializer and is not definitely assigned in the constructor.

[7m333[0m   category: BusinessCategory; // ✅ CORRECTED: Use enum class
[7m   [0m [91m  ~~~~~~~~[0m
[96msrc/common/enums/index.ts[0m:[93m337[0m:[93m3[0m - [91merror[0m[90m TS2564: [0mProperty 'email' has no initializer and is not definitely assigned in the constructor.

[7m337[0m   email: string;
[7m   [0m [91m  ~~~~~[0m
[96msrc/common/enums/index.ts[0m:[93m341[0m:[93m3[0m - [91merror[0m[90m TS2564: [0mProperty 'phone' has no initializer and is not definitely assigned in the constructor.

[7m341[0m   phone: string;
[7m   [0m [91m  ~~~~~[0m
[96msrc/common/enums/index.ts[0m:[93m354[0m:[93m3[0m - [91merror[0m[90m TS2564: [0mProperty 'suburb' has no initializer and is not definitely assigned in the constructor.

[7m354[0m   suburb: string;
[7m   [0m [91m  ~~~~~~[0m
[96msrc/common/enums/index.ts[0m:[93m358[0m:[93m3[0m - [91merror[0m[90m TS2564: [0mProperty 'state' has no initializer and is not definitely assigned in the constructor.

[7m358[0m   state: string;
[7m   [0m [91m  ~~~~~[0m
[96msrc/common/enums/index.ts[0m:[93m362[0m:[93m3[0m - [91merror[0m[90m TS2564: [0mProperty 'postcode' has no initializer and is not definitely assigned in the constructor.

[7m362[0m   postcode: string;
[7m   [0m [91m  ~~~~~~~~[0m
[96msrc/common/enums/index.ts[0m:[93m366[0m:[93m3[0m - [91merror[0m[90m TS2564: [0mProperty 'street_address' has no initializer and is not definitely assigned in the constructor.

[7m366[0m   street_address: string;
[7m   [0m [91m  ~~~~~~~~~~~~~~[0m
[96msrc/common/enums/index.ts[0m:[93m404[0m:[93m3[0m - [91merror[0m[90m TS2564: [0mProperty 'bsb' has no initializer and is not definitely assigned in the constructor.

[7m404[0m   bsb: string;
[7m   [0m [91m  ~~~[0m
[96msrc/common/enums/index.ts[0m:[93m408[0m:[93m3[0m - [91merror[0m[90m TS2564: [0mProperty 'account_number' has no initializer and is not definitely assigned in the constructor.

[7m408[0m   account_number: string;
[7m   [0m [91m  ~~~~~~~~~~~~~~[0m
[96msrc/common/enums/index.ts[0m:[93m413[0m:[93m3[0m - [91merror[0m[90m TS2564: [0mProperty 'account_holder_name' has no initializer and is not definitely assigned in the constructor.

[7m413[0m   account_holder_name: string;
[7m   [0m [91m  ~~~~~~~~~~~~~~~~~~~[0m
[96msrc/common/enums/index.ts[0m:[93m423[0m:[93m3[0m - [91merror[0m[90m TS2564: [0mProperty 'booking_id' has no initializer and is not definitely assigned in the constructor.

[7m423[0m   booking_id: string;
[7m   [0m [91m  ~~~~~~~~~~[0m
[96msrc/common/enums/index.ts[0m:[93m429[0m:[93m3[0m - [91merror[0m[90m TS2564: [0mProperty 'rating' has no initializer and is not definitely assigned in the constructor.

[7m429[0m   rating: number;
[7m   [0m [91m  ~~~~~~[0m
[96msrc/common/enums/index.ts[0m:[93m434[0m:[93m3[0m - [91merror[0m[90m TS2564: [0mProperty 'text' has no initializer and is not definitely assigned in the constructor.

[7m434[0m   text: string;
[7m   [0m [91m  ~~~~[0m
[96msrc/common/services/audit.service.ts[0m:[93m27[0m:[93m56[0m - [91merror[0m[90m TS18046: [0m'err' is of type 'unknown'.

[7m27[0m       this.logger.error('Failed to persist audit log', err.stack || err.message);
[7m  [0m [91m                                                       ~~~[0m
[96msrc/common/services/audit.service.ts[0m:[93m27[0m:[93m69[0m - [91merror[0m[90m TS18046: [0m'err' is of type 'unknown'.

[7m27[0m       this.logger.error('Failed to persist audit log', err.stack || err.message);
[7m  [0m [91m                                                                    ~~~[0m
[96msrc/dtos/index.ts[0m:[93m4[0m:[93m22[0m - [91merror[0m[90m TS2300: [0mDuplicate identifier 'BadRequestException'.

[7m4[0m import { Injectable, BadRequestException, ValidationPipe } from '@nestjs/common';
[7m [0m [91m                     ~~~~~~~~~~~~~~~~~~~[0m
[96msrc/dtos/index.ts[0m:[93m4[0m:[93m43[0m - [91merror[0m[90m TS2300: [0mDuplicate identifier 'ValidationPipe'.

[7m4[0m import { Injectable, BadRequestException, ValidationPipe } from '@nestjs/common';
[7m [0m [91m                                          ~~~~~~~~~~~~~~[0m
[96msrc/dtos/index.ts[0m:[93m26[0m:[93m3[0m - [91merror[0m[90m TS2300: [0mDuplicate identifier 'IsEmail'.

[7m26[0m   IsEmail,
[7m  [0m [91m  ~~~~~~~[0m
[96msrc/dtos/index.ts[0m:[93m27[0m:[93m3[0m - [91merror[0m[90m TS2300: [0mDuplicate identifier 'IsString'.

[7m27[0m   IsString,
[7m  [0m [91m  ~~~~~~~~[0m
[96msrc/dtos/index.ts[0m:[93m28[0m:[93m3[0m - [91merror[0m[90m TS2300: [0mDuplicate identifier 'IsNotEmpty'.

[7m28[0m   IsNotEmpty,
[7m  [0m [91m  ~~~~~~~~~~[0m
[96msrc/dtos/index.ts[0m:[93m29[0m:[93m3[0m - [91merror[0m[90m TS2300: [0mDuplicate identifier 'Length'.

[7m29[0m   Length,
[7m  [0m [91m  ~~~~~~[0m
[96msrc/dtos/index.ts[0m:[93m30[0m:[93m3[0m - [91merror[0m[90m TS2300: [0mDuplicate identifier 'Matches'.

[7m30[0m   Matches,
[7m  [0m [91m  ~~~~~~~[0m
[96msrc/dtos/index.ts[0m:[93m31[0m:[93m3[0m - [91merror[0m[90m TS2300: [0mDuplicate identifier 'IsPhoneNumber'.

[7m31[0m   IsPhoneNumber,
[7m  [0m [91m  ~~~~~~~~~~~~~[0m
[96msrc/dtos/index.ts[0m:[93m32[0m:[93m3[0m - [91merror[0m[90m TS2300: [0mDuplicate identifier 'ValidateIf'.

[7m32[0m   ValidateIf,
[7m  [0m [91m  ~~~~~~~~~~[0m
[96msrc/dtos/index.ts[0m:[93m33[0m:[93m3[0m - [91merror[0m[90m TS2300: [0mDuplicate identifier 'IsEnum'.

[7m33[0m   IsEnum,
[7m  [0m [91m  ~~~~~~[0m
[96msrc/dtos/index.ts[0m:[93m34[0m:[93m3[0m - [91merror[0m[90m TS2300: [0mDuplicate identifier 'MaxLength'.

[7m34[0m   MaxLength,
[7m  [0m [91m  ~~~~~~~~~[0m
[96msrc/dtos/index.ts[0m:[93m44[0m:[93m3[0m - [91merror[0m[90m TS2564: [0mProperty 'email' has no initializer and is not definitely assigned in the constructor.

[7m44[0m   email: string;
[7m  [0m [91m  ~~~~~[0m
[96msrc/dtos/index.ts[0m:[93m49[0m:[93m3[0m - [91merror[0m[90m TS2564: [0mProperty 'first_name' has no initializer and is not definitely assigned in the constructor.

[7m49[0m   first_name: string;
[7m  [0m [91m  ~~~~~~~~~~[0m
[96msrc/dtos/index.ts[0m:[93m54[0m:[93m3[0m - [91merror[0m[90m TS2564: [0mProperty 'last_name' has no initializer and is not definitely assigned in the constructor.

[7m54[0m   last_name: string;
[7m  [0m [91m  ~~~~~~~~~[0m
[96msrc/dtos/index.ts[0m:[93m64[0m:[93m3[0m - [91merror[0m[90m TS2564: [0mProperty 'password' has no initializer and is not definitely assigned in the constructor.

[7m64[0m   password: string;
[7m  [0m [91m  ~~~~~~~~[0m
[96msrc/dtos/index.ts[0m:[93m67[0m:[93m3[0m - [91merror[0m[90m TS2564: [0mProperty 'phone' has no initializer and is not definitely assigned in the constructor.

[7m67[0m   phone: string;
[7m  [0m [91m  ~~~~~[0m
[96msrc/dtos/index.ts[0m:[93m70[0m:[93m3[0m - [91merror[0m[90m TS2564: [0mProperty 'role' has no initializer and is not definitely assigned in the constructor.

[7m70[0m   role: string;
[7m  [0m [91m  ~~~~[0m
[96msrc/dtos/index.ts[0m:[93m75[0m:[93m3[0m - [91merror[0m[90m TS2564: [0mProperty 'method' has no initializer and is not definitely assigned in the constructor.

[7m75[0m   method: LoginMethod;
[7m  [0m [91m  ~~~~~~[0m
[96msrc/dtos/index.ts[0m:[93m88[0m:[93m3[0m - [91merror[0m[90m TS2564: [0mProperty 'password' has no initializer and is not definitely assigned in the constructor.

[7m88[0m   password: string;
[7m  [0m [91m  ~~~~~~~~[0m
[96msrc/dtos/index.ts[0m:[93m95[0m:[93m3[0m - [91merror[0m[90m TS2564: [0mProperty 'code' has no initializer and is not definitely assigned in the constructor.

[7m95[0m   code: string;
[7m  [0m [91m  ~~~~[0m
[96msrc/dtos/index.ts[0m:[93m106[0m:[93m3[0m - [91merror[0m[90m TS2564: [0mProperty 'email' has no initializer and is not definitely assigned in the constructor.

[7m106[0m   email: string;
[7m   [0m [91m  ~~~~~[0m
[96msrc/dtos/index.ts[0m:[93m111[0m:[93m3[0m - [91merror[0m[90m TS2564: [0mProperty 'email' has no initializer and is not definitely assigned in the constructor.

[7m111[0m   email: string;
[7m   [0m [91m  ~~~~~[0m
[96msrc/dtos/index.ts[0m:[93m116[0m:[93m3[0m - [91merror[0m[90m TS2564: [0mProperty 'token' has no initializer and is not definitely assigned in the constructor.

[7m116[0m   token: string;
[7m   [0m [91m  ~~~~~[0m
[96msrc/dtos/index.ts[0m:[93m124[0m:[93m3[0m - [91merror[0m[90m TS2564: [0mProperty 'password' has no initializer and is not definitely assigned in the constructor.

[7m124[0m   password: string;
[7m   [0m [91m  ~~~~~~~~[0m
[96msrc/dtos/index.ts[0m:[93m131[0m:[93m3[0m - [91merror[0m[90m TS2300: [0mDuplicate identifier 'IsNotEmpty'.

[7m131[0m   IsNotEmpty,
[7m   [0m [91m  ~~~~~~~~~~[0m
[96msrc/dtos/index.ts[0m:[93m132[0m:[93m3[0m - [91merror[0m[90m TS2300: [0mDuplicate identifier 'IsUUID'.

[7m132[0m   IsUUID,
[7m   [0m [91m  ~~~~~~[0m
[96msrc/dtos/index.ts[0m:[93m134[0m:[93m3[0m - [91merror[0m[90m TS2300: [0mDuplicate identifier 'IsString'.

[7m134[0m   IsString,
[7m   [0m [91m  ~~~~~~~~[0m
[96msrc/dtos/index.ts[0m:[93m135[0m:[93m3[0m - [91merror[0m[90m TS2300: [0mDuplicate identifier 'MaxLength'.

[7m135[0m   MaxLength,
[7m   [0m [91m  ~~~~~~~~~[0m
[96msrc/dtos/index.ts[0m:[93m137[0m:[93m3[0m - [91merror[0m[90m TS2300: [0mDuplicate identifier 'ValidateIf'.

[7m137[0m   ValidateIf,
[7m   [0m [91m  ~~~~~~~~~~[0m
[96msrc/dtos/index.ts[0m:[93m138[0m:[93m3[0m - [91merror[0m[90m TS2300: [0mDuplicate identifier 'IsOptional'.

[7m138[0m   IsOptional,
[7m   [0m [91m  ~~~~~~~~~~[0m
[96msrc/dtos/index.ts[0m:[93m139[0m:[93m3[0m - [91merror[0m[90m TS2300: [0mDuplicate identifier 'IsNumber'.

[7m139[0m   IsNumber,
[7m   [0m [91m  ~~~~~~~~[0m
[96msrc/dtos/index.ts[0m:[93m140[0m:[93m3[0m - [91merror[0m[90m TS2300: [0mDuplicate identifier 'Min'.

[7m140[0m   Min,
[7m   [0m [91m  ~~~[0m
[96msrc/dtos/index.ts[0m:[93m141[0m:[93m3[0m - [91merror[0m[90m TS2300: [0mDuplicate identifier 'Max'.

[7m141[0m   Max,
[7m   [0m [91m  ~~~[0m
[96msrc/dtos/index.ts[0m:[93m147[0m:[93m3[0m - [91merror[0m[90m TS2564: [0mProperty 'business_id' has no initializer and is not definitely assigned in the constructor.

[7m147[0m   business_id: string;
[7m   [0m [91m  ~~~~~~~~~~~[0m
[96msrc/dtos/index.ts[0m:[93m151[0m:[93m3[0m - [91merror[0m[90m TS2564: [0mProperty 'service_id' has no initializer and is not definitely assigned in the constructor.

[7m151[0m   service_id: string;
[7m   [0m [91m  ~~~~~~~~~~[0m
[96msrc/dtos/index.ts[0m:[93m155[0m:[93m3[0m - [91merror[0m[90m TS2564: [0mProperty 'start_time' has no initializer and is not definitely assigned in the constructor.

[7m155[0m   start_time: string;
[7m   [0m [91m  ~~~~~~~~~~[0m
[96msrc/dtos/index.ts[0m:[93m159[0m:[93m3[0m - [91merror[0m[90m TS2564: [0mProperty 'end_time' has no initializer and is not definitely assigned in the constructor.

[7m159[0m   end_time: string;
[7m   [0m [91m  ~~~~~~~~[0m
[96msrc/dtos/index.ts[0m:[93m170[0m:[93m23[0m - [91merror[0m[90m TS2565: [0mProperty 'end_time' is used before being assigned.

[7m170[0m     if (new Date(this.end_time) <= new Date(this.start_time)) {
[7m   [0m [91m                      ~~~~~~~~[0m
[96msrc/dtos/index.ts[0m:[93m170[0m:[93m50[0m - [91merror[0m[90m TS2565: [0mProperty 'start_time' is used before being assigned.

[7m170[0m     if (new Date(this.end_time) <= new Date(this.start_time)) {
[7m   [0m [91m                                                 ~~~~~~~~~~[0m
[96msrc/dtos/index.ts[0m:[93m174[0m:[93m23[0m - [91merror[0m[90m TS2565: [0mProperty 'start_time' is used before being assigned.

[7m174[0m     if (new Date(this.start_time) < new Date()) {
[7m   [0m [91m                      ~~~~~~~~~~[0m
[96msrc/dtos/index.ts[0m:[93m180[0m:[93m23[0m - [91merror[0m[90m TS2565: [0mProperty 'start_time' is used before being assigned.

[7m180[0m     if (new Date(this.start_time) > maxDate) {
[7m   [0m [91m                      ~~~~~~~~~~[0m
[96msrc/dtos/index.ts[0m:[93m205[0m:[93m3[0m - [91merror[0m[90m TS2564: [0mProperty 'reason' has no initializer and is not definitely assigned in the constructor.

[7m205[0m   reason: string;
[7m   [0m [91m  ~~~~~~[0m
[96msrc/dtos/index.ts[0m:[93m211[0m:[93m10[0m - [91merror[0m[90m TS2300: [0mDuplicate identifier 'IsNotEmpty'.

[7m211[0m import { IsNotEmpty, IsUUID, IsNumber, Min, Max, IsEnum } from 'class-validator';
[7m   [0m [91m         ~~~~~~~~~~[0m
[96msrc/dtos/index.ts[0m:[93m211[0m:[93m22[0m - [91merror[0m[90m TS2300: [0mDuplicate identifier 'IsUUID'.

[7m211[0m import { IsNotEmpty, IsUUID, IsNumber, Min, Max, IsEnum } from 'class-validator';
[7m   [0m [91m                     ~~~~~~[0m
[96msrc/dtos/index.ts[0m:[93m211[0m:[93m30[0m - [91merror[0m[90m TS2300: [0mDuplicate identifier 'IsNumber'.

[7m211[0m import { IsNotEmpty, IsUUID, IsNumber, Min, Max, IsEnum } from 'class-validator';
[7m   [0m [91m                             ~~~~~~~~[0m
[96msrc/dtos/index.ts[0m:[93m211[0m:[93m40[0m - [91merror[0m[90m TS2300: [0mDuplicate identifier 'Min'.

[7m211[0m import { IsNotEmpty, IsUUID, IsNumber, Min, Max, IsEnum } from 'class-validator';
[7m   [0m [91m                                       ~~~[0m
[96msrc/dtos/index.ts[0m:[93m211[0m:[93m45[0m - [91merror[0m[90m TS2300: [0mDuplicate identifier 'Max'.

[7m211[0m import { IsNotEmpty, IsUUID, IsNumber, Min, Max, IsEnum } from 'class-validator';
[7m   [0m [91m                                            ~~~[0m
[96msrc/dtos/index.ts[0m:[93m211[0m:[93m50[0m - [91merror[0m[90m TS2300: [0mDuplicate identifier 'IsEnum'.

[7m211[0m import { IsNotEmpty, IsUUID, IsNumber, Min, Max, IsEnum } from 'class-validator';
[7m   [0m [91m                                                 ~~~~~~[0m
[96msrc/dtos/index.ts[0m:[93m216[0m:[93m3[0m - [91merror[0m[90m TS2564: [0mProperty 'booking_id' has no initializer and is not definitely assigned in the constructor.

[7m216[0m   booking_id: string;
[7m   [0m [91m  ~~~~~~~~~~[0m
[96msrc/dtos/index.ts[0m:[93m222[0m:[93m3[0m - [91merror[0m[90m TS2564: [0mProperty 'amount' has no initializer and is not definitely assigned in the constructor.

[7m222[0m   amount: number; // In cents
[7m   [0m [91m  ~~~~~~[0m
[96msrc/dtos/index.ts[0m:[93m226[0m:[93m3[0m - [91merror[0m[90m TS2564: [0mProperty 'customer_id' has no initializer and is not definitely assigned in the constructor.

[7m226[0m   customer_id: string;
[7m   [0m [91m  ~~~~~~~~~~~[0m
[96msrc/dtos/index.ts[0m:[93m232[0m:[93m3[0m - [91merror[0m[90m TS2564: [0mProperty 'payment_intent_id' has no initializer and is not definitely assigned in the constructor.

[7m232[0m   payment_intent_id: string;
[7m   [0m [91m  ~~~~~~~~~~~~~~~~~[0m
[96msrc/dtos/index.ts[0m:[93m236[0m:[93m3[0m - [91merror[0m[90m TS2564: [0mProperty 'payment_method_id' has no initializer and is not definitely assigned in the constructor.

[7m236[0m   payment_method_id: string;
[7m   [0m [91m  ~~~~~~~~~~~~~~~~~[0m
[96msrc/dtos/index.ts[0m:[93m250[0m:[93m3[0m - [91merror[0m[90m TS2564: [0mProperty 'payment_id' has no initializer and is not definitely assigned in the constructor.

[7m250[0m   payment_id: string;
[7m   [0m [91m  ~~~~~~~~~~[0m
[96msrc/dtos/index.ts[0m:[93m253[0m:[93m3[0m - [91merror[0m[90m TS2564: [0mProperty 'reason' has no initializer and is not definitely assigned in the constructor.

[7m253[0m   reason: RefundReasonEnum;
[7m   [0m [91m  ~~~~~~[0m
[96msrc/dtos/index.ts[0m:[93m260[0m:[93m3[0m - [91merror[0m[90m TS2300: [0mDuplicate identifier 'IsNotEmpty'.

[7m260[0m   IsNotEmpty,
[7m   [0m [91m  ~~~~~~~~~~[0m
[96msrc/dtos/index.ts[0m:[93m261[0m:[93m3[0m - [91merror[0m[90m TS2300: [0mDuplicate identifier 'IsString'.

[7m261[0m   IsString,
[7m   [0m [91m  ~~~~~~~~[0m
[96msrc/dtos/index.ts[0m:[93m262[0m:[93m3[0m - [91merror[0m[90m TS2300: [0mDuplicate identifier 'Length'.

[7m262[0m   Length,
[7m   [0m [91m  ~~~~~~[0m
[96msrc/dtos/index.ts[0m:[93m263[0m:[93m3[0m - [91merror[0m[90m TS2300: [0mDuplicate identifier 'IsEmail'.

[7m263[0m   IsEmail,
[7m   [0m [91m  ~~~~~~~[0m
[96msrc/dtos/index.ts[0m:[93m264[0m:[93m3[0m - [91merror[0m[90m TS2300: [0mDuplicate identifier 'IsPhoneNumber'.

[7m264[0m   IsPhoneNumber,
[7m   [0m [91m  ~~~~~~~~~~~~~[0m
[96msrc/dtos/index.ts[0m:[93m265[0m:[93m3[0m - [91merror[0m[90m TS2300: [0mDuplicate identifier 'Matches'.

[7m265[0m   Matches,
[7m   [0m [91m  ~~~~~~~[0m
[96msrc/dtos/index.ts[0m:[93m266[0m:[93m3[0m - [91merror[0m[90m TS2300: [0mDuplicate identifier 'IsOptional'.

[7m266[0m   IsOptional,
[7m   [0m [91m  ~~~~~~~~~~[0m
[96msrc/dtos/index.ts[0m:[93m267[0m:[93m3[0m - [91merror[0m[90m TS2300: [0mDuplicate identifier 'MaxLength'.

[7m267[0m   MaxLength,
[7m   [0m [91m  ~~~~~~~~~[0m
[96msrc/dtos/index.ts[0m:[93m268[0m:[93m3[0m - [91merror[0m[90m TS2300: [0mDuplicate identifier 'IsEnum'.

[7m268[0m   IsEnum,
[7m   [0m [91m  ~~~~~~[0m
[96msrc/dtos/index.ts[0m:[93m287[0m:[93m3[0m - [91merror[0m[90m TS2564: [0mProperty 'name' has no initializer and is not definitely assigned in the constructor.

[7m287[0m   name: string;
[7m   [0m [91m  ~~~~[0m
[96msrc/dtos/index.ts[0m:[93m291[0m:[93m3[0m - [91merror[0m[90m TS2564: [0mProperty 'abn' has no initializer and is not definitely assigned in the constructor.

[7m291[0m   abn: string;
[7m   [0m [91m  ~~~[0m
[96msrc/dtos/index.ts[0m:[93m295[0m:[93m3[0m - [91merror[0m[90m TS2564: [0mProperty 'category' has no initializer and is not definitely assigned in the constructor.

[7m295[0m   category: BusinessCategory;
[7m   [0m [91m  ~~~~~~~~[0m
[96msrc/dtos/index.ts[0m:[93m299[0m:[93m3[0m - [91merror[0m[90m TS2564: [0mProperty 'email' has no initializer and is not definitely assigned in the constructor.

[7m299[0m   email: string;
[7m   [0m [91m  ~~~~~[0m
[96msrc/dtos/index.ts[0m:[93m303[0m:[93m3[0m - [91merror[0m[90m TS2564: [0mProperty 'phone' has no initializer and is not definitely assigned in the constructor.

[7m303[0m   phone: string;
[7m   [0m [91m  ~~~~~[0m
[96msrc/dtos/index.ts[0m:[93m317[0m:[93m3[0m - [91merror[0m[90m TS2564: [0mProperty 'suburb' has no initializer and is not definitely assigned in the constructor.

[7m317[0m   suburb: string;
[7m   [0m [91m  ~~~~~~[0m
[96msrc/dtos/index.ts[0m:[93m321[0m:[93m3[0m - [91merror[0m[90m TS2564: [0mProperty 'state' has no initializer and is not definitely assigned in the constructor.

[7m321[0m   state: string;
[7m   [0m [91m  ~~~~~[0m
[96msrc/dtos/index.ts[0m:[93m325[0m:[93m3[0m - [91merror[0m[90m TS2564: [0mProperty 'postcode' has no initializer and is not definitely assigned in the constructor.

[7m325[0m   postcode: string;
[7m   [0m [91m  ~~~~~~~~[0m
[96msrc/dtos/index.ts[0m:[93m329[0m:[93m3[0m - [91merror[0m[90m TS2564: [0mProperty 'street_address' has no initializer and is not definitely assigned in the constructor.

[7m329[0m   street_address: string;
[7m   [0m [91m  ~~~~~~~~~~~~~~[0m
[96msrc/dtos/index.ts[0m:[93m367[0m:[93m3[0m - [91merror[0m[90m TS2564: [0mProperty 'bsb' has no initializer and is not definitely assigned in the constructor.

[7m367[0m   bsb: string;
[7m   [0m [91m  ~~~[0m
[96msrc/dtos/index.ts[0m:[93m371[0m:[93m3[0m - [91merror[0m[90m TS2564: [0mProperty 'account_number' has no initializer and is not definitely assigned in the constructor.

[7m371[0m   account_number: string;
[7m   [0m [91m  ~~~~~~~~~~~~~~[0m
[96msrc/dtos/index.ts[0m:[93m376[0m:[93m3[0m - [91merror[0m[90m TS2564: [0mProperty 'account_holder_name' has no initializer and is not definitely assigned in the constructor.

[7m376[0m   account_holder_name: string;
[7m   [0m [91m  ~~~~~~~~~~~~~~~~~~~[0m
[96msrc/dtos/index.ts[0m:[93m383[0m:[93m3[0m - [91merror[0m[90m TS2300: [0mDuplicate identifier 'IsNotEmpty'.

[7m383[0m   IsNotEmpty,
[7m   [0m [91m  ~~~~~~~~~~[0m
[96msrc/dtos/index.ts[0m:[93m384[0m:[93m3[0m - [91merror[0m[90m TS2300: [0mDuplicate identifier 'IsUUID'.

[7m384[0m   IsUUID,
[7m   [0m [91m  ~~~~~~[0m
[96msrc/dtos/index.ts[0m:[93m385[0m:[93m3[0m - [91merror[0m[90m TS2300: [0mDuplicate identifier 'IsNumber'.

[7m385[0m   IsNumber,
[7m   [0m [91m  ~~~~~~~~[0m
[96msrc/dtos/index.ts[0m:[93m386[0m:[93m3[0m - [91merror[0m[90m TS2300: [0mDuplicate identifier 'Min'.

[7m386[0m   Min,
[7m   [0m [91m  ~~~[0m
[96msrc/dtos/index.ts[0m:[93m387[0m:[93m3[0m - [91merror[0m[90m TS2300: [0mDuplicate identifier 'Max'.

[7m387[0m   Max,
[7m   [0m [91m  ~~~[0m
[96msrc/dtos/index.ts[0m:[93m388[0m:[93m3[0m - [91merror[0m[90m TS2300: [0mDuplicate identifier 'IsString'.

[7m388[0m   IsString,
[7m   [0m [91m  ~~~~~~~~[0m
[96msrc/dtos/index.ts[0m:[93m389[0m:[93m3[0m - [91merror[0m[90m TS2300: [0mDuplicate identifier 'MaxLength'.

[7m389[0m   MaxLength,
[7m   [0m [91m  ~~~~~~~~~[0m
[96msrc/dtos/index.ts[0m:[93m390[0m:[93m3[0m - [91merror[0m[90m TS2300: [0mDuplicate identifier 'IsOptional'.

[7m390[0m   IsOptional,
[7m   [0m [91m  ~~~~~~~~~~[0m
[96msrc/dtos/index.ts[0m:[93m396[0m:[93m3[0m - [91merror[0m[90m TS2564: [0mProperty 'booking_id' has no initializer and is not definitely assigned in the constructor.

[7m396[0m   booking_id: string;
[7m   [0m [91m  ~~~~~~~~~~[0m
[96msrc/dtos/index.ts[0m:[93m402[0m:[93m3[0m - [91merror[0m[90m TS2564: [0mProperty 'rating' has no initializer and is not definitely assigned in the constructor.

[7m402[0m   rating: number;
[7m   [0m [91m  ~~~~~~[0m
[96msrc/dtos/index.ts[0m:[93m407[0m:[93m3[0m - [91merror[0m[90m TS2564: [0mProperty 'text' has no initializer and is not definitely assigned in the constructor.

[7m407[0m   text: string;
[7m   [0m [91m  ~~~~[0m
[96msrc/dtos/index.ts[0m:[93m426[0m:[93m10[0m - [91merror[0m[90m TS2300: [0mDuplicate identifier 'ValidationPipe'.

[7m426[0m import { ValidationPipe } from '@nestjs/common';
[7m   [0m [91m         ~~~~~~~~~~~~~~[0m
[96msrc/dtos/index.ts[0m:[93m429[0m:[93m21[0m - [91merror[0m[90m TS2304: [0mCannot find name 'NestFactory'.

[7m429[0m   const app = await NestFactory.create(AppModule);
[7m   [0m [91m                    ~~~~~~~~~~~[0m
[96msrc/dtos/index.ts[0m:[93m429[0m:[93m40[0m - [91merror[0m[90m TS2304: [0mCannot find name 'AppModule'.

[7m429[0m   const app = await NestFactory.create(AppModule);
[7m   [0m [91m                                       ~~~~~~~~~[0m
[96msrc/dtos/index.ts[0m:[93m455[0m:[93m3[0m - [91merror[0m[90m TS2300: [0mDuplicate identifier 'BadRequestException'.

[7m455[0m   BadRequestException,
[7m   [0m [91m  ~~~~~~~~~~~~~~~~~~~[0m
[96msrc/dtos/index.ts[0m:[93m500[0m:[93m1[0m - [91merror[0m[90m TS2304: [0mCannot find name 'app'.

[7m500[0m app.useGlobalFilters(new ValidationExceptionFilter());
[7m   [0m [91m~~~[0m
[96msrc/main.ts[0m:[93m3[0m:[93m48[0m - [91merror[0m[90m TS2307: [0mCannot find module '@nestjs/swagger' or its corresponding type declarations.

[7m3[0m import { SwaggerModule, DocumentBuilder } from '@nestjs/swagger';
[7m [0m [91m                                               ~~~~~~~~~~~~~~~~~[0m
[96msrc/main.ts[0m:[93m38[0m:[93m12[0m - [91merror[0m[90m TS7006: [0mParameter 'req' implicitly has an 'any' type.

[7m38[0m   app.use((req, res, next) => {
[7m  [0m [91m           ~~~[0m
[96msrc/main.ts[0m:[93m38[0m:[93m17[0m - [91merror[0m[90m TS7006: [0mParameter 'res' implicitly has an 'any' type.

[7m38[0m   app.use((req, res, next) => {
[7m  [0m [91m                ~~~[0m
[96msrc/main.ts[0m:[93m38[0m:[93m22[0m - [91merror[0m[90m TS7006: [0mParameter 'next' implicitly has an 'any' type.

[7m38[0m   app.use((req, res, next) => {
[7m  [0m [91m                     ~~~~[0m
[96msrc/main.ts[0m:[93m65[0m:[93m22[0m - [91merror[0m[90m TS2769: [0mNo overload matches this call.
  Overload 1 of 4, '(typeOrToken: string | symbol | Function | Type<any>, options: { strict?: boolean | undefined; each?: false | undefined; }): any', gave the following error.
    Type '() => { status: string; timestamp: string; }' has no properties in common with type '{ strict?: boolean | undefined; each?: false | undefined; }'.
  Overload 2 of 4, '(typeOrToken: string | symbol | Function | Type<any>, options: { strict?: boolean | undefined; each: true; }): any[]', gave the following error.
    Argument of type '() => { status: string; timestamp: string; }' is not assignable to parameter of type '{ strict?: boolean | undefined; each: true; }'.
  Overload 3 of 4, '(typeOrToken: string | symbol | Function | Type<any>, options?: GetOrResolveOptions | undefined): any', gave the following error.
    Type '() => { status: string; timestamp: string; }' has no properties in common with type 'GetOrResolveOptions'.

[7m65[0m   app.get('/health', () => ({ status: 'ok', timestamp: new Date().toISOString() }));
[7m  [0m [91m                     ~~~~~~~~~~~~~~~~~~~~~~~~~~~~~~~~~~~~~~~~~~~~~~~~~~~~~~~~~~~~~[0m

[96msrc/main.ts[0m:[93m66[0m:[93m25[0m - [91merror[0m[90m TS2769: [0mNo overload matches this call.
  Overload 1 of 4, '(typeOrToken: string | symbol | Function | Type<any>, options: { strict?: boolean | undefined; each?: false | undefined; }): any', gave the following error.
    Type '() => Promise<{ status: string; service: string; }>' has no properties in common with type '{ strict?: boolean | undefined; each?: false | undefined; }'.
  Overload 2 of 4, '(typeOrToken: string | symbol | Function | Type<any>, options: { strict?: boolean | undefined; each: true; }): any[]', gave the following error.
    Argument of type '() => Promise<{ status: string; service: string; }>' is not assignable to parameter of type '{ strict?: boolean | undefined; each: true; }'.
  Overload 3 of 4, '(typeOrToken: string | symbol | Function | Type<any>, options?: GetOrResolveOptions | undefined): any', gave the following error.
    Type '() => Promise<{ status: string; service: string; }>' has no properties in common with type 'GetOrResolveOptions'.

[7m66[0m   app.get('/health/db', async () => {
[7m  [0m [91m                        ~~~~~~~~~~~~~[0m

[96msrc/modules/admin/admin.controller.ts[0m:[93m10[0m:[93m30[0m - [91merror[0m[90m TS2307: [0mCannot find module '../../auth/jwt-auth.guard' or its corresponding type declarations.

[7m10[0m import { JwtAuthGuard } from '../../auth/jwt-auth.guard';
[7m  [0m [91m                             ~~~~~~~~~~~~~~~~~~~~~~~~~~~[0m
[96msrc/modules/admin/admin.controller.ts[0m:[93m11[0m:[93m28[0m - [91merror[0m[90m TS2307: [0mCannot find module '../../auth/roles.guard' or its corresponding type declarations.

[7m11[0m import { RolesGuard } from '../../auth/roles.guard';
[7m  [0m [91m                           ~~~~~~~~~~~~~~~~~~~~~~~~[0m
[96msrc/modules/admin/admin.controller.ts[0m:[93m12[0m:[93m23[0m - [91merror[0m[90m TS2307: [0mCannot find module '../../auth/roles.decorator' or its corresponding type declarations.

[7m12[0m import { Roles } from '../../auth/roles.decorator';
[7m  [0m [91m                      ~~~~~~~~~~~~~~~~~~~~~~~~~~~~[0m
[96msrc/modules/admin/admin.controller.ts[0m:[93m32[0m:[93m23[0m - [91merror[0m[90m TS2339: [0mProperty 'phone_number' does not exist on type 'UserEntity'.

[7m32[0m         phone: b.user.phone_number,
[7m  [0m [91m                      ~~~~~~~~~~~~[0m
[96msrc/modules/admin/admin.controller.ts[0m:[93m50[0m:[93m30[0m - [91merror[0m[90m TS2339: [0mProperty 'phone_number' does not exist on type 'UserEntity'.

[7m50[0m         phone: business.user.phone_number,
[7m  [0m [91m                             ~~~~~~~~~~~~[0m
[96msrc/modules/admin/admin.controller.ts[0m:[93m58[0m:[93m25[0m - [91merror[0m[90m TS2339: [0mProperty 'website' does not exist on type 'BusinessEntity'.

[7m58[0m       website: business.website,
[7m  [0m [91m                        ~~~~~~~[0m
[96msrc/modules/admin/admin.controller.ts[0m:[93m59[0m:[93m35[0m - [91merror[0m[90m TS2551: [0mProperty 'service_radius_km' does not exist on type 'BusinessEntity'. Did you mean 'service_radius'?

[7m59[0m       service_radius_km: business.service_radius_km,
[7m  [0m [91m                                  ~~~~~~~~~~~~~~~~~[0m

  [96msrc/common/entities/business.entity.ts[0m:[93m55[0m:[93m3[0m
    [7m55[0m   service_radius!: number;
    [7m  [0m [96m  ~~~~~~~~~~~~~~[0m
    'service_radius' is declared here.
[96msrc/modules/admin/admin.controller.ts[0m:[93m62[0m:[93m17[0m - [91merror[0m[90m TS2339: [0mProperty 'service_name' does not exist on type 'BusinessServiceEntity'.

[7m62[0m         name: s.service_name,
[7m  [0m [91m                ~~~~~~~~~~~~[0m
[96msrc/modules/admin/admin.controller.ts[0m:[93m63[0m:[93m24[0m - [91merror[0m[90m TS2339: [0mProperty 'hourly_rate' does not exist on type 'BusinessServiceEntity'.

[7m63[0m         hourly_rate: s.hourly_rate,
[7m  [0m [91m                       ~~~~~~~~~~~[0m
[96msrc/modules/admin/admin.controller.ts[0m:[93m65[0m:[93m23[0m - [91merror[0m[90m TS2339: [0mProperty 'hours' does not exist on type 'BusinessEntity'.

[7m65[0m       hours: business.hours.map((h) => ({
[7m  [0m [91m                      ~~~~~[0m
[96msrc/modules/admin/admin.controller.ts[0m:[93m65[0m:[93m34[0m - [91merror[0m[90m TS7006: [0mParameter 'h' implicitly has an 'any' type.

[7m65[0m       hours: business.hours.map((h) => ({
[7m  [0m [91m                                 ~[0m
[96msrc/modules/admin/admin.controller.ts[0m:[93m76[0m:[93m25[0m - [91merror[0m[90m TS2339: [0mProperty 'banking_details' does not exist on type 'BusinessEntity'.

[7m76[0m       banking: business.banking_details
[7m  [0m [91m                        ~~~~~~~~~~~~~~~[0m
[96msrc/modules/admin/admin.controller.ts[0m:[93m78[0m:[93m36[0m - [91merror[0m[90m TS2339: [0mProperty 'banking_details' does not exist on type 'BusinessEntity'.

[7m78[0m             account_name: business.banking_details.account_name,
[7m  [0m [91m                                   ~~~~~~~~~~~~~~~[0m
[96msrc/modules/admin/admin.controller.ts[0m:[93m79[0m:[93m27[0m - [91merror[0m[90m TS2339: [0mProperty 'banking_details' does not exist on type 'BusinessEntity'.

[7m79[0m             bsb: business.banking_details.bsb,
[7m  [0m [91m                          ~~~~~~~~~~~~~~~[0m
[96msrc/modules/admin/admin.controller.ts[0m:[93m80[0m:[93m38[0m - [91merror[0m[90m TS2339: [0mProperty 'banking_details' does not exist on type 'BusinessEntity'.

[7m80[0m             account_number: business.banking_details.account_number,
[7m  [0m [91m                                     ~~~~~~~~~~~~~~~[0m
[96msrc/modules/admin/admin.controller.ts[0m:[93m81[0m:[93m35[0m - [91merror[0m[90m TS2339: [0mProperty 'banking_details' does not exist on type 'BusinessEntity'.

[7m81[0m             is_verified: business.banking_details.is_verified,
[7m  [0m [91m                                  ~~~~~~~~~~~~~~~[0m
[96msrc/modules/admin/admin.controller.ts[0m:[93m102[0m:[93m28[0m - [91merror[0m[90m TS2339: [0mProperty 'approved_at' does not exist on type 'BusinessEntity'.

[7m102[0m       approvedAt: business.approved_at,
[7m   [0m [91m                           ~~~~~~~~~~~[0m
[96msrc/modules/admin/admin.controller.ts[0m:[93m123[0m:[93m33[0m - [91merror[0m[90m TS2339: [0mProperty 'approval_notes' does not exist on type 'BusinessEntity'.

[7m123[0m       rejectionReason: business.approval_notes,
[7m   [0m [91m                                ~~~~~~~~~~~~~~[0m
[96msrc/modules/admin/admin.controller.ts[0m:[93m124[0m:[93m28[0m - [91merror[0m[90m TS2339: [0mProperty 'rejected_at' does not exist on type 'BusinessEntity'.

[7m124[0m       rejectedAt: business.rejected_at,
[7m   [0m [91m                           ~~~~~~~~~~~[0m
[96msrc/modules/admin/admin.controller.ts[0m:[93m145[0m:[93m28[0m - [91merror[0m[90m TS2339: [0mProperty 'phone_number' does not exist on type 'UserEntity'.

[7m145[0m         ownerPhone: b.user.phone_number,
[7m   [0m [91m                           ~~~~~~~~~~~~[0m
[96msrc/modules/auth/password-reset.service.ts[0m:[93m4[0m:[93m22[0m - [91merror[0m[90m TS2300: [0mDuplicate identifier 'BadRequestException'.

[7m4[0m import { Injectable, BadRequestException, NotFoundException, UnauthorizedException, Logger } from '@nestjs/common';
[7m [0m [91m                     ~~~~~~~~~~~~~~~~~~~[0m
[96msrc/modules/auth/password-reset.service.ts[0m:[93m9[0m:[93m10[0m - [91merror[0m[90m TS2395: [0mIndividual declarations in merged declaration 'UserEntity' must be all exported or all local.

[7m9[0m import { UserEntity } from '../../common/entities/user.entity';
[7m [0m [91m         ~~~~~~~~~~[0m
[96msrc/modules/auth/password-reset.service.ts[0m:[93m9[0m:[93m10[0m - [91merror[0m[90m TS2440: [0mImport declaration conflicts with local declaration of 'UserEntity'.

[7m9[0m import { UserEntity } from '../../common/entities/user.entity';
[7m [0m [91m         ~~~~~~~~~~[0m
[96msrc/modules/auth/password-reset.service.ts[0m:[93m11[0m:[93m30[0m - [91merror[0m[90m TS2307: [0mCannot find module '../common/services/audit.service' or its corresponding type declarations.

[7m11[0m import { AuditService } from '../common/services/audit.service';
[7m  [0m [91m                             ~~~~~~~~~~~~~~~~~~~~~~~~~~~~~~~~~~[0m
[96msrc/modules/auth/password-reset.service.ts[0m:[93m21[0m:[93m23[0m - [91merror[0m[90m TS2449: [0mClass 'UserEntity' used before its declaration.

[7m21[0m     @InjectRepository(UserEntity)
[7m  [0m [91m                      ~~~~~~~~~~[0m

  [96msrc/modules/auth/password-reset.service.ts[0m:[93m279[0m:[93m14[0m
    [7m279[0m export class UserEntity {
    [7m   [0m [96m             ~~~~~~~~~~[0m
    'UserEntity' is declared here.
[96msrc/modules/auth/password-reset.service.ts[0m:[93m73[0m:[93m11[0m - [91merror[0m[90m TS2353: [0mObject literal may only specify known properties, and 'reset_token_hash' does not exist in type '_QueryDeepPartialEntity<UserEntity>'.

[7m73[0m           reset_token_hash: resetTokenHash,
[7m  [0m [91m          ~~~~~~~~~~~~~~~~[0m
[96msrc/modules/auth/password-reset.service.ts[0m:[93m102[0m:[93m46[0m - [91merror[0m[90m TS18046: [0m'error' is of type 'unknown'.

[7m102[0m         `Password reset initiation failed: ${error.message}`,
[7m   [0m [91m                                             ~~~~~[0m
[96msrc/modules/auth/password-reset.service.ts[0m:[93m103[0m:[93m9[0m - [91merror[0m[90m TS18046: [0m'error' is of type 'unknown'.

[7m103[0m         error.stack,
[7m   [0m [91m        ~~~~~[0m
[96msrc/modules/auth/password-reset.service.ts[0m:[93m139[0m:[93m17[0m - [91merror[0m[90m TS2339: [0mProperty 'reset_token_hash' does not exist on type 'UserEntity'.

[7m139[0m       if (!user.reset_token_hash) {
[7m   [0m [91m                ~~~~~~~~~~~~~~~~[0m
[96msrc/modules/auth/password-reset.service.ts[0m:[93m151[0m:[93m17[0m - [91merror[0m[90m TS2339: [0mProperty 'reset_token_expires_at' does not exist on type 'UserEntity'.

[7m151[0m       if (!user.reset_token_expires_at || new Date() > user.reset_token_expires_at) {
[7m   [0m [91m                ~~~~~~~~~~~~~~~~~~~~~~[0m
[96msrc/modules/auth/password-reset.service.ts[0m:[93m151[0m:[93m61[0m - [91merror[0m[90m TS2339: [0mProperty 'reset_token_expires_at' does not exist on type 'UserEntity'.

[7m151[0m       if (!user.reset_token_expires_at || new Date() > user.reset_token_expires_at) {
[7m   [0m [91m                                                            ~~~~~~~~~~~~~~~~~~~~~~[0m
[96msrc/modules/auth/password-reset.service.ts[0m:[93m156[0m:[93m13[0m - [91merror[0m[90m TS2353: [0mObject literal may only specify known properties, and 'reset_token_hash' does not exist in type '_QueryDeepPartialEntity<UserEntity>'.

[7m156[0m             reset_token_hash: null,
[7m   [0m [91m            ~~~~~~~~~~~~~~~~[0m
[96msrc/modules/auth/password-reset.service.ts[0m:[93m166[0m:[93m29[0m - [91merror[0m[90m TS2339: [0mProperty 'reset_token_expires_at' does not exist on type 'UserEntity'.

[7m166[0m             expiredAt: user.reset_token_expires_at?.toISOString(),
[7m   [0m [91m                            ~~~~~~~~~~~~~~~~~~~~~~[0m
[96msrc/modules/auth/password-reset.service.ts[0m:[93m175[0m:[93m61[0m - [91merror[0m[90m TS2339: [0mProperty 'reset_token_hash' does not exist on type 'UserEntity'.

[7m175[0m       const isTokenValid = await bcrypt.compare(token, user.reset_token_hash);
[7m   [0m [91m                                                            ~~~~~~~~~~~~~~~~[0m
[96msrc/modules/auth/password-reset.service.ts[0m:[93m196[0m:[93m11[0m - [91merror[0m[90m TS2353: [0mObject literal may only specify known properties, and 'password' does not exist in type '_QueryDeepPartialEntity<UserEntity>'.

[7m196[0m           password: hashedPassword,
[7m   [0m [91m          ~~~~~~~~[0m
[96msrc/modules/auth/password-reset.service.ts[0m:[93m221[0m:[93m51[0m - [91merror[0m[90m TS18046: [0m'error' is of type 'unknown'.

[7m221[0m       this.logger.error(`Password reset failed: ${error.message}`, error.stack);
[7m   [0m [91m                                                  ~~~~~[0m
[96msrc/modules/auth/password-reset.service.ts[0m:[93m221[0m:[93m68[0m - [91merror[0m[90m TS18046: [0m'error' is of type 'unknown'.

[7m221[0m       this.logger.error(`Password reset failed: ${error.message}`, error.stack);
[7m   [0m [91m                                                                   ~~~~~[0m
[96msrc/modules/auth/password-reset.service.ts[0m:[93m257[0m:[93m32[0m - [91merror[0m[90m TS2339: [0mProperty 'sendPasswordResetEmail' does not exist on type 'SendGridService'.

[7m257[0m     await this.sendGridService.sendPasswordResetEmail(
[7m   [0m [91m                               ~~~~~~~~~~~~~~~~~~~~~~[0m
[96msrc/modules/auth/password-reset.service.ts[0m:[93m269[0m:[93m32[0m - [91merror[0m[90m TS2339: [0mProperty 'sendPasswordResetConfirmationEmail' does not exist on type 'SendGridService'.

[7m269[0m     await this.sendGridService.sendPasswordResetConfirmationEmail(
[7m   [0m [91m                               ~~~~~~~~~~~~~~~~~~~~~~~~~~~~~~~~~~[0m
[96msrc/modules/auth/password-reset.service.ts[0m:[93m279[0m:[93m14[0m - [91merror[0m[90m TS2395: [0mIndividual declarations in merged declaration 'UserEntity' must be all exported or all local.

[7m279[0m export class UserEntity {
[7m   [0m [91m             ~~~~~~~~~~[0m
[96msrc/modules/auth/password-reset.service.ts[0m:[93m283[0m:[93m3[0m - [91merror[0m[90m TS2564: [0mProperty 'reset_token_hash' has no initializer and is not definitely assigned in the constructor.

[7m283[0m   reset_token_hash: string; // Bcrypt hash of reset token (not plaintext!)
[7m   [0m [91m  ~~~~~~~~~~~~~~~~[0m
[96msrc/modules/auth/password-reset.service.ts[0m:[93m287[0m:[93m3[0m - [91merror[0m[90m TS2564: [0mProperty 'reset_token_expires_at' has no initializer and is not definitely assigned in the constructor.

[7m287[0m   reset_token_expires_at: Date; // Expiry time (15 minutes from creation)
[7m   [0m [91m  ~~~~~~~~~~~~~~~~~~~~~~[0m
[96msrc/modules/auth/password-reset.service.ts[0m:[93m290[0m:[93m3[0m - [91Found 925 error(s).

